--------- beginning of system
11-13 14:15:54.646  1452  1452 I chatty  : uid=1000 system_server expire 6 lines
11-13 14:15:54.646  1452  1452 D NotificationService: 0|com.android.vending|-56862258|null|10064: updating permissions
11-13 14:59:58.729  1452  6655 D ActivityManager: AMS onShellCommand CallingPid=28280 ,callingUid=2000 ,PackageName=android.uid.shell:2000.Starting command :start -n com.EpicGames.AndroidQuickStart/com.epicgames.ue4.SplashActivity 
--------- beginning of main
11-13 14:59:58.731  1452  6655 E ActivityManager: Sending non-protected broadcast com.vivo.abe.third.lifecontrol from system uid 1000 pkg null
11-13 14:59:58.732  1452  6655 E ActivityManager: Sending non-protected broadcast com.vivo.abe.third.lifecontrol from system uid 1000 pkg null
11-13 14:59:58.732  1452  6655 I ActivityManager: START u0 {flg=0x10000000 cmp=com.EpicGames.AndroidQuickStart/com.epicgames.ue4.SplashActivity} from uid 2000 ,pid 28280
11-13 14:59:58.733  2615  3910 I SLService1: ActivityController mIsAndroidN_VivoMultiWindow = true, mIsMultiWindowOn = false
11-13 14:59:58.733  2615  3910 I SLService1: [Monitor]1--------[com.iqoo.secure] t [com.EpicGames.AndroidQuickStart] f [com.google.android.setupwizard]
11-13 14:59:58.733  2615  3910 I SLService1: HAHA1 >>>> true <<<<
11-13 14:59:58.734  2615  3910 D SLService: optionsFromCallbacks = null
11-13 14:59:58.735  1452  6655 D ActivityManager: startActivity intent = {flg=0x10000000 cmp=com.EpicGames.AndroidQuickStart/com.epicgames.ue4.SplashActivity}, userid : 0
11-13 14:59:58.736  1452  6655 V ActivityManager: setActivityType ActivityRecord{412a6e4 u0 com.EpicGames.AndroidQuickStart/com.epicgames.ue4.SplashActivity d-1 s-1 t-1} packageName=com.EpicGames.AndroidQuickStart realActivity=com.EpicGames.AndroidQuickStart/com.epicgames.ue4.SplashActivity info.resizeMode=6
11-13 14:59:58.736  1452  6655 D VivoStack: *****startActivityUnchecked display-0 ,r: ActivityRecord{412a6e4 u0 com.EpicGames.AndroidQuickStart/com.epicgames.ue4.SplashActivity d-1 s-1 t-1}
11-13 14:59:58.736  1452  6655 D VivoStack: startFlags:0 ,doResume:true ,inTask:null ,intent: Intent { flg=0x10000000 cmp=com.EpicGames.AndroidQuickStart/com.epicgames.ue4.SplashActivity } ,focusDisplay: 0
11-13 14:59:58.736  1452  6655 E ANDR-PERF-JNI: com_qualcomm_qtiperformance_native_perf_io_prefetch_start
11-13 14:59:58.736   708   708 E ANDR-IOP: IOP HAL: Received pkg_name = com.EpicGames.AndroidQuickStart pid = -1
11-13 14:59:58.737  1452  6655 D VivoStack: sourceRecord : null
11-13 14:59:58.737  1452  6655 D VivoStack: startActivity : ActivityRecord{412a6e4 u0 com.EpicGames.AndroidQuickStart/com.epicgames.ue4.SplashActivity d-1 s-1 t-1}
11-13 14:59:58.737  1452  6655 D VivoStack: launchFlag : 10000000
11-13 14:59:58.737  1452  6655 D VivoStack: inTask : null
11-13 14:59:58.737  1452  6655 D VivoStack: reuseTask : null
11-13 14:59:58.737  1452  6655 D VivoStack: dddingToTask : false
11-13 14:59:58.740   708   748 E ANDR-IOP: io prefetch is disabled
11-13 14:59:58.741  1452  6655 V VivoBaseDisplayContent:  updateDockBackground bForceShow=false divider_bg_enable=true bShowBg=false mForceShowFlag=false isVivoDockedDividerResizing=false topStack={stackId=32 tasks=[]} splitScreenPrimaryStack=null topSecondaryStack=null appBounds=null
11-13 14:59:58.741  1452  6655 D VivoStack: <======getLaunchStack originStack : ActivityStack{c2fb202 displayId=0 stackId=32 type=standard mode=fullscreen visible=false translucent=true, 0 tasks}
11-13 14:59:58.741  1452  6655 D VivoStack: launchDisplayId : -1
11-13 14:59:58.741  1452  6655 D VivoStack: ======>getLaunchStack returnStack : ActivityStack{c2fb202 displayId=0 stackId=32 type=standard mode=fullscreen visible=false translucent=true, 0 tasks}
11-13 14:59:58.741  1452  6655 D VivoStack: <======computeStackFocus originStack : ActivityStack{c2fb202 displayId=0 stackId=32 type=standard mode=fullscreen visible=false translucent=true, 0 tasks}
11-13 14:59:58.741  1452  6655 D VivoStack: launchDisplayId : -1
11-13 14:59:58.741  1452  6655 D VivoStack: ======>computeStackFocus returnStack : ActivityStack{c2fb202 displayId=0 stackId=32 type=standard mode=fullscreen visible=false translucent=true, 0 tasks}
11-13 14:59:58.742  1452  6655 V VivoBaseDisplayContent:  updateDockBackground bForceShow=false divider_bg_enable=true bShowBg=false mForceShowFlag=false isVivoDockedDividerResizing=false topStack={stackId=32 tasks=[{taskId=264 appTokens=[] mdr=false}]} splitScreenPrimaryStack=null topSecondaryStack=null appBounds=null
11-13 14:59:58.743  1452  1514 D EPM     : reportEventWithMap eventType=2001 timestamp=5291815content=jank_type=3 uid=10227 stack=32 package=com.EpicGames.AndroidQuickStart activity=com.epicgames.ue4.SplashActivity cool=1
11-13 14:59:58.743  1452  1911 D JEPH    : handleExceptionEvent: data = EventData{type=2001, timestamp=5291815, message='null', content=jank_type=3 uid=10227 stack=32 package=com.EpicGames.AndroidQuickStart activity=com.epicgames.ue4.SplashActivity cool=1, isStringMessage=false}
11-13 14:59:58.743  1452  6655 D VivoStack: setTaskFromReuseOrCreateNewTask result : 0
11-13 14:59:58.744  1452  6655 V VivoBaseDisplayContent:  updateDockBackground bForceShow=false divider_bg_enable=true bShowBg=false mForceShowFlag=false isVivoDockedDividerResizing=false topStack={stackId=32 tasks=[{taskId=264 appTokens=[] mdr=false}]} splitScreenPrimaryStack=null topSecondaryStack=null appBounds=null
11-13 14:59:58.745  1452  6655 D ActivityTrigger: activityStartTrigger: Activity is Triggerred in full screen ApplicationInfo{6707b49 com.EpicGames.AndroidQuickStart}
11-13 14:59:58.745  1452  6655 E ActivityTrigger: activityStartTrigger: not whiteListedcom.EpicGames.AndroidQuickStart/com.epicgames.ue4.SplashActivity/1
11-13 14:59:58.745  1452  6655 D CompatibilityInfo: mCompatibilityFlags - 10
11-13 14:59:58.745  1452  6655 D CompatibilityInfo: applicationDensity - 480
11-13 14:59:58.745  1452  6655 D CompatibilityInfo: applicationScale - 1.0
11-13 14:59:58.745  1452  6655 D ActivityTrigger: activityResumeTrigger: The activity in ApplicationInfo{6707b49 com.EpicGames.AndroidQuickStart} is now in focus and seems to be in full-screen mode
11-13 14:59:58.745  1452  6655 E ActivityTrigger: activityResumeTrigger: not whiteListedcom.EpicGames.AndroidQuickStart/com.epicgames.ue4.SplashActivity/1
11-13 14:59:58.748  1452  6655 D VivoStack: handleNonResizableTaskIfNeeded isSecondaryDisplayPreferred : false
11-13 14:59:58.748  1452  6655 V VivoBaseDisplayContent:  updateDockBackground bForceShow=false divider_bg_enable=true bShowBg=false mForceShowFlag=false isVivoDockedDividerResizing=false topStack={stackId=32 tasks=[{taskId=264 appTokens=[AppWindowToken{dc54d50 token=Token{8179713 ActivityRecord{412a6e4 u0 com.EpicGames.AndroidQuickStart/com.epicgames.ue4.SplashActivity d0 s32 t264}}}] mdr=false}]} splitScreenPrimaryStack=null topSecondaryStack=null appBounds=null
11-13 14:59:58.751   735   735 I SurfaceFlinger: FPS: 1
11-13 14:59:58.759 28287 28287 I droidQuickStar: Late-enabling -Xcheck:jni
11-13 14:59:58.761  1452  1511 I ActivityManager: Start proc 28287:com.EpicGames.AndroidQuickStart/u0a227 for activity com.EpicGames.AndroidQuickStart/com.epicgames.ue4.SplashActivity
11-13 14:59:58.761  1452  1511 I RatioControllerUtils: addApplicationInfo, pid = 28287, cost = 0
11-13 14:59:58.772 18601 18601 W HiBoard.MainView: not triggered by scroll in, ignore it
11-13 14:59:58.772 18601 18601 D yuan    : onVisibilityChanged----android.widget.ListView{647565f V.ED..... ......I. 0,0-0,0 #7f070019 app:id/card_list}
11-13 14:59:58.772 18601 18601 D yuan    : onVisibilityChanged----android.widget.GridView{9d9633d VFED..C.. ......I. 0,0-0,0 #7f070057 app:id/favorite_apps_gridview}
11-13 14:59:58.772 18601 18601 D yuan    : onVisibilityChanged----android.widget.GridView{a527c83 V.ED..C.. ......I. 0,0-0,0 #7f0700b0 app:id/popular_searches_gridview}
11-13 14:59:58.772 18601 18601 D yuan    : onVisibilityChanged----com.vivo.globalsearch.view.AnimPinnedHeaderListView{f7df639 VFED.VC.. ......I. 0,0-0,0 #7f07008c app:id/listview}
11-13 14:59:58.785  1452  1771 V VivoBaseDisplayContent:  updateDockBackground bForceShow=false divider_bg_enable=true bShowBg=false mForceShowFlag=false isVivoDockedDividerResizing=false topStack={stackId=32 tasks=[{taskId=264 appTokens=[AppWindowToken{dc54d50 token=Token{8179713 ActivityRecord{412a6e4 u0 com.EpicGames.AndroidQuickStart/com.epicgames.ue4.SplashActivity d0 s32 t264}}}] mdr=false}]} splitScreenPrimaryStack=null topSecondaryStack=null appBounds=null
11-13 14:59:58.788  1452  6655 D CompatibilityInfo: mCompatibilityFlags - 10
11-13 14:59:58.788  1452  6655 D CompatibilityInfo: applicationDensity - 480
11-13 14:59:58.788  1452  6655 D CompatibilityInfo: applicationScale - 1.0
11-13 14:59:58.789  1452  6655 D CompatibilityInfo: mCompatibilityFlags - 10
11-13 14:59:58.789  1452  6655 D CompatibilityInfo: applicationDensity - 480
11-13 14:59:58.789  1452  6655 D CompatibilityInfo: applicationScale - 1.0
11-13 14:59:58.790  1452  6655 V WindowManager: updateOrientationFromAppTokensLocked:forceUpdate=true displayId=0 req=5 dc.getLastOrientation()=5 isInVivoMultiWindowIgnoreVisibility()=false mVivoPauseRotationFlag=false mDeferredRotationPauseCount=0 bVivoForceUpdateValid=true
11-13 14:59:58.791  1452  6655 I RatioControllerUtils: addDisplayId, pid = 28287, displayId = 0, reason = ensureConfig:Intent { flg=0x10000000 cmp=com.EpicGames.AndroidQuickStart/com.epicgames.ue4.SplashActivity }
11-13 14:59:58.791  1452  1452 I FaceMultiDisplay: onDisplayChanged displayId is:0
11-13 14:59:58.794  2615  2615 I NightPearlService: mDisplayListener displayId 0 change state to OFF visible false isDisplayReceiveDoze false
11-13 14:59:58.794  1452  1528 I InputManager-JNI: Viewport [1] to add: local:secondary
11-13 14:59:58.794 10415 10501 I TransitionManager: MultiDisplay_BackTool|display state changed: 0 OFF
11-13 14:59:58.796  8040  8040 I FtDeviceUtil: onDefaultDisplayChanged displayId :0 rotation : 0
11-13 14:59:58.796  8040  8040 I FtDeviceUtil: initKeyboardSize getCurrentRotation rotation ：0
11-13 14:59:58.796  1452  6655 D CompatibilityInfo: mCompatibilityFlags - 10
11-13 14:59:58.796  1452  6655 D CompatibilityInfo: applicationDensity - 480
11-13 14:59:58.796  1452  6655 D CompatibilityInfo: applicationScale - 1.0
11-13 14:59:58.796  1452  1818 I InputReader: Reconfiguring input devices.  changes=0x00000004
11-13 14:59:58.796  1452  6655 I RatioControllerUtils: addDisplayId, pid = 28287, displayId = 0, reason = launch:Intent { flg=0x10000000 cmp=com.EpicGames.AndroidQuickStart/com.epicgames.ue4.SplashActivity }
11-13 14:59:58.797  1452  6655 I RatioControllerUtils: addDisplayId, pid = 28287, displayId = 0, reason = ensureConfig:Intent { flg=0x10000000 cmp=com.EpicGames.AndroidQuickStart/com.epicgames.ue4.SplashActivity }
11-13 14:59:58.798  1452  6655 D ActivityTrigger: ActivityTrigger activityPauseTrigger 
11-13 14:59:58.799  1452  1509 D VivoStack: handleDisplayChanged displayId:0 displayState:1
11-13 14:59:58.799  1452  1509 D VivoStack: handleDisplayOff displayId:0 ,focusId:0
11-13 14:59:58.799  1452  1771 V VivoBaseDisplayContent:  updateDockBackground bForceShow=false divider_bg_enable=true bShowBg=false mForceShowFlag=false isVivoDockedDividerResizing=false topStack={stackId=32 tasks=[{taskId=264 appTokens=[AppWindowToken{dc54d50 token=Token{8179713 ActivityRecord{412a6e4 u0 com.EpicGames.AndroidQuickStart/com.epicgames.ue4.SplashActivity d0 s32 t264}}}] mdr=false}]} splitScreenPrimaryStack=null topSecondaryStack=null appBounds=null
11-13 14:59:58.801  1452  1510 D FeatureService: onForegroundActivitiesChanged: pid=18601, uid=10196, foregroundActivities=false
11-13 14:59:58.801  1452  1510 D FeatureService: handleForgrouneAppChanged pid:18601, uid:10196 foreground:false
11-13 14:59:58.801  1452  1510 D FeatureService: onForegroundActivitiesChanged: pid=28287, uid=10227, foregroundActivities=true
11-13 14:59:58.801  1452  1510 D FeatureService: handleForgrouneAppChanged pid:28287, uid:10227 foreground:true
11-13 14:59:58.801  2615  3910 I LocationDialogService: onForegroundActivitiesChanged() pid = 18601, uid = 10196, foregroundActivities = false
11-13 14:59:58.801  1452  1947 D BrightnessChangeTracker: notifyAppChanged(pkg=com.EpicGames.AndroidQuickStart, an=haha)
11-13 14:59:58.801  1452  1947 D PowerAssistant: 0ops onAppBrightModeChanged - false
11-13 14:59:58.801  1452  1947 D UserModifyRecorder: pakage name is com.EpicGames.AndroidQuickStart with :10227
11-13 14:59:58.801  1452  1947 D DisplayPowerController: onAC iPo true
11-13 14:59:58.801  1452  1947 D DisplayPowerController: native notify screen useAutoBrightness = true  mChangeUpLux = 299 mChangeDownLux = 9 1
11-13 14:59:58.801  1452  1947 D FtColorManager: GetActiveMode : qxx get ActiveMode == 1
11-13 14:59:58.801   697  1775 W         : Unknown global_handle 1600940391
11-13 14:59:58.801   697  1775 I chatty  : uid=1000(system) HwBinder:697_1 identical 1 line
11-13 14:59:58.801   697  1775 W         : Unknown global_handle 1600940391
11-13 14:59:58.801   697  1775 E         : IGNORED inject_sensor_data(type=33, handle=1600940391) call to non-API-compliant sensor
11-13 14:59:58.802  2615  4255 I ProxCoverNoticeService: isHomeLauncher = true
11-13 14:59:58.802  3889  4638 E PidInfoMonitor: java.io.FileNotFoundException: /proc/28287/cmdline (Permission denied)
11-13 14:59:58.802  3889  4638 E AppStatisticManager: addLruPkg pkgName = com.EpicGames.AndroidQuickStart
11-13 14:59:58.804  1452  1538 D PowerManagerService: fgApp changed!
11-13 14:59:58.804  1452  1538 D PowerManagerService: fgApp changed!
11-13 14:59:58.804  3889  4643 I ABE     : PowerEngineService enter the forgound
11-13 14:59:58.805  2615  3910 I LocationDialogService: onForegroundActivitiesChanged name Process == com.EpicGames.AndroidQuickStart
11-13 14:59:58.805  2615  3910 I LocationDialogService: removeGpsDialog
11-13 14:59:58.805  2615  3910 I LocationDialogService: already remove
11-13 14:59:58.805  2615  3910 I LocationDialogService: onForegroundActivitiesChanged() pid = 28287, uid = 10227, foregroundActivities = true
11-13 14:59:58.805  4381  4513 I UsageAppManager: dealAppInfoList.getPid()=18601,dealAppInfoList.getUid()=10196,dealAppInfoList.getPkgName()=com.bbk.launcher2
11-13 14:59:58.805  1452  1510 D VivoWifiUtil: onForegroundActivitiesChanged: pid=18601, uid=10196, foregroundActivities=false
11-13 14:59:58.805  4381  4513 I UsageAppManager: dealAppInfoList_mForgroundInfo_pid=27861,mForgroundInfo_pkgName=com.EpicGames.AndroidQuickStart,mForgroundInfo_uid=10227,mBackgroundInfo_pid=18601,mBackgroundInfo_pkgName=com.bbk.launcher2,mBackgroundInfo_uid=10196
11-13 14:59:58.805  1452  1510 D VivoWifiUtil: onForegroundActivitiesChanged: pid=28287, uid=10227, foregroundActivities=true
11-13 14:59:58.805  2615  9549 I SLService2: HAHA2 pid = 18601, uid = 10196, f = false
11-13 14:59:58.805  1452  1510 D VivoWifiUtil: mForgroundAppName=com.EpicGames.AndroidQuickStart, mLastForgroundAppName=com.bbk.launcher2
11-13 14:59:58.806  1452  1510 D VivoWifiUtil: handleForgrouneAppChanged oldApp:com.bbk.launcher2, newApp:com.EpicGames.AndroidQuickStart
11-13 14:59:58.806  2615  9549 I SLService2: HAHA2 pid = 28287, uid = 10227, f = true
11-13 14:59:58.806  5141  6569 I SecureService2: onForegroundActivitiesChanged() pid = 18601, uid = 10196, foregroundActivities = false
11-13 14:59:58.806  2615  2947 I MotorModeDaemonService: handleMessage--msg.what=1
11-13 14:59:58.806  5141  6569 I SecureService2: onForegroundActivitiesChanged() pid = 28287, uid = 10227, foregroundActivities = true
11-13 14:59:58.806  2639  2639 I InputMonitorManager: UpSlide|onTaskStackChanged >> activityName = com.epicgames.ue4.SplashActivity,packageName= com.EpicGames.AndroidQuickStart
11-13 14:59:58.806  2639  2639 I InputMonitorManager: UpSlide|onEnterSpecialActivity >> entered = false, curInSpec: false, mEnteredSpecActivity: false
11-13 14:59:58.806  2639  2639 I UpSlideHelper: UpSlide|toggleUpSlideViewInCamera isInCamera = false
11-13 14:59:58.806  2615  4255 I ProxCoverNoticeService: top activity name = com.EpicGames.AndroidQuickStart
11-13 14:59:58.806  2615  3910 I LocationDialogService: onForegroundActivitiesChanged name Process == com.EpicGames.AndroidQuickStart
11-13 14:59:58.806  2615  4255 E ProxCoverNoticeService: monitor view is null, no need to update fullscreen
11-13 14:59:58.806  2615  4255 I ProxCoverNoticeService: onForegroundActivitiesChanged, pid = 18601, uid = 10196, pkg = com.bbk.launcher2, foregroundActivities = false
11-13 14:59:58.807 28287 28287 I droidQuickStar: The ClassLoaderContext is a special shared library.
11-13 14:59:58.807  4381  4513 I UsageAppManager: getversionCode=450
11-13 14:59:58.807  4381  4513 I UsageAppManager: getVersionName_name=4.5
11-13 14:59:58.807  4381  4513 I UsageAppManager: dealAppInfoList.getPid()=28287,dealAppInfoList.getUid()=10227,dealAppInfoList.getPkgName()=com.EpicGames.AndroidQuickStart
11-13 14:59:58.807  4381  4513 I UsageAppManager: dealAppInfoList_mForgroundInfo_pid=27861,mForgroundInfo_pkgName=com.EpicGames.AndroidQuickStart,mForgroundInfo_uid=10227,mBackgroundInfo_pid=18601,mBackgroundInfo_pkgName=com.bbk.launcher2,mBackgroundInfo_uid=10196
11-13 14:59:58.807  4381  4513 I UsageAppManager: getversionCode=1
11-13 14:59:58.807  4381  4513 I UsageAppManager: getVersionName_name=1.0
11-13 14:59:58.809  2615  4255 I ProxCoverNoticeService: isKeyguardLocked = true, isDeviceLocked = false, isKeyguardSecure = false, isDeviceSecure = false, inKeyguardRestrictedInputMode = true
11-13 14:59:58.809  2615  2615 D GameModeManager: cursor.count = 0
11-13 14:59:58.809  2615  4255 I ProxCoverNoticeService: isHomeLauncher = false
11-13 14:59:58.809  2615  2615 I VivoDaemonServiceApp: notify mSuspendModeManager
11-13 14:59:58.809  2615  4255 I ProxCoverNoticeService: top activity name = com.EpicGames.AndroidQuickStart
11-13 14:59:58.809  2615  4255 E ProxCoverNoticeService: monitor view is null, no need to update minimum
11-13 14:59:58.809  2615  4255 I ProxCoverNoticeService: onForegroundActivitiesChanged, pid = 28287, uid = 10227, pkg = com.EpicGames.AndroidQuickStart, foregroundActivities = true
11-13 14:59:58.809  5141  5233 I SecureService3: runningNetworkLimitReminder ConnectivityManager not null， uid = 10227
11-13 14:59:58.810  2615  4255 I ProxCoverNoticeService: isKeyguardLocked = true, isDeviceLocked = false, isKeyguardSecure = false, isDeviceSecure = false, inKeyguardRestrictedInputMode = true
11-13 14:59:58.810  5141  5233 D UsageData: DataUsageAppUtil : isAppNetForbidden: false uid: 10227 isWifi: true
11-13 14:59:58.810  2615  2615 D GameModeManager: cursor.count = 0
11-13 14:59:58.810  2615  2615 I VivoDaemonServiceApp: notify mSuspendModeManager
11-13 14:59:58.811  5141  5225 D DataFormatter: Special bytes : 51
11-13 14:59:58.893 28287 28287 I Perf    : Connecting to perf service.
11-13 14:59:58.907  1452  1486 D ConnectivityService: listenForNetwork for uid/pid:10227/28287 NetworkRequest [ LISTEN id=95, [ Capabilities: NOT_RESTRICTED&TRUSTED&NOT_VPN&FOREGROUND Unwanted:  Uid: 10227] ]
11-13 14:59:58.908  1452  1844 D ConnectivityService: rematching NetworkInfo [WIFI () - 101]
11-13 14:59:58.908  1452  1844 D ConnectivityService:  network has: [ Transports: WIFI Capabilities: NOT_METERED&INTERNET&NOT_RESTRICTED&TRUSTED&NOT_VPN&VALIDATED&NOT_ROAMING&FOREGROUND&NOT_CONGESTED&NOT_SUSPENDED Unwanted:  LinkUpBandwidth>=1048576Kbps LinkDnBandwidth>=1048576Kbps SignalStrength: -55 SSID: "Juaiws"]
11-13 14:59:58.908  1452  1844 D ConnectivityService: Network NetworkInfo [WIFI () - 101] was already satisfying request 75. No change.
11-13 14:59:58.908  1452  1844 D ConnectivityService: Network NetworkInfo [WIFI () - 101] was already satisfying request 1. No change.
11-13 14:59:58.908  1452  1844 D ConnectivityService: Network NetworkInfo [WIFI () - 101] was already satisfying request 46. No change.
11-13 14:59:58.908  1452  1844 D ConnectivityService: Network NetworkInfo [WIFI () - 101] was already satisfying request 9. No change.
11-13 14:59:58.908  1452  1844 D ConnectivityService: Network NetworkInfo [WIFI () - 101] was already satisfying request 69. No change.
11-13 14:59:58.908  1452  1844 D ConnectivityService: Network NetworkInfo [WIFI () - 101] was already satisfying request 7. No change.
11-13 14:59:58.908  1452  1844 D ConnectivityService: Network NetworkInfo [WIFI () - 101] was already satisfying request 13. No change.
11-13 14:59:58.908  1452  1844 D ConnectivityService: Network NetworkInfo [WIFI () - 101] was already satisfying request 91. No change.
11-13 14:59:58.908  1452  1844 D ConnectivityService: Network NetworkInfo [WIFI () - 101] was already satisfying request 80. No change.
11-13 14:59:58.908  1452  1844 D ConnectivityService: Network NetworkInfo [WIFI () - 101] was already satisfying request 76. No change.
11-13 14:59:58.908  1452  1844 D ConnectivityService: sending notification CALLBACK_AVAILABLE for NetworkRequest [ LISTEN id=95, [ Capabilities: NOT_RESTRICTED&TRUSTED&NOT_VPN&FOREGROUND Unwanted:  Uid: 10227] ]
11-13 14:59:58.908  1452  1844 D ConnectivityService: isWifiPoorLink:false, nai.everValidated:true, networkType:1, networkDetailedState:CONNECTED, nai.isLingering():false, unneeded(nai, UnneededFor.TEARDOWN):false
11-13 14:59:58.909 28287 28303 V UE4     : [NetworkChangedManager] Network Available
11-13 14:59:58.910   708   708 E ANDR-IOP: IOP HAL: Received pkg_name = com.EpicGames.AndroidQuickStart pid = 0
11-13 14:59:58.921 28287 28287 I FtBuild : getRomVersion mRomVer=4.5
11-13 14:59:58.927  1452  1486 I ActivityManager: START u0 {flg=0x10000 cmp=com.EpicGames.AndroidQuickStart/com.epicgames.ue4.GameActivity (has extras)} from uid 10227 ,pid 28287
11-13 14:59:58.927  2615  4255 I SLService1: ActivityController mIsAndroidN_VivoMultiWindow = true, mIsMultiWindowOn = false
11-13 14:59:58.928  2615  4255 I SLService1: [Monitor]1--------[com.iqoo.secure] t [com.EpicGames.AndroidQuickStart] f [com.google.android.setupwizard]
11-13 14:59:58.928  2615  4255 I SLService1: HAHA1 >>>> true <<<<
11-13 14:59:58.928  2615  4255 D SLService: optionsFromCallbacks = null
11-13 14:59:58.928  1452  1486 D ActivityManager: startActivity intent = {flg=0x10000 cmp=com.EpicGames.AndroidQuickStart/com.epicgames.ue4.GameActivity (has extras)}, userid : 0
11-13 14:59:58.928  1452  1486 V ActivityManager: setActivityType ActivityRecord{6eaec4e u0 com.EpicGames.AndroidQuickStart/com.epicgames.ue4.GameActivity d-1 s-1 t-1} packageName=com.EpicGames.AndroidQuickStart realActivity=com.EpicGames.AndroidQuickStart/com.epicgames.ue4.GameActivity info.resizeMode=0
11-13 14:59:58.928  1452  1486 D VivoStack: *****startActivityUnchecked display-0 ,r: ActivityRecord{6eaec4e u0 com.EpicGames.AndroidQuickStart/com.epicgames.ue4.GameActivity d-1 s-1 t-1}
11-13 14:59:58.928  1452  1486 D VivoStack: startFlags:0 ,doResume:true ,inTask:null ,intent: Intent { flg=0x10010000 cmp=com.EpicGames.AndroidQuickStart/com.epicgames.ue4.GameActivity (has extras) } ,focusDisplay: 0
11-13 14:59:58.928  1452  1486 D VivoTask: topTask : TaskRecord{85a916f #264 A=com.EpicGames.AndroidQuickStart U=0 DislayId=0 StackId=32 sz=1}
11-13 14:59:58.928  1452  1486 D VivoTask: focusStack : ActivityStack{c2fb202 displayId=0 stackId=32 type=standard mode=fullscreen visible=true translucent=false, 1 tasks}
11-13 14:59:58.928  1452  1486 D VivoTask: intentActivity : ActivityRecord{412a6e4 u0 com.EpicGames.AndroidQuickStart/com.epicgames.ue4.SplashActivity d0 s32 t264}
11-13 14:59:58.928  1452  1486 D VivoTask: TargetStack: ActivityStack{c2fb202 displayId=0 stackId=32 type=standard mode=fullscreen visible=true translucent=false, 1 tasks} ,r: ActivityRecord{412a6e4 u0 com.EpicGames.AndroidQuickStart/com.epicgames.ue4.SplashActivity d0 s32 t264}
11-13 14:59:58.929  1452  1486 V VivoBaseDisplayContent:  updateDockBackground bForceShow=false divider_bg_enable=true bShowBg=false mForceShowFlag=false isVivoDockedDividerResizing=false topStack={stackId=32 tasks=[{taskId=264 appTokens=[AppWindowToken{dc54d50 token=Token{8179713 ActivityRecord{412a6e4 u0 com.EpicGames.AndroidQuickStart/com.epicgames.ue4.SplashActivity d0 s32 t264}}}] mdr=false}]} splitScreenPrimaryStack=null topSecondaryStack=null appBounds=null
11-13 14:59:58.929  1452  1486 D VivoStack: handleNonResizableTaskIfNeeded isSecondaryDisplayPreferred : false
11-13 14:59:58.929  1452  1486 D VivoStack: reusedActivity : ActivityRecord{412a6e4 u0 com.EpicGames.AndroidQuickStart/com.epicgames.ue4.SplashActivity d0 s32 t264}
11-13 14:59:58.929  1452  1486 D VivoStack: sourceRecord : ActivityRecord{412a6e4 u0 com.EpicGames.AndroidQuickStart/com.epicgames.ue4.SplashActivity d0 s32 t264}
11-13 14:59:58.929  1452  1486 D VivoStack: startActivity : ActivityRecord{6eaec4e u0 com.EpicGames.AndroidQuickStart/com.epicgames.ue4.GameActivity d-1 s-1 t-1}
11-13 14:59:58.929  1452  1486 D VivoStack: launchFlag : 10010000
11-13 14:59:58.929  1452  1486 D VivoStack: inTask : null
11-13 14:59:58.929  1452  1486 D VivoStack: reuseTask : null
11-13 14:59:58.929  1452  1486 D VivoStack: dddingToTask : true
11-13 14:59:58.929  1452  1486 D VivoStack: canBeLaunchedOnDisplay 0 ,resize : false ,isSecondaryDisplayPreferred : false
11-13 14:59:58.929  1452  1486 V VivoBaseDisplayContent:  updateDockBackground bForceShow=false divider_bg_enable=true bShowBg=false mForceShowFlag=false isVivoDockedDividerResizing=false topStack={stackId=32 tasks=[{taskId=264 appTokens=[AppWindowToken{dc54d50 token=Token{8179713 ActivityRecord{412a6e4 u0 com.EpicGames.AndroidQuickStart/com.epicgames.ue4.SplashActivity d0 s32 t264}}}] mdr=false}]} splitScreenPrimaryStack=null topSecondaryStack=null appBounds=null
11-13 14:59:58.929  1452  1486 D VivoStack: setTaskFromSourceRecord result : 0
11-13 14:59:58.931  1452  1486 D ActivityTrigger: activityStartTrigger: Activity is Triggerred in full screen ApplicationInfo{50d7f5a com.EpicGames.AndroidQuickStart}
11-13 14:59:58.931  1452  1486 E ActivityTrigger: activityStartTrigger: not whiteListedcom.EpicGames.AndroidQuickStart/com.epicgames.ue4.GameActivity/1
11-13 14:59:58.931  1452  1486 D CompatibilityInfo: mCompatibilityFlags - 10
11-13 14:59:58.931  1452  1486 D CompatibilityInfo: applicationDensity - 480
11-13 14:59:58.931  1452  1486 D CompatibilityInfo: applicationScale - 1.0
11-13 14:59:58.932  1452  1486 D ActivityTrigger: activityResumeTrigger: The activity in ApplicationInfo{50d7f5a com.EpicGames.AndroidQuickStart} is now in focus and seems to be in full-screen mode
11-13 14:59:58.932  1452  1486 E ActivityTrigger: activityResumeTrigger: not whiteListedcom.EpicGames.AndroidQuickStart/com.epicgames.ue4.GameActivity/1
11-13 14:59:58.932  1452  1514 D EPM     : reportEventWithMap eventType=2001 timestamp=5292004content=jank_type=3 uid=10227 stack=32 package=com.EpicGames.AndroidQuickStart activity=com.epicgames.ue4.GameActivity cool=1
11-13 14:59:58.932  1452  1486 V ActivityManager: handleNonResizableTaskIfNeeded task=TaskRecord{85a916f #264 A=com.EpicGames.AndroidQuickStart U=0 DislayId=0 StackId=32 sz=2} force to fullscreen for topActivity=ActivityRecord{6eaec4e u0 com.EpicGames.AndroidQuickStart/com.epicgames.ue4.GameActivity d0 s32 t264}
11-13 14:59:58.932  1452  1486 D VivoStack: handleNonResizableTaskIfNeeded isSecondaryDisplayPreferred : false
11-13 14:59:58.932  1452  1911 D JEPH    : handleExceptionEvent: data = EventData{type=2001, timestamp=5292004, message='null', content=jank_type=3 uid=10227 stack=32 package=com.EpicGames.AndroidQuickStart activity=com.epicgames.ue4.GameActivity cool=1, isStringMessage=false}
11-13 14:59:58.933  2615  4255 I SLService3: HAHA3 : com.EpicGames.AndroidQuickStart
11-13 14:59:58.934  1452  1486 D ActivityManager: finishWechatTask r : com.EpicGames.AndroidQuickStart/com.epicgames.ue4.SplashActivity, next : ActivityRecord{6eaec4e u0 com.EpicGames.AndroidQuickStart/com.epicgames.ue4.GameActivity d0 s32 t264}
11-13 14:59:58.934  1452  1486 D ActivityManager: finishQQTask r : com.EpicGames.AndroidQuickStart/com.epicgames.ue4.SplashActivity, mFocusedStack : ActivityStack{c2fb202 displayId=0 stackId=32 type=standard mode=fullscreen visible=true translucent=true, 1 tasks}, focused disp : 0, next : ActivityRecord{6eaec4e u0 com.EpicGames.AndroidQuickStart/com.epicgames.ue4.GameActivity d0 s32 t264}
11-13 14:59:58.947 28287 28287 D VivoPhoneWindow: DEBUG_ALIENSCREEN:getRotation mRotation=0
11-13 14:59:58.948 28287 28287 I PhoneWindow: initSystemUIColor
11-13 14:59:58.968 28287 28287 I DecorView: setWindowBackground mBackgroundPadding = Rect(0, 0 - 0, 0), mFramePadding = Rect(0, 0 - 0, 0), pkg = com.EpicGames.AndroidQuickStart
11-13 14:59:58.973  1452  1486 D ActivityTrigger: activityResumeTrigger: The activity in ApplicationInfo{50d7f5a com.EpicGames.AndroidQuickStart} is now in focus and seems to be in full-screen mode
11-13 14:59:58.973  1452  1486 E ActivityTrigger: activityResumeTrigger: not whiteListedcom.EpicGames.AndroidQuickStart/com.epicgames.ue4.GameActivity/1
11-13 14:59:58.975  1452  1486 D CompatibilityInfo: mCompatibilityFlags - 10
11-13 14:59:58.975  1452  1486 D CompatibilityInfo: applicationDensity - 480
11-13 14:59:58.975  1452  1486 D CompatibilityInfo: applicationScale - 1.0
11-13 14:59:58.975  1452  1486 I RatioControllerUtils: addDisplayId, pid = 28287, displayId = 0, reason = launch:Intent { flg=0x10010000 cmp=com.EpicGames.AndroidQuickStart/com.epicgames.ue4.GameActivity (has extras) }
11-13 14:59:58.976  1452  1486 I RatioControllerUtils: addDisplayId, pid = 28287, displayId = 0, reason = ensureConfig:Intent { flg=0x10010000 cmp=com.EpicGames.AndroidQuickStart/com.epicgames.ue4.GameActivity (has extras) }
11-13 14:59:58.976  1452  1486 D ActivityTrigger: ActivityTrigger activityPauseTrigger 
11-13 14:59:58.977  1452  1486 D ActivityTrigger: activityResumeTrigger: The activity in ApplicationInfo{50d7f5a com.EpicGames.AndroidQuickStart} is now in focus and seems to be in full-screen mode
11-13 14:59:58.977  1452  1486 E ActivityTrigger: activityResumeTrigger: not whiteListedcom.EpicGames.AndroidQuickStart/com.epicgames.ue4.GameActivity/1
11-13 14:59:58.977  1452  1486 I RatioControllerUtils: addDisplayId, pid = 28287, displayId = 0, reason = ensureConfig:Intent { flg=0x10010000 cmp=com.EpicGames.AndroidQuickStart/com.epicgames.ue4.GameActivity (has extras) }
11-13 14:59:58.979  1452  1486 V VivoBaseDisplayContent:  updateDockBackground bForceShow=false divider_bg_enable=true bShowBg=false mForceShowFlag=false isVivoDockedDividerResizing=false topStack={stackId=32 tasks=[{taskId=264 appTokens=[AppWindowToken{dc54d50 token=Token{8179713 ActivityRecord{412a6e4 u0 com.EpicGames.AndroidQuickStart/com.epicgames.ue4.SplashActivity d0 s32 t264}}}, AppWindowToken{2bc8305 token=Token{1b9ee7c ActivityRecord{6eaec4e u0 com.EpicGames.AndroidQuickStart/com.epicgames.ue4.GameActivity d0 s32 t264}}}] mdr=false}]} splitScreenPrimaryStack=null topSecondaryStack=null appBounds=null
11-13 14:59:58.980  2639  2639 I InputMonitorManager: UpSlide|onTaskStackChanged >> activityName = com.epicgames.ue4.GameActivity,packageName= com.EpicGames.AndroidQuickStart
11-13 14:59:58.980  2639  2639 I InputMonitorManager: UpSlide|onEnterSpecialActivity >> entered = false, curInSpec: false, mEnteredSpecActivity: false
11-13 14:59:58.980  2639  2639 I UpSlideHelper: UpSlide|toggleUpSlideViewInCamera isInCamera = false
11-13 14:59:58.998 28287 28287 W linker  : Warning: "/data/app/com.EpicGames.AndroidQuickStart-am6boujzXwM30-NepKtG0Q==/lib/arm64/libOVRPlugin.so" has no DT_SONAME (will use libOVRPlugin.so instead) and will not work when the app moves to API level 23 or later (https://android.googlesource.com/platform/bionic/+/master/missing-soname-enforced-for-api-level-23) (allowing for now because this app's target API level is still 21)
11-13 14:59:59.000 28287 28287 D OVRPlugin: JNI_OnLoad
11-13 14:59:59.032 28287 28287 D UE4     : Used memory before allocating anything was 165.64MB
11-13 14:59:59.112 28287 28287 D UE4     : In the JNI_OnLoad function
11-13 14:59:59.113 28287 28287 D UE4     : [JNI] - Failed to determine if app purchasing is enabled!
11-13 14:59:59.115 28287 28287 D UE4     : Path found as '/storage/emulated/0'
11-13 14:59:59.115 28287 28287 D UE4     : Font Path found as '/system/fonts/'
11-13 14:59:59.115 28287 28287 D UE4     : In the JNI_OnLoad function 5
11-13 14:59:59.122 28287 28287 D VivoPhoneWindow: DEBUG_ALIENSCREEN:getRotation mRotation=0
11-13 14:59:59.122 28287 28287 I PhoneWindow: initSystemUIColor
11-13 14:59:59.123 28287 28287 I DecorView: setWindowBackground mBackgroundPadding = Rect(0, 0 - 0, 0), mFramePadding = Rect(0, 0 - 0, 0), pkg = com.EpicGames.AndroidQuickStart
11-13 14:59:59.127 28287 28307 D UE4     : Entering native app glue main function
11-13 14:59:59.127 28287 28307 D UE4     : Created event thread
11-13 14:59:59.127 28287 28307 D UE4     : Entered AndroidMain()
11-13 14:59:59.127 28287 28308 D UE4     : Entering event processing thread engine entry point
11-13 14:59:59.127 28287 28308 D UE4     : Prepared looper for event thread
11-13 14:59:59.127 28287 28308 D UE4     : Passed callback initialization
11-13 14:59:59.127 28287 28308 D UE4     : Passed sensor initialization
11-13 14:59:59.128 28287 28307 D UE4     : Controller interface supported
11-13 14:59:59.136 28287 28287 E BackgroundFallback: initVivoBgFallback callstackcom.android.internal.policy.DecorView.<init>:366 com.android.internal.policy.PhoneWindow.generateDecor:2400 com.android.internal.policy.PhoneWindow.installDecor:2772 com.android.internal.policy.PhoneWindow.getDecorView:2161 android.app.Dialog.show:345 com.epicgames.ue4.GameActivity.onCreate:2261 android.app.Activity.performCreate:7248 android.app.Activity.performCreate:7239 android.app.Instrumentation.callActivityOnCreate:1275 android.app.ActivityThread.performLaunchActivity:3036 
11-13 14:59:59.138 28287 28287 D VivoPhoneWindow: DEBUG_ALIENSCREEN:getRotation mRotation=0
11-13 14:59:59.138 28287 28287 I PhoneWindow: initSystemUIColor
11-13 14:59:59.140 28287 28287 I DecorView: setWindowBackground mBackgroundPadding = Rect(0, 0 - 0, 0), mFramePadding = Rect(0, 0 - 0, 0), pkg = com.EpicGames.AndroidQuickStart
11-13 14:59:59.140 28287 28287 D OpenGLRenderer: Skia GL Pipeline
11-13 14:59:59.147  1452  4041 W WindowManager: Failed looking up window callers=com.android.server.wm.VivoBaseWindowManagerService.adjustDisplayIdForWindow:686 com.android.server.wm.WindowManagerService.addWindow:1385 com.android.server.wm.Session.addToDisplay:205 
11-13 14:59:59.147  1452  4041 D shuangping0806: addWindow : find token in 0
11-13 14:59:59.157 28287 28287 D UE4     : [GameActivity] Vulkan version: 1.1.0
11-13 14:59:59.157 28287 28287 D UE4     : [GameActivity] Vulkan level: 1
11-13 14:59:59.158 28287 28287 D UE4     : [GameActivity] Found DepthBufferPreference = 0
11-13 14:59:59.158 28287 28287 D UE4     : [GameActivity] Found bPackageDataInsideApk = 0
11-13 14:59:59.158 28287 28287 D UE4     : [GameActivity] Found ProjectName = FYP
11-13 14:59:59.159 28287 28287 D UE4     : [GameActivity] Found AppType = 
11-13 14:59:59.159 28287 28287 D UE4     : [GameActivity] Found bHasOBBFiles = 0
11-13 14:59:59.159 28287 28287 D UE4     : [GameActivity] Found bVerifyOBBOnStartUp = false
11-13 14:59:59.159 28287 28287 D UE4     : [GameActivity] UI hiding set to false
11-13 14:59:59.159 28287 28287 D UE4     : [GameActivity] BuildConfiguration set to Development
11-13 14:59:59.159 28287 28287 D UE4     : [GameActivity] UseExternalFilesDir set to false
11-13 14:59:59.159 28287 28287 D UE4     : [GameActivity] PublicLogFiles set to false
11-13 14:59:59.159 28287 28287 D UE4     : [GameActivity] AllowIMU set to true
11-13 14:59:59.159 28287 28287 D UE4     : [GameActivity] SupportsVulkan set to false
11-13 14:59:59.159 28287 28287 D UE4     : [GameActivity] No Oculus Mobile mode detected.
11-13 14:59:59.160 28287 28287 D UE4     : [GameActivity] Using commandline from: /storage/emulated/0/UE4Game/FYP/UE4CommandLine.txt
11-13 14:59:59.161 28287 28287 D UE4     : [GameActivity] Parsing commandline: ../../../FYP/FYP.uproject  /Game/Map/Index -Messaging -SessionId=3ED6699048DFB2BC4B6DAD8C9FC9D493 -SessionOwner="a7149" -SessionName="Launch On Device" -iterative
11-13 14:59:59.162 28287 28287 I Adreno  : QUALCOMM build                   : 6d3e40b, I034491c44e
11-13 14:59:59.162 28287 28287 I Adreno  : Build Date                       : 10/28/18
11-13 14:59:59.162 28287 28287 I Adreno  : OpenGL ES Shader Compiler Version: EV031.25.03.01
11-13 14:59:59.162 28287 28287 I Adreno  : Local Branch                     : 
11-13 14:59:59.162 28287 28287 I Adreno  : Remote Branch                    : 
11-13 14:59:59.162 28287 28287 I Adreno  : Remote Branch                    : 
11-13 14:59:59.162 28287 28287 I Adreno  : Reconstruct Branch               : 
11-13 14:59:59.162 28287 28287 I Adreno  : Build Config                     : S P 6.0.7 AArch64
11-13 14:59:59.164 28287 28287 I Adreno  : PFP: 0x016ee176, ME: 0x00000000
11-13 14:59:59.166 28287 28287 I ConfigStore: android::hardware::configstore::V1_0::ISurfaceFlingerConfigs::hasWideColorDisplay retrieved: 1
11-13 14:59:59.166 28287 28287 I ConfigStore: android::hardware::configstore::V1_0::ISurfaceFlingerConfigs::hasHDRDisplay retrieved: 1
11-13 14:59:59.186 28287 28287 D UE4     : [GameActivity] Hardware: Qualcomm Technologies, Inc SDM845
11-13 14:59:59.186 28287 28287 D UE4     : [GameActivity] ro.hardware: qcom
11-13 14:59:59.187 28287 28287 D UE4     : [GameActivity] Memory: 9560 MB
11-13 14:59:59.190 28287 28287 D UE4     : [GameActivity] UseAffinity: false
11-13 14:59:59.190 28287 28287 D UE4     : [GameActivity] BigCoreMask: 0xffff
11-13 14:59:59.190 28287 28287 D UE4     : [GameActivity] LittleCoreMask: 0x0
11-13 14:59:59.191 28287 28287 D UE4     : [GameActivity] APK path: /data/app/com.EpicGames.AndroidQuickStart-am6boujzXwM30-NepKtG0Q==/base.apk
11-13 14:59:59.191 28287 28287 D UE4     : [GameActivity] OBB in APK: false
11-13 14:59:59.191 28287 28287 D UE4     : InternalFilePath found as '/data/user/0/com.EpicGames.AndroidQuickStart/files'
11-13 14:59:59.191 28287 28287 D UE4     : ExternalFilePath found as '/storage/emulated/0/Android/data/com.EpicGames.AndroidQuickStart/files'
11-13 14:59:59.192 28287 28287 D UE4     : App is running in Portrait
11-13 14:59:59.192 28287 28287 D UE4     : [GameActivity] Android version is 9
11-13 14:59:59.192 28287 28287 D UE4     : [GameActivity] Android manufacturer is vivo
11-13 14:59:59.192 28287 28287 D UE4     : [GameActivity] Android model is vivo 1813
11-13 14:59:59.192 28287 28287 D UE4     : [GameActivity] Android build number is PKQ1.181016.001 release-keys
11-13 14:59:59.192 28287 28287 D UE4     : [GameActivity] OS language is set to zh_HK
11-13 14:59:59.192 28287 28287 D UE4     : [GameActivity] Debugger attached is false
11-13 14:59:59.200 28287 28310 D UE4     : [GameActivity] Used memory: 150812
11-13 14:59:59.254 28287 28287 W PopupManager: You have not specified a View to use as content view for popups. Falling back to the Activity content view. Note that this may not work as expected in multi-screen environments
11-13 14:59:59.257 28287 28287 D UE4     : [GameActivity] googleClient is valid
11-13 14:59:59.257 28287 28287 D UE4     : [GameActivity] ==============> GameActive.onCreate complete!
11-13 14:59:59.260 28287 28287 D UE4     : [GameActivity] Creating console command broadcast listener
11-13 14:59:59.260 28287 28308 D UE4     : LogAndroidEvents::EnqueueAppEvent : 9, [width=-1, height=-1], tid = 28308, APP_EVENT_STATE_ON_START
11-13 14:59:59.261 28287 28287 D UE4     : [GameActivity] ==================================> Inside onStart function in GameActivity
11-13 14:59:59.262 28287 28287 V UE4     : [GameApp] App in foreground
11-13 14:59:59.263   697   697 W sensors@1.0-ser: type=1400 audit(0.0:10340): avc: denied { read write } for name="diag" dev="tmpfs" ino=16966 scontext=u:r:hal_sensors_default:s0 tcontext=u:object_r:diag_device:s0 tclass=chr_file permissive=0
11-13 14:59:59.263 28287 28308 D UE4     : Case APP_CMD_RESUME
11-13 14:59:59.263 28287 28308 D UE4     : LogAndroidEvents::EnqueueAppEvent : 7, [width=-1, height=-1], tid = 28308, APP_EVENT_STATE_ON_RESUME
11-13 14:59:59.263 28287 28287 D UE4     : [GameActivity] ==============> [JAVA] AndroidThunkJava_KeepScreenOn(false) - Enabled screen saver
11-13 14:59:59.263 28287 28287 D UE4     : [GameActivity] Registering sensor listeners
11-13 14:59:59.264   697  1775 I sensors-hal: batch:140, android.sensor.accelerometer/6, period=20000000, max_latency=0
11-13 14:59:59.264   697  1775 I sensors-hal: batch:149, android.sensor.accelerometer/6, period=20000000, max_latency=0 request completed
11-13 14:59:59.264   697  1775 I sensors-hal: activate:107, android.sensor.accelerometer/6 en=1
11-13 14:59:59.264   697  1775 I sensors-hal: ssc_enable_rt_task:255, ssc_enable_rt_task : true
11-13 14:59:59.268   697  1775 I sensors-hal: activate:118, android.sensor.accelerometer/6 en=1 completed
11-13 14:59:59.268   697 28313 I sensors-hal: handle_indication_realtime:352,  SCHED_FIFO(10) for qmi_cbk
11-13 14:59:59.268   697  1775 I sensors-hal: batch:140, android.sensor.magnetic_field/3, period=20000000, max_latency=0
11-13 14:59:59.268   697  1775 I sensors-hal: batch:149, android.sensor.magnetic_field/3, period=20000000, max_latency=0 request completed
11-13 14:59:59.268   697  1775 I sensors-hal: activate:107, android.sensor.magnetic_field/3 en=1
11-13 14:59:59.268   697  1775 I sensors-hal: ssc_enable_rt_task:255, ssc_enable_rt_task : true
11-13 14:59:59.278   697  1775 I sensors-hal: activate:118, android.sensor.magnetic_field/3 en=1 completed
11-13 14:59:59.279   697 28315 I sensors-hal: handle_indication_realtime:352,  SCHED_FIFO(10) for qmi_cbk
11-13 14:59:59.279   697   697 I sensors-hal: batch:140, android.sensor.gyroscope/28, period=20000000, max_latency=0
11-13 14:59:59.279   697   697 I sensors-hal: batch:149, android.sensor.gyroscope/28, period=20000000, max_latency=0 request completed
11-13 14:59:59.279   697   697 I sensors-hal: activate:107, android.sensor.gyroscope/28 en=1
11-13 14:59:59.279   697   697 I sensors-hal: ssc_enable_rt_task:255, ssc_enable_rt_task : true
11-13 14:59:59.279   697   697 E sensors-hal: send_cal_req:175, gyrocal send_cal_req
11-13 14:59:59.282   697   697 E Diag_Lib:  Diag_LSM_Init: Failed to open handle to diag driver, error = 13
11-13 14:59:59.282   697   697 I sensors-hal: ssc_enable_rt_task:255, ssc_enable_rt_task : true
11-13 14:59:59.282   697 28317 I sensors-hal: handle_indication_realtime:352,  SCHED_FIFO(10) for qmi_cbk
11-13 14:59:59.284   697   697 I sensors-hal: ssc_enable_rt_task:255, ssc_enable_rt_task : true
11-13 14:59:59.286   697 28320 I sensors-hal: handle_indication_realtime:352,  SCHED_FIFO(10) for qmi_cbk
11-13 14:59:59.287   697   697 I sensors-hal: activate:118, android.sensor.gyroscope/28 en=1 completed
11-13 14:59:59.287 28287 28287 D UE4     : App is running in Portrait
11-13 14:59:59.287 28287 28287 D UE4     : [GameActivity] ==============> Resuming main init
11-13 14:59:59.290   697 28322 I sensors-hal: handle_indication_realtime:352,  SCHED_FIFO(10) for qmi_cbk
11-13 14:59:59.294 28287 28307 D UE4     : APK Commandline: ../../../FYP/FYP.uproject  /Game/Map/Index -Messaging -SessionId=54CDB4E94C813E15E53D6F9AEAE470A1 -SessionOwner="ken" -SessionName="Launch On Device" -iterative
11-13 14:59:59.294 28287 28307 D UE4     : Override Commandline: ../../../FYP/FYP.uproject  /Game/Map/Index -Messaging -SessionId=3ED6699048DFB2BC4B6DAD8C9FC9D493 -SessionOwner="a7149" -SessionName="Launch On Device" -iterative
11-13 14:59:59.294 28287 28307 D UE4     : Final commandline: ../../../FYP/FYP.uproject  /Game/Map/Index -Messaging -SessionId=3ED6699048DFB2BC4B6DAD8C9FC9D493 -SessionOwner="a7149" -SessionName="Launch On Device" -iterative
11-13 14:59:59.294 28287 28307 D UE4     : Created sync event
11-13 14:59:59.306 28287 28287 D UE4     : [GameActivity] ==============> GameActive.onResume complete!
11-13 14:59:59.310  1452  4041 W WindowManager: Failed looking up window callers=com.android.server.wm.VivoBaseWindowManagerService.adjustDisplayIdForWindow:686 com.android.server.wm.WindowManagerService.addWindow:1385 com.android.server.wm.Session.addToDisplay:205 
11-13 14:59:59.310  1452  4041 D shuangping0806: addWindow : find token in 0
11-13 14:59:59.314  1452  1771 D WindowManager: DEBUG_SYSTEMUI:finishPostLayoutPolicyLw  ; mTopFullWin = Window{3dd0dbd u0 com.EpicGames.AndroidQuickStart/com.epicgames.ue4.GameActivity} ; mRestrictedFrame = Rect(0, 0 - 1080, 2340) ; mTmpRect = Rect(0, 0 - 0, 0)
11-13 14:59:59.315  1452  1771 D WindowManager: DEBUG_SYSTEMUI:finishPostLayoutPolicyLw  ; mTopFullWin = Window{3dd0dbd u0 com.EpicGames.AndroidQuickStart/com.epicgames.ue4.GameActivity} ; mRestrictedFrame = Rect(0, 0 - 0, 0) ; mTmpRect = Rect(0, 0 - 1080, 2214)
11-13 14:59:59.317 28287 28287 D UE4     : [GameActivity] onPause: stop memory reporter runnable
11-13 14:59:59.317 28287 28287 D UE4     : [GameActivity] Unregistering sensor listeners
11-13 14:59:59.317   697   697 I sensors-hal: activate:107, android.sensor.magnetic_field/3 en=0
11-13 14:59:59.317   697   697 I sensors-hal: activate:118, android.sensor.magnetic_field/3 en=0 completed
11-13 14:59:59.318   697   697 I sensors-hal: activate:107, android.sensor.accelerometer/6 en=0
11-13 14:59:59.318   697   697 I sensors-hal: activate:118, android.sensor.accelerometer/6 en=0 completed
11-13 14:59:59.318   697   697 I sensors-hal: activate:107, android.sensor.gyroscope/28 en=0
11-13 14:59:59.319   697   697 I sensors-hal: activate:118, android.sensor.gyroscope/28 en=0 completed
11-13 14:59:59.319 28287 28308 D UE4     : Case APP_CMD_PAUSE
11-13 14:59:59.319 28287 28287 D UE4     : [GameActivity] ==============> GameActive.onPause complete!
11-13 14:59:59.319 28287 28308 D UE4     : LogAndroidEvents::EnqueueAppEvent : 6, [width=-1, height=-1], tid = 28308, APP_EVENT_STATE_ON_PAUSE
11-13 14:59:59.320  1452  9019 I RatioControllerUtils: addDisplayId, pid = 28287, displayId = 0, reason = ensureConfig:Intent { flg=0x10010000 cmp=com.EpicGames.AndroidQuickStart/com.epicgames.ue4.GameActivity (has extras) }
11-13 14:59:59.321  1452  1509 D ActivityTrigger: ActivityTrigger activityStopTrigger 
11-13 14:59:59.321  1452  1509 D ActivityManager: finishWechatAllOtherTask display is : 0, top : ActivityRecord{6eaec4e u0 com.EpicGames.AndroidQuickStart/com.epicgames.ue4.GameActivity d0 s32 t264}
11-13 14:59:59.321  1452  1509 D ActivityManager: finishWechatAllOtherTask display is : 0, need finished task : null
11-13 14:59:59.322  1452  1509 D ActivityManager: finishQQAllOtherTask display is : 0, top : ActivityRecord{6eaec4e u0 com.EpicGames.AndroidQuickStart/com.epicgames.ue4.GameActivity d0 s32 t264}
11-13 14:59:59.322  1452  1509 D ActivityManager: finishQQAllOtherTask display is : 0, need finished task : null
11-13 14:59:59.322  1452  1509 D ActivityManager: collectWechatQQTimes focusedTask : TaskRecord{85a916f #264 A=com.EpicGames.AndroidQuickStart U=0 DislayId=0 StackId=32 sz=2}, top : ActivityRecord{6eaec4e u0 com.EpicGames.AndroidQuickStart/com.epicgames.ue4.GameActivity d0 s32 t264}
11-13 14:59:59.322  1452  1509 D ActivityManager: collectWechatQQTimes otherTask : null, top : null
11-13 14:59:59.322  1452  1509 D ActivityManager: collectWechatQQTimes time : 0 sec, current keep : 0, method : 0
11-13 14:59:59.322 28287 28308 D UE4     : LogAndroidEvents::EnqueueAppEvent : 12, [width=-1, height=-1], tid = 28308, APP_EVENT_STATE_SAVE_STATE
11-13 14:59:59.323  1452  1509 D ActivityManager: finishWechatAllOtherTask display is : 0, top : ActivityRecord{6eaec4e u0 com.EpicGames.AndroidQuickStart/com.epicgames.ue4.GameActivity d0 s32 t264}
11-13 14:59:59.323  1452  1509 D ActivityManager: finishWechatAllOtherTask display is : 0, need finished task : null
11-13 14:59:59.323  1452  1509 D ActivityManager: finishQQAllOtherTask display is : 0, top : ActivityRecord{6eaec4e u0 com.EpicGames.AndroidQuickStart/com.epicgames.ue4.GameActivity d0 s32 t264}
11-13 14:59:59.323  1452  1509 D ActivityManager: finishQQAllOtherTask display is : 0, need finished task : null
11-13 14:59:59.323  1452  1509 D ActivityManager: collectWechatQQTimes focusedTask : TaskRecord{85a916f #264 A=com.EpicGames.AndroidQuickStart U=0 DislayId=0 StackId=32 sz=2}, top : ActivityRecord{6eaec4e u0 com.EpicGames.AndroidQuickStart/com.epicgames.ue4.GameActivity d0 s32 t264}
11-13 14:59:59.323  1452  1509 D ActivityManager: collectWechatQQTimes otherTask : null, top : null
11-13 14:59:59.323  1452  1509 D ActivityManager: collectWechatQQTimes time : 0 sec, current keep : 0, method : 0
11-13 14:59:59.323 28287 28308 D UE4     : LogAndroidEvents::EnqueueAppEvent : 8, [width=-1, height=-1], tid = 28308, APP_EVENT_STATE_ON_STOP
11-13 14:59:59.323 28287 28287 D UE4     : [GameActivity] ==============> GameActive.onStop complete!
11-13 14:59:59.324  1452  9019 I RatioControllerUtils: addDisplayId, pid = 28287, displayId = 0, reason = ensureConfig:Intent { flg=0x10010000 cmp=com.EpicGames.AndroidQuickStart/com.epicgames.ue4.GameActivity (has extras) }
11-13 14:59:59.324  1452  9019 I RatioControllerUtils: addDisplayId, pid = 28287, displayId = 0, reason = ensureConfig:Intent { flg=0x10010000 cmp=com.EpicGames.AndroidQuickStart/com.epicgames.ue4.GameActivity (has extras) }
11-13 14:59:59.325 28287 28287 I CatcherGestureDetector: DecorView onAttached
11-13 14:59:59.331 28287 28309 I Adreno  : QUALCOMM build                   : 6d3e40b, I034491c44e
11-13 14:59:59.331 28287 28309 I Adreno  : Build Date                       : 10/28/18
11-13 14:59:59.331 28287 28309 I Adreno  : OpenGL ES Shader Compiler Version: EV031.25.03.01
11-13 14:59:59.331 28287 28309 I Adreno  : Local Branch                     : 
