11-13 15:00:09.130  1452  1510 W WindowManager: setVivoMultiWindowRotationFlag:change from false to false
11-13 15:00:09.133   684 18124 I vendor.qti.bluetooth@1.0-ibs_handler: ProcessIbsCmd: Received IBS_SLEEP_IND: 0xFE
11-13 15:00:09.133   684 18124 D vendor.qti.bluetooth@1.0-ibs_handler: SerialClockVote: vote for UART CLK OFF
11-13 15:00:09.184   697 28356 E sensors-hal: handle_sns_std_sensor_event:43, win_orient_sample: ts=5302218091777 ns; value = [0.000000, 61.000000, 347.000000,0.000000]
11-13 15:00:09.184  1452  1510 V WindowOrientationListener: w_orient: framework Raw window_orientation data: x=0.0, y=0.0, z=0.0
11-13 15:00:09.185  1452  1510 V WindowOrientationListener: w_orient: oldProposedRotation=0 proposedRotation=0
11-13 15:00:09.203  1452  1508 D BrightnessChangeTracker: msg - 4
11-13 15:00:09.203  1452  1508 D BrightnessChangeTracker: bright = 38.0
11-13 15:00:09.203  1452  1508 D BrightnessChangeTracker: notifyBrightnessInternal mPrevBrightness = 34.0, brightness = 38.0
11-13 15:00:09.203  1452  1508 D AmbientLightStatsTracker: addBrightness isRunning = true, userId = 0, mCurrentUserId = 0, mCurrentBrightness = -1.0, newBrightness = 38.0
11-13 15:00:09.204  1452  1508 D AmbientLightStatsTracker: logBrightness data = -1.0, durationSec = 1.56
11-13 15:00:09.204  1452  1508 D AmbientLightStatsTracker: logBrightness bucketIndex = -1
11-13 15:00:09.227   684 18124 I vendor.qti.bluetooth@1.0-ibs_handler: ProcessIbsCmd: Received IBS_WAKE_IND: 0xFD
11-13 15:00:09.227   684 18124 D vendor.qti.bluetooth@1.0-ibs_handler: SerialClockVote: vote for UART CLK ON
11-13 15:00:09.227   684 18124 I vendor.qti.bluetooth@1.0-ibs_handler: ProcessIbsCmd: Writing IBS_WAKE_ACK
11-13 15:00:09.242   697 28356 E sensors-hal: handle_sns_std_sensor_event:43, win_orient_sample: ts=5302268091777 ns; value = [0.000000, 63.000000, 347.000000,0.000000]
11-13 15:00:09.244  1452  1510 V WindowOrientationListener: w_orient: framework Raw window_orientation data: x=0.0, y=0.0, z=0.0
11-13 15:00:09.244  1452  1510 V WindowOrientationListener: w_orient: oldProposedRotation=0 proposedRotation=0
11-13 15:00:09.268   684 18124 I vendor.qti.bluetooth@1.0-ibs_handler: ProcessIbsCmd: Received IBS_SLEEP_IND: 0xFE
11-13 15:00:09.268   684 18124 D vendor.qti.bluetooth@1.0-ibs_handler: SerialClockVote: vote for UART CLK OFF
11-13 15:00:09.295   697  1812 E sensors-hal: handle_sns_std_sensor_event:86, proximity_b: ts = 5302363912297 ns; base = 0.000000 data = 321.000000 proximity 134.000000 
11-13 15:00:09.295  3957  3957 D SensorManager: framework alsps proximity_b raw_data dataX=0.0 to com.vivo.vivolight.ui.b.e$1@2c5dd20
11-13 15:00:09.296  1452  1893 D SensorManager: framework alsps proximity_b raw_data dataX=0.0 to com.vivo.services.touchscreen.TouchScreenService$ProximitySensorMonitor@9a884c8
11-13 15:00:09.297   716   716 D touchscreen: 30 bytes have been write to app name
11-13 15:00:09.301   697 28356 E sensors-hal: handle_sns_std_sensor_event:43, win_orient_sample: ts=5302318091777 ns; value = [0.000000, 64.000000, 346.000000,0.000000]
11-13 15:00:09.301   697  1812 E sensors-hal: handle_sns_std_sensor_event:86, proximity_b: ts = 5302362173027 ns; base = 0.000000 data = 321.000000 proximity 134.000000 
11-13 15:00:09.301   697  1812 I sensors-hal: submit_sensors_hal_event:107, (tmd3702 Proximity_b Sensor Non-wakeup)dropping un-ordered ts samples _previous 5302363912297 and current ts 5302362173027
11-13 15:00:09.302  1452  1510 V WindowOrientationListener: w_orient: framework Raw window_orientation data: x=0.0, y=0.0, z=0.0
11-13 15:00:09.302  1452  1510 V WindowOrientationListener: w_orient: oldProposedRotation=0 proposedRotation=0
11-13 15:00:09.345   684 18124 I vendor.qti.bluetooth@1.0-ibs_handler: ProcessIbsCmd: Received IBS_WAKE_IND: 0xFD
11-13 15:00:09.346   684 18124 D vendor.qti.bluetooth@1.0-ibs_handler: SerialClockVote: vote for UART CLK ON
11-13 15:00:09.346   684 18124 I vendor.qti.bluetooth@1.0-ibs_handler: ProcessIbsCmd: Writing IBS_WAKE_ACK
11-13 15:00:09.386   684 18124 I vendor.qti.bluetooth@1.0-ibs_handler: ProcessIbsCmd: Received IBS_SLEEP_IND: 0xFE
11-13 15:00:09.387   684 18124 D vendor.qti.bluetooth@1.0-ibs_handler: SerialClockVote: vote for UART CLK OFF
11-13 15:00:09.398   697  1812 E sensors-hal: handle_sns_std_sensor_event:86, proximity_b: ts = 5302468086412 ns; base = 0.000000 data = 373.000000 proximity 134.000000 
11-13 15:00:09.424  4301  4433 I RMS-Reclaim: available=7316516KB, current watermark=1536000KB, last watermark=1536000KB, current stopline=800, last stopline=1000
11-13 15:00:09.424  4301  4433 I RMS-Reclaim: Reclaiming took : 0ms
11-13 15:00:09.435   697  1812 E sensors-hal: handle_sns_std_sensor_event:86, proximity_b: ts = 5302462210370 ns; base = 0.000000 data = 373.000000 proximity 134.000000 
11-13 15:00:09.435   697  1812 I sensors-hal: submit_sensors_hal_event:107, (tmd3702 Proximity_b Sensor Non-wakeup)dropping un-ordered ts samples _previous 5302468086412 and current ts 5302462210370
11-13 15:00:09.471   684 18124 I vendor.qti.bluetooth@1.0-ibs_handler: ProcessIbsCmd: Received IBS_WAKE_IND: 0xFD
11-13 15:00:09.471   684 18124 D vendor.qti.bluetooth@1.0-ibs_handler: SerialClockVote: vote for UART CLK ON
11-13 15:00:09.471   684 18124 I vendor.qti.bluetooth@1.0-ibs_handler: ProcessIbsCmd: Writing IBS_WAKE_ACK
11-13 15:00:09.494   697  1812 E sensors-hal: handle_sns_std_sensor_event:86, proximity_b: ts = 5302563911933 ns; base = 0.000000 data = 356.000000 proximity 134.000000 
11-13 15:00:09.512   684 18124 I vendor.qti.bluetooth@1.0-ibs_handler: ProcessIbsCmd: Received IBS_SLEEP_IND: 0xFE
11-13 15:00:09.513   684 18124 D vendor.qti.bluetooth@1.0-ibs_handler: SerialClockVote: vote for UART CLK OFF
11-13 15:00:09.532   697 28356 E sensors-hal: handle_sns_std_sensor_event:43, win_orient_sample: ts=5302568091777 ns; value = [-1.000000, 66.000000, 0.000000,0.000000]
11-13 15:00:09.534  1452  1510 V WindowOrientationListener: w_orient: framework Raw window_orientation data: x=-1.0, y=0.0, z=0.0
11-13 15:00:09.534  1452  1510 V WindowOrientationListener: w_orient: oldProposedRotation=0 proposedRotation=-1
11-13 15:00:09.591   697 28356 E sensors-hal: handle_sns_std_sensor_event:43, win_orient_sample: ts=5302618091777 ns; value = [0.000000, 65.000000, 342.000000,0.000000]
11-13 15:00:09.592  1452  1510 V WindowOrientationListener: w_orient: framework Raw window_orientation data: x=0.0, y=0.0, z=0.0
11-13 15:00:09.592  1452  1510 V WindowOrientationListener: w_orient: oldProposedRotation=-1 proposedRotation=0
11-13 15:00:09.592  1452  1510 V WindowOrientationListener: Proposed rotation changed!  proposedRotation=0, oldProposedRotation=-1
11-13 15:00:09.594   684 18124 I vendor.qti.bluetooth@1.0-ibs_handler: ProcessIbsCmd: Received IBS_WAKE_IND: 0xFD
11-13 15:00:09.594   684 18124 D vendor.qti.bluetooth@1.0-ibs_handler: SerialClockVote: vote for UART CLK ON
11-13 15:00:09.594   684 18124 I vendor.qti.bluetooth@1.0-ibs_handler: ProcessIbsCmd: Writing IBS_WAKE_ACK
11-13 15:00:09.598  1452  1510 W WindowManager: setVivoMultiWindowRotationFlag:change from false to false
11-13 15:00:09.635   684 18124 I vendor.qti.bluetooth@1.0-ibs_handler: ProcessIbsCmd: Received IBS_SLEEP_IND: 0xFE
11-13 15:00:09.635   684 18124 D vendor.qti.bluetooth@1.0-ibs_handler: SerialClockVote: vote for UART CLK OFF
11-13 15:00:09.648   697 28356 E sensors-hal: handle_sns_std_sensor_event:43, win_orient_sample: ts=5302668091777 ns; value = [0.000000, 65.000000, 341.000000,0.000000]
11-13 15:00:09.649  1452  1510 V WindowOrientationListener: w_orient: framework Raw window_orientation data: x=0.0, y=0.0, z=0.0
11-13 15:00:09.649  1452  1510 V WindowOrientationListener: w_orient: oldProposedRotation=0 proposedRotation=0
11-13 15:00:09.697  2033  2100 D ANRMonitor: Main looper busy for 2000ms
11-13 15:00:09.698  2033  2100 D ANRMonitor: getBinderCall = null
11-13 15:00:09.698  2033  2100 D ANRMonitor: Now stack trace:
11-13 15:00:09.698  2033  2100 D ANRMonitor:     at android.view.ThreadedRenderer.nSyncAndDrawFrame(Native Method)
11-13 15:00:09.698  2033  2100 D ANRMonitor:     at android.view.ThreadedRenderer.draw(ThreadedRenderer.java:823)
11-13 15:00:09.698  2033  2100 D ANRMonitor:     at android.view.ViewRootImpl.draw(ViewRootImpl.java:3404)
11-13 15:00:09.698  2033  2100 D ANRMonitor:     at android.view.ViewRootImpl.performDraw(ViewRootImpl.java:3197)
11-13 15:00:09.698  2033  2100 D ANRMonitor:     at android.view.ViewRootImpl.performTraversals(ViewRootImpl.java:2566)
11-13 15:00:09.698  2033  2100 D ANRMonitor:     at android.view.ViewRootImpl.doTraversal(ViewRootImpl.java:1515)
11-13 15:00:09.698  2033  2100 D ANRMonitor:     at android.view.ViewRootImpl$TraversalRunnable.run(ViewRootImpl.java:7394)
11-13 15:00:09.698  2033  2100 D ANRMonitor:     at android.view.Choreographer$CallbackRecord.run(Choreographer.java:1063)
11-13 15:00:09.698  2033  2100 D ANRMonitor:     at android.view.Choreographer.doCallbacks(Choreographer.java:875)
11-13 15:00:09.698  2033  2100 D ANRMonitor:     at android.view.Choreographer.doFrame(Choreographer.java:807)
11-13 15:00:09.698  2033  2100 D ANRMonitor:     at android.view.Choreographer$FrameDisplayEventReceiver.run(Choreographer.java:1049)
11-13 15:00:09.698  2033  2100 D ANRMonitor:     at android.os.Handler.handleCallback(Handler.java:873)
11-13 15:00:09.698  2033  2100 D ANRMonitor:     at android.os.Handler.dispatchMessage(Handler.java:99)
11-13 15:00:09.698  2033  2100 D ANRMonitor:     at android.os.Looper.loop(Looper.java:209)
11-13 15:00:09.698  2033  2100 D ANRMonitor:     at android.app.ActivityThread.main(ActivityThread.java:6956)
11-13 15:00:09.698  2033  2100 D ANRMonitor:     at java.lang.reflect.Method.invoke(Native Method)
11-13 15:00:09.698  2033  2100 D ANRMonitor:     at com.android.internal.os.RuntimeInit$MethodAndArgsCaller.run(RuntimeInit.java:493)
11-13 15:00:09.699  2033  2100 D ANRMonitor:     at com.android.internal.os.ZygoteInit.main(ZygoteInit.java:878)
11-13 15:00:09.700  1452  6655 I ANRManager: Create new log list for pid: 2033
11-13 15:00:09.700  1452  6655 I ANRManager: Add log successfully, pid = 2033
11-13 15:00:09.706   697 28356 E sensors-hal: handle_sns_std_sensor_event:43, win_orient_sample: ts=5302718091777 ns; value = [0.000000, 65.000000, 339.000000,0.000000]
11-13 15:00:09.707  1452  1510 V WindowOrientationListener: w_orient: framework Raw window_orientation data: x=0.0, y=0.0, z=0.0
11-13 15:00:09.707  1452  1510 V WindowOrientationListener: w_orient: oldProposedRotation=0 proposedRotation=0
11-13 15:00:09.720   684 18124 I vendor.qti.bluetooth@1.0-ibs_handler: ProcessIbsCmd: Received IBS_WAKE_IND: 0xFD
11-13 15:00:09.720   684 18124 D vendor.qti.bluetooth@1.0-ibs_handler: SerialClockVote: vote for UART CLK ON
11-13 15:00:09.720   684 18124 I vendor.qti.bluetooth@1.0-ibs_handler: ProcessIbsCmd: Writing IBS_WAKE_ACK
11-13 15:00:09.761   684 18124 I vendor.qti.bluetooth@1.0-ibs_handler: ProcessIbsCmd: Received IBS_SLEEP_IND: 0xFE
11-13 15:00:09.761   684 18124 D vendor.qti.bluetooth@1.0-ibs_handler: SerialClockVote: vote for UART CLK OFF
11-13 15:00:09.765   697 28356 E sensors-hal: handle_sns_std_sensor_event:43, win_orient_sample: ts=5302768091777 ns; value = [-1.000000, 66.000000, 0.000000,0.000000]
11-13 15:00:09.766  1452  1510 V WindowOrientationListener: w_orient: framework Raw window_orientation data: x=-1.0, y=0.0, z=0.0
11-13 15:00:09.766  1452  1510 V WindowOrientationListener: w_orient: oldProposedRotation=0 proposedRotation=-1
11-13 15:00:09.823   697 28356 E sensors-hal: handle_sns_std_sensor_event:43, win_orient_sample: ts=5302818091777 ns; value = [-1.000000, 67.000000, 0.000000,0.000000]
11-13 15:00:09.823   697 28356 E sensors-hal: handle_sns_std_sensor_event:43, win_orient_sample: ts=5302868091777 ns; value = [-1.000000, 68.000000, 0.000000,0.000000]
11-13 15:00:09.825  1452  1510 V WindowOrientationListener: w_orient: framework Raw window_orientation data: x=-1.0, y=0.0, z=0.0
11-13 15:00:09.825  1452  1510 V WindowOrientationListener: w_orient: oldProposedRotation=-1 proposedRotation=-1
11-13 15:00:09.825  1452  1510 V WindowOrientationListener: w_orient: framework Raw window_orientation data: x=-1.0, y=0.0, z=0.0
11-13 15:00:09.825  1452  1510 V WindowOrientationListener: w_orient: oldProposedRotation=-1 proposedRotation=-1
11-13 15:00:09.832   735   735 I SurfaceFlinger: FPS: 60
11-13 15:00:09.843   684 18124 I vendor.qti.bluetooth@1.0-ibs_handler: ProcessIbsCmd: Received IBS_WAKE_IND: 0xFD
11-13 15:00:09.843   684 18124 D vendor.qti.bluetooth@1.0-ibs_handler: SerialClockVote: vote for UART CLK ON
11-13 15:00:09.843   684 18124 I vendor.qti.bluetooth@1.0-ibs_handler: ProcessIbsCmd: Writing IBS_WAKE_ACK
11-13 15:00:09.880   697 28356 E sensors-hal: handle_sns_std_sensor_event:43, win_orient_sample: ts=5302918091777 ns; value = [-1.000000, 68.000000, 0.000000,0.000000]
11-13 15:00:09.881  1452  1510 V WindowOrientationListener: w_orient: framework Raw window_orientation data: x=-1.0, y=0.0, z=0.0
11-13 15:00:09.881  1452  1510 V WindowOrientationListener: w_orient: oldProposedRotation=-1 proposedRotation=-1
11-13 15:00:09.884   684 18124 I vendor.qti.bluetooth@1.0-ibs_handler: ProcessIbsCmd: Received IBS_SLEEP_IND: 0xFE
11-13 15:00:09.884   684 18124 D vendor.qti.bluetooth@1.0-ibs_handler: SerialClockVote: vote for UART CLK OFF
11-13 15:00:09.937   697 28356 E sensors-hal: handle_sns_std_sensor_event:43, win_orient_sample: ts=5302968091777 ns; value = [-1.000000, 69.000000, 0.000000,0.000000]
11-13 15:00:09.939  1452  1510 V WindowOrientationListener: w_orient: framework Raw window_orientation data: x=-1.0, y=0.0, z=0.0
11-13 15:00:09.939  1452  1510 V WindowOrientationListener: w_orient: oldProposedRotation=-1 proposedRotation=-1
11-13 15:00:09.966   684 18124 I vendor.qti.bluetooth@1.0-ibs_handler: ProcessIbsCmd: Received IBS_WAKE_IND: 0xFD
11-13 15:00:09.966   684 18124 D vendor.qti.bluetooth@1.0-ibs_handler: SerialClockVote: vote for UART CLK ON
11-13 15:00:09.966   684 18124 I vendor.qti.bluetooth@1.0-ibs_handler: ProcessIbsCmd: Writing IBS_WAKE_ACK
11-13 15:00:09.998   697  1812 E sensors-hal: handle_sns_std_sensor_event:86, proximity_b: ts = 5303064022610 ns; base = 5.000000 data = 140.000000 proximity 134.000000 
11-13 15:00:10.000  1452  1893 D SensorManager: framework alsps proximity_b raw_data dataX=5.0 to com.vivo.services.touchscreen.TouchScreenService$ProximitySensorMonitor@9a884c8
11-13 15:00:10.000  3957  3957 D SensorManager: framework alsps proximity_b raw_data dataX=5.0 to com.vivo.vivolight.ui.b.e$1@2c5dd20
11-13 15:00:10.000   716   716 D touchscreen: 30 bytes have been write to app name
11-13 15:00:10.007   684 18124 I vendor.qti.bluetooth@1.0-ibs_handler: ProcessIbsCmd: Received IBS_SLEEP_IND: 0xFE
11-13 15:00:10.007   684 18124 D vendor.qti.bluetooth@1.0-ibs_handler: SerialClockVote: vote for UART CLK OFF
11-13 15:00:10.051   735   735 I ConfigStore: android::hardware::configstore::V1_0::ISurfaceFlingerConfigs::hasHDRDisplay retrieved: 1
11-13 15:00:10.052   735   735 I chatty  : uid=1000(system) /system/bin/surfaceflinger identical 2 lines
11-13 15:00:10.053   735   735 I ConfigStore: android::hardware::configstore::V1_0::ISurfaceFlingerConfigs::hasHDRDisplay retrieved: 1
11-13 15:00:10.094   697  1812 E sensors-hal: handle_sns_std_sensor_event:86, proximity_b: ts = 5303062280839 ns; base = 5.000000 data = 140.000000 proximity 134.000000 
11-13 15:00:10.095   697  1812 I sensors-hal: submit_sensors_hal_event:107, (tmd3702 Proximity_b Sensor Non-wakeup)dropping un-ordered ts samples _previous 5303064022610 and current ts 5303062280839
11-13 15:00:10.095   697  1812 E sensors-hal: handle_sns_std_sensor_event:86, proximity_b: ts = 5303163911360 ns; base = 5.000000 data = 122.000000 proximity 134.000000 
11-13 15:00:10.105   697  1812 E sensors-hal: handle_sns_std_sensor_event:86, proximity_b: ts = 5303162172610 ns; base = 5.000000 data = 122.000000 proximity 134.000000 
11-13 15:00:10.105   697  1812 I sensors-hal: submit_sensors_hal_event:107, (tmd3702 Proximity_b Sensor Non-wakeup)dropping un-ordered ts samples _previous 5303163911360 and current ts 5303162172610
11-13 15:00:10.157   684 18119 D vendor.qti.bluetooth@1.0-wake_lock: Release wakelock is released 
11-13 15:00:10.195   697  1812 E sensors-hal: handle_sns_std_sensor_event:86, proximity_b: ts = 5303264019589 ns; base = 5.000000 data = 116.000000 proximity 134.000000 
11-13 15:00:10.239   684 18124 I vendor.qti.bluetooth@1.0-ibs_handler: ProcessIbsCmd: Received IBS_WAKE_IND: 0xFD
11-13 15:00:10.239   684 18124 D vendor.qti.bluetooth@1.0-ibs_handler: SerialClockVote: vote for UART CLK ON
11-13 15:00:10.240   684 18124 D vendor.qti.bluetooth@1.0-wake_lock: Acquire wakelock is acquired 
11-13 15:00:10.240   684 18124 I vendor.qti.bluetooth@1.0-ibs_handler: ProcessIbsCmd: Writing IBS_WAKE_ACK
11-13 15:00:10.240  2033  2033 I KeyguardHostContainer: keygurad touch event : MotionEvent { action=ACTION_DOWN, actionButton=0, id[0]=0, x[0]=776.0, y[0]=1761.0, toolType[0]=TOOL_TYPE_FINGER, buttonState=0, metaState=0, flags=0x0, edgeFlags=0x0, pointerCount=1, historySize=0, eventTime=4606012, downTime=4606012, deviceId=6, source=0x1002 }
11-13 15:00:10.241  2033  2033 I KeyguardMagazine: MotionEvent.ACTION_DOWN
11-13 15:00:10.242  2033  2033 I KeyguardMagazine: touchOnIcons = false, camera = false
11-13 15:00:10.280   684 18124 I vendor.qti.bluetooth@1.0-ibs_handler: ProcessIbsCmd: Received IBS_SLEEP_IND: 0xFE
11-13 15:00:10.281   684 18124 D vendor.qti.bluetooth@1.0-ibs_handler: SerialClockVote: vote for UART CLK OFF
11-13 15:00:10.337  2287  2287 I PopMenuView: VivoMultiWindowApp- hide:call setResizing 
11-13 15:00:10.337  2287  2287 I DividerView: VivoMultiWindowApp- setResizing:set to false from false
11-13 15:00:10.363   684 18124 I vendor.qti.bluetooth@1.0-ibs_handler: ProcessIbsCmd: Received IBS_WAKE_IND: 0xFD
11-13 15:00:10.364   684 18124 D vendor.qti.bluetooth@1.0-ibs_handler: SerialClockVote: vote for UART CLK ON
11-13 15:00:10.364   684 18124 I vendor.qti.bluetooth@1.0-ibs_handler: ProcessIbsCmd: Writing IBS_WAKE_ACK
11-13 15:00:10.404   684 18124 I vendor.qti.bluetooth@1.0-ibs_handler: ProcessIbsCmd: Received IBS_SLEEP_IND: 0xFE
11-13 15:00:10.404   684 18124 D vendor.qti.bluetooth@1.0-ibs_handler: SerialClockVote: vote for UART CLK OFF
11-13 15:00:10.440  1452  1514 I JEPH    : moveInterval = 203,mTotalMove=0
11-13 15:00:10.453  2033  2033 I KeyguardHostContainer: keygurad touch event : MotionEvent { action=ACTION_UP, actionButton=0, id[0]=0, x[0]=952.0, y[0]=596.0, toolType[0]=TOOL_TYPE_FINGER, buttonState=0, metaState=0, flags=0x0, edgeFlags=0x0, pointerCount=1, historySize=0, eventTime=4606214, downTime=4606012, deviceId=6, source=0x1002 }
11-13 15:00:10.454  2033  2033 I KeyguardMagazine: ACTION_UP Y = -1165, X = 176, forward = 1
11-13 15:00:10.454  2033  2033 I KeyguardMagazine: unlock - true, duration - 500
11-13 15:00:10.503   684 18124 I vendor.qti.bluetooth@1.0-ibs_handler: ProcessIbsCmd: Received IBS_WAKE_IND: 0xFD
11-13 15:00:10.503   684 18124 D vendor.qti.bluetooth@1.0-ibs_handler: SerialClockVote: vote for UART CLK ON
11-13 15:00:10.503   684 18124 I vendor.qti.bluetooth@1.0-ibs_handler: ProcessIbsCmd: Writing IBS_WAKE_ACK
11-13 15:00:10.544   684 18124 I vendor.qti.bluetooth@1.0-ibs_handler: ProcessIbsCmd: Received IBS_SLEEP_IND: 0xFE
11-13 15:00:10.544   684 18124 D vendor.qti.bluetooth@1.0-ibs_handler: SerialClockVote: vote for UART CLK OFF
11-13 15:00:10.651  2033  2033 I KeyguardMagazine: launchingPC - false, onLRIcon - false, canceled - false, launchedPC- false
11-13 15:00:10.652  2033  2033 I KeyguardMagazine: mayDismiss onLRIcon=false, camera =false, launchedPC = false, launchingPC = false
11-13 15:00:10.652  2033  2033 I VivoKeyguardMediator: dismiss anim = false
11-13 15:00:10.652  2033  2033 I StatusBar: SystemUI|showKeyguard fading away false
11-13 15:00:10.652  2033  2033 I KeyguardNotificationManager: SystemUI|enterKeyguardState, doNotChangeKeyguardBackground = false, mState = 1, StateUtils.getStatusBarState() = 1
11-13 15:00:10.657  1068  1068 E wificond: vivo add tx_good 252104 tx_bad 159 rx_good 1207930 tx_retry 27516
11-13 15:00:10.658  1452  1834 D WificondControl: vivo add pollResult txgood 252104 txbad 159 rxgood 1207930 txretry 27516
11-13 15:00:10.658  1452  1834 D VivoWifiRssiMap: setFirstFetchRssi, mFirstFetchRssi:-58, rssi:-53
11-13 15:00:10.658  1452  1834 D VivoWifiRssiMap: setWifiRssi, rssi:-53
11-13 15:00:10.669  2033  2033 D         : get the real res id 0x01850130
11-13 15:00:10.670  2033  2033 D         : get the real res id 0x01850137
11-13 15:00:10.670  2033  2033 D         : get the real res id 0x01850137
11-13 15:00:10.671  2033  2033 D         : get the real res id 0x01850130
11-13 15:00:10.671  2033  2033 D         : get the real res id 0x0185012f
11-13 15:00:10.671  2033  2033 D         : get the real res id 0x0183031f
11-13 15:00:10.672  2033  2033 D         : get the real res id 0x0183031f
11-13 15:00:10.673  2033  2033 D         : get the real res id 0x01850130
11-13 15:00:10.673  2033  2033 D         : get the real res id 0x0185012f
11-13 15:00:10.673  2033  2033 D         : get the real res id 0x01850140
11-13 15:00:10.674  2033  2033 D         : get the real res id 0x01850130
11-13 15:00:10.674  2033  2033 D         : get the real res id 0x0185012f
11-13 15:00:10.674  2033  2033 D         : get the real res id 0x01850130
11-13 15:00:10.674  2033  2033 D         : get the real res id 0x0185012f
11-13 15:00:10.676  2033  2033 D         : get the real res id 0x01850130
11-13 15:00:10.676  2033  2033 D         : get the real res id 0x01850137
11-13 15:00:10.676  2033  2033 D         : get the real res id 0x01850137
11-13 15:00:10.677  2033  2033 D         : get the real res id 0x01850130
11-13 15:00:10.677  2033  2033 D         : get the real res id 0x0185012f
11-13 15:00:10.677  2033  2033 D         : get the real res id 0x0183031f
11-13 15:00:10.677  2033  2033 D         : get the real res id 0x0183031f
11-13 15:00:10.677  2033  2033 D         : get the real res id 0x01850130
11-13 15:00:10.677  2033  2033 D         : get the real res id 0x0185012f
11-13 15:00:10.678  2033  2033 D         : get the real res id 0x01850140
11-13 15:00:10.678  2033  2033 D         : get the real res id 0x01850130
11-13 15:00:10.678  2033  2033 D         : get the real res id 0x0185012f
11-13 15:00:10.678  2033  2033 D         : get the real res id 0x01850130
11-13 15:00:10.678  2033  2033 D         : get the real res id 0x0185012f
11-13 15:00:10.679  2033  2033 I FullScreenDeferFreshHelper: SystemUI|addBarVisListener, too more listener
11-13 15:00:10.680  2033  2033 I NotificationContainerParentFloor: SystemUI|hasDismissedChild= true
11-13 15:00:10.681  2033  2033 D StatusBar: disable<e i a s b H R c s > disable2<q i n >
11-13 15:00:10.686  2033  2033 I StatusBar: SystemUI|updateFlagSlipperyForNavBar >> slippery = true
11-13 15:00:10.686  2033  2033 I PanelView: SystemUI|expand: barState= 1, isFullyCollapsed= false, isCollapsing= false
11-13 15:00:10.686  2033  2033 D StatusBar: disable<e i a s b H R c s > disable2<q i n >
11-13 15:00:10.688  2639  2639 D UpSlideTransparentView: UpSlide|toggleUpSlideView >>> collapse = true
11-13 15:00:10.689  2639  2639 D UpSlideTransparentView: UpSlide|perform collapse, mState = 4, duringAnim = false
11-13 15:00:10.689  2639  3213 I UpSlideHelper: UpSlide|onKeyguardStateChanged >>> showing = true locked = true
11-13 15:00:10.689  2639  3213 I InputMonitorManager: UpSlide|onKeyguardStateChanged >> isKeyguardShowing = true
11-13 15:00:10.689  2639  3213 I UpSlideTransparentView: UpSlide|onKeyguardStateChanged >> isKeyguardShowing = true
11-13 15:00:10.690  2639  2639 I InputMonitorManager: UpSlide|updateInputMonitor >> inputMonitorState = 0 mUsingInputMonitor = false mViewState = 4
11-13 15:00:10.690  2033  2033 D KeyguardSecurityContainer: showNextSecurityScreenOrFinish(false),None
11-13 15:00:10.690  2639  2639 I WifiApSwitcher: UpSlide|refreshDisplay >>> current wifi ap state is 11
11-13 15:00:10.690  2639  2639 D BluetoothSwitcher: UpSlide|update Switcher_藍牙, state is 10
11-13 15:00:10.691  2639  2639 D LocationSwitcher: UpSlide|update Switcher_定位服務, state is true
11-13 15:00:10.691  2033  2033 D KeyguardViewMediator: handleKeyguardDone
11-13 15:00:10.691  2033  2033 D KeyguardViewMediator: handleHide
11-13 15:00:10.691  2033  2033 D KeyguardViewMediator: keyguardGoingAway
11-13 15:00:10.692  2033  2117 I VivoFaceUnlockHelper: stopFaceUnlock!
11-13 15:00:10.692  1452  4041 D FaceDetectService: stopAuthenticate() calling pid = 2033
11-13 15:00:10.692  1452  1905 I FaceDetectService: FaceDetectHandler handleMessage MyHandler {FACE_DETECT_MSG_START_OPERATION,call for:stopAuthenticateModel,204}
11-13 15:00:10.692  1452  1905 I FaceDetectService: FaceDetectHandler handleMessage MyHandler {FACE_DETECT_MSG_FINISH_OPERATION,call for:processUnFinishedEvent,205}
11-13 15:00:10.692  1452  8885 D ActivityTrigger: activityResumeTrigger: The activity in ApplicationInfo{50d7f5a com.EpicGames.AndroidQuickStart} is now in focus and seems to be in full-screen mode
11-13 15:00:10.692  1452  8885 E ActivityTrigger: activityResumeTrigger: not whiteListedcom.EpicGames.AndroidQuickStart/com.epicgames.ue4.GameActivity/1
11-13 15:00:10.692  1452  1907 I FaceDetectService: CameraHandler handleMessage CameraHandler {FACE_DETECT_MSG_STOP_TOF_SECCAMERA,call for:handleReleaseResources,501}
11-13 15:00:10.692  1452  1907 D FaceDetectService: handleStopTOFSecureCamera mCameraType:1
11-13 15:00:10.692  1452  1907 I FaceDetectService: CameraHandler handleMessage CameraHandler {FACE_DETECT_MSG_RELEASE_CAMERA,call for:handleReleaseResources,109}
11-13 15:00:10.692  1452  1907 I FaceDetectService: handleReleaseCamera: mCameraOpenStatus = 1
11-13 15:00:10.692  1452  1907 D FaceDetectService: handleStopTOFSecureCamera mCameraType:1
11-13 15:00:10.692  2639  2639 D VibrateSwitcher: UpSlide|update Switcher_震動模式, on is false
11-13 15:00:10.692  2639  2639 D GameDNDSwitcher: UpSlide|update Switcher_遊戲模式, state is false
11-13 15:00:10.693  2639  2639 D DataSwitcher: UpSlide|updateSwitcherButton OFF_2
11-13 15:00:10.693  2639  2639 D PortraitSwitcher: UpSlide|update Switcher_縱向鎖定, on is false
11-13 15:00:10.693  2639  2639 E FloatingBallSwitcher: UpSlide|floatingBallModeOn = false
11-13 15:00:10.693  2639  2639 D FloatingBallSwitcher: UpSlide|update Switcher_Easy Touch, on is false
11-13 15:00:10.694  2639  2639 I LowPowerModeSwitcher: refreshDisplay >>> mModeOn = false
11-13 15:00:10.694  2639  2639 D SplitScreenSwitcher: UpSlide|update Switcher_多任務, state is false
11-13 15:00:10.694   684 18119 D vendor.qti.bluetooth@1.0-wake_lock: Release wakelock is released 
11-13 15:00:10.695  2639  2639 D status_wifi: UpSlide|get tri-state, mInTransition = false
11-13 15:00:10.695  1452  8885 V WindowManager: updateOrientationFromAppTokensLocked:forceUpdate=true displayId=0 req=1 dc.getLastOrientation()=5 isInVivoMultiWindowIgnoreVisibility()=false mVivoPauseRotationFlag=false mDeferredRotationPauseCount=0 bVivoForceUpdateValid=true
11-13 15:00:10.695  2639  2639 D WifiSwitcher: UpSlide|update wifi-button, TriState = 1
11-13 15:00:10.695  1452  8885 I RatioControllerUtils: addDisplayId, pid = 28287, displayId = 0, reason = ensureConfig:Intent { flg=0x10010000 cmp=com.EpicGames.AndroidQuickStart/com.epicgames.ue4.GameActivity (has extras) }
11-13 15:00:10.696  1452  8885 I chatty  : uid=1000(system) Binder:1452_1C identical 1 line
11-13 15:00:10.697  1452  8885 I RatioControllerUtils: addDisplayId, pid = 28287, displayId = 0, reason = ensureConfig:Intent { flg=0x10010000 cmp=com.EpicGames.AndroidQuickStart/com.epicgames.ue4.GameActivity (has extras) }
11-13 15:00:10.698  1452  8885 D CompatibilityInfo: mCompatibilityFlags - 10
11-13 15:00:10.698  1452  8885 D CompatibilityInfo: applicationDensity - 480
11-13 15:00:10.698  1452  8885 D CompatibilityInfo: applicationScale - 1.0
11-13 15:00:10.700  2615  2615 I NightPearlService: mDisplayListener displayId 0 change state to ON visible false isDisplayReceiveDoze false
11-13 15:00:10.700  2033  2069 D KeyguardService: startKeyguardExitAnimation
11-13 15:00:10.700  1452  1452 I FaceMultiDisplay: onDisplayChanged displayId is:0
11-13 15:00:10.701 10415 10501 I TransitionManager: MultiDisplay_BackTool|display state changed: 0 ON
11-13 15:00:10.701  2639  2639 D status_wifi: UpSlide|get tri-state, mInTransition = false
11-13 15:00:10.701  1452  8885 V VivoBaseDisplayContent:  updateDockBackground bForceShow=false divider_bg_enable=true bShowBg=false mForceShowFlag=false isVivoDockedDividerResizing=false topStack={stackId=32 tasks=[{taskId=264 appTokens=[AppWindowToken{2bc8305 token=Token{1b9ee7c ActivityRecord{6eaec4e u0 com.EpicGames.AndroidQuickStart/com.epicgames.ue4.GameActivity d0 s32 t264}}}] mdr=false}]} splitScreenPrimaryStack=null topSecondaryStack=null appBounds=null
11-13 15:00:10.701  8040  8040 I FtDeviceUtil: onDefaultDisplayChanged displayId :0 rotation : 0
11-13 15:00:10.702  8040  8040 I FtDeviceUtil: initKeyboardSize getCurrentRotation rotation ：0
11-13 15:00:10.702  2033  2100 D ANRMonitor: Main looper busy for 3000ms
11-13 15:00:10.702  2639  2639 D MiniscreenSwitcher: UpSlide|update Switcher_小螢幕模式, state is false
11-13 15:00:10.702  2639  2639 W Settings: Setting airplane_mode_on has moved from android.provider.Settings.System to android.provider.Settings.Global, returning read-only value.
11-13 15:00:10.702  2639  2639 E OfflineSwitcher: airplaneModeOn = false
11-13 15:00:10.702  2639  2639 D OfflineSwitcher: UpSlide|update Switcher_飛航模式, on is false
11-13 15:00:10.702  2639  2639 D SilentModeSwitcher: UpSlide|Update Switcher_靜音模式, on is false
11-13 15:00:10.702  2639  2639 I SilentModeSwitcher: UpSlide|refreshDisplay >> mRingerMode = 2 mVibrateMode = 1
11-13 15:00:10.702  2033  2100 D ANRMonitor: getBinderCall = android.app.IActivityManager$Stub$Proxy.keyguardGoingAway
11-13 15:00:10.702  2639  2639 D FlashlightSwitcher: UpSlide|update Switcher_手電筒, flashState is false
11-13 15:00:10.702  2033  2100 D ANRMonitor: Now stack trace:
11-13 15:00:10.702  2033  2100 D ANRMonitor:     at android.os.BinderProxy.transactNative(Native Method)
11-13 15:00:10.703  2033  2100 D ANRMonitor:     at android.os.BinderProxy.transact(Binder.java:1134)
11-13 15:00:10.703  2033  2100 D ANRMonitor:     at android.app.IActivityManager$Stub$Proxy.keyguardGoingAway(IActivityManager.java:8488)
11-13 15:00:10.703  2033  2100 D ANRMonitor:     at com.android.systemui.keyguard.KeyguardViewMediator$6.run(KeyguardViewMediator.java:2024)
11-13 15:00:10.703  2033  2100 D ANRMonitor:     at com.android.systemui.keyguard.KeyguardViewMediator.handleHide(KeyguardViewMediator.java:2057)
11-13 15:00:10.703  2033  2100 D ANRMonitor:     at com.android.systemui.keyguard.KeyguardViewMediator.handleKeyguardDone(KeyguardViewMediator.java:1840)
11-13 15:00:10.703  2033  2100 D ANRMonitor:     at com.android.systemui.keyguard.KeyguardViewMediator.tryKeyguardDone(KeyguardViewMediator.java:1792)
11-13 15:00:10.703  2033  2100 D ANRMonitor:     at com.android.systemui.keyguard.KeyguardViewMediator.lambda$new$99$KeyguardViewMediator(KeyguardViewMediator.java:2034)
11-13 15:00:10.703  2033  2100 D ANRMonitor:     at com.android.systemui.keyguard.KeyguardViewMediator$$Lambda$0.run(Unknown Source:2)
11-13 15:00:10.703  2033  2100 D ANRMonitor:     at com.android.systemui.statusbar.phone.StatusBarKeyguardViewManager.startPreHideAnimation(StatusBarKeyguardViewManager.java:455)
11-13 15:00:10.703  2033  2100 D ANRMonitor:     at com.android.systemui.keyguard.KeyguardViewMediator.tryKeyguardDone(KeyguardViewMediator.java:1796)
11-13 15:00:10.703  2033  2100 D ANRMonitor:     at com.android.systemui.keyguard.KeyguardViewMediator.access$1300(KeyguardViewMediator.java:149)
11-13 15:00:10.703  2033  2100 D ANRMonitor:     at com.android.systemui.keyguard.KeyguardViewMediator$2.keyguardDone(KeyguardViewMediator.java:617)
11-13 15:00:10.703  2033  2100 D ANRMonitor:     at com.android.keyguard.KeyguardHostView.finish(KeyguardHostView.java:238)
11-13 15:00:10.703  2033  2100 D ANRMonitor:     at com.android.keyguard.KeyguardSecurityContainer.showNextSecurityScreenOrFinish(KeyguardSecurityContainer.java:441)
11-13 15:00:10.703  2033  2100 D ANRMonitor:     at com.android.keyguard.KeyguardHostView.dismiss(KeyguardHostView.java:213)
11-13 15:00:10.703  2033  2100 D ANRMonitor:     at com.android.keyguard.KeyguardHostView.dismiss(KeyguardHostView.java:196)
11-13 15:00:10.703  2033  2100 D ANRMonitor:     at com.android.systemui.statusbar.phone.KeyguardBouncer.show(KeyguardBouncer.java:185)
11-13 15:00:10.703  2033  2100 D ANRMonitor:     at com.android.systemui.statusbar.phone.StatusBarKeyguardViewManager.showBouncer(StatusBarKeyguardViewManager.java:258)
11-13 15:00:10.703  2033  2100 D ANRMonitor:     at com.android.systemui.statusbar.phone.StatusBarKeyguardViewManager.dismiss(StatusBarKeyguardViewManager.java:610)
11-13 15:00:10.703  2033  2100 D ANRMonitor:     at com.android.systemui.statusbar.phone.StatusBarKeyguardViewManager.dismiss(StatusBarKeyguardViewManager.java:913)
11-13 15:00:10.703  2033  2100 D ANRMonitor:     at com.vivo.keyguard.presenter.VivoKeyguardMediator.dismiss(VivoKeyguardMediator.java:350)
11-13 15:00:10.703  2033  2100 D ANRMonitor:     at com.vivo.keyguard.views.KeyguardHostContainer.dismiss(KeyguardHostContainer.java:612)
11-13 15:00:10.703  2033  2100 D ANRMonitor:     at com.vivo.keyguard.views.KeyguardCustomViewBase.dismiss(KeyguardCustomViewBase.java:201)
11-13 15:00:10.703  2033  2100 D ANRMonitor:     at com.vivo.keyguard.views.themes.magazine.KeyguardMagazine.mayDismiss(KeyguardMagazine.java:1427)
11-13 15:00:10.703  2033  2100 D ANRMonitor:     at com.vivo.keyguard.views.themes.magazine.KeyguardMagazine.moveViewsUp(KeyguardMagazine.java:1392)
11-13 15:00:10.703  2033  2100 D ANRMonitor:     at com.vivo.keyguard.views.themes.magazine.KeyguardMagazine.access$1800(KeyguardMagazine.java:71)
11-13 15:00:10.703  2033  2100 D ANRMonitor:     at com.vivo.keyguard.views.themes.magazine.KeyguardMagazine$7.onAnimationEnd(KeyguardMagazine.java:1319)
11-13 15:00:10.703  2033  2100 D ANRMonitor:     at android.animation.Animator$AnimatorListener.onAnimationEnd(Animator.java:552)
11-13 15:00:10.703  2033  2100 D ANRMonitor:     at android.animation.AnimatorSet.endAnimation(AnimatorSet.java:1294)
11-13 15:00:10.703  2033  2100 D ANRMonitor:     at android.animation.AnimatorSet.doAnimationFrame(AnimatorSet.java:1079)
11-13 15:00:10.703  2033  2100 D ANRMonitor:     at android.animation.AnimationHandler.doAnimationFrame(AnimationHandler.java:146)
11-13 15:00:10.703  2033  2100 D ANRMonitor:     at android.animation.AnimationHandler.access$100(AnimationHandler.java:37)
11-13 15:00:10.703  2033  2100 D ANRMonitor:     at android.animation.AnimationHandler$1.doFrame(AnimationHandler.java:54)
11-13 15:00:10.703  2033  2100 D ANRMonitor:     at android.view.Choreographer$CallbackRecord.run(Choreographer.java:1061)
11-13 15:00:10.703  2033  2100 D ANRMonitor:     at android.view.Choreographer.doCallbacks(Choreographer.java:875)
11-13 15:00:10.703  2033  2100 D ANRMonitor:     at android.view.Choreographer.doFrame(Choreographer.java:804)
11-13 15:00:10.703  2033  2100 D ANRMonitor:     at android.view.Choreographer$FrameDisplayEventReceiver.run(Choreographer.java:1049)
11-13 15:00:10.703  2033  2100 D ANRMonitor:     at android.os.Handler.handleCallback(Handler.java:873)
11-13 15:00:10.703  2033  2100 D ANRMonitor:     at android.os.Handler.dispatchMessage(Handler.java:99)
11-13 15:00:10.703  2033  2100 D ANRMonitor:     at android.os.Looper.loop(Looper.java:209)
11-13 15:00:10.703  2033  2100 D ANRMonitor:     at android.app.ActivityThread.main(ActivityThread.java:6956)
11-13 15:00:10.703  2033  2100 D ANRMonitor:     at java.lang.reflect.Method.invoke(Native Method)
11-13 15:00:10.703  2033  2100 D ANRMonitor:     at com.android.internal.os.RuntimeInit$MethodAndArgsCaller.run(RuntimeInit.java:493)
11-13 15:00:10.703  2033  2100 D ANRMonitor:     at com.android.internal.os.ZygoteInit.main(ZygoteInit.java:878)
11-13 15:00:10.704  2639  2914 W Settings: Setting airplane_mode_on has moved from android.provider.Settings.System to android.provider.Settings.Global, returning read-only value.
11-13 15:00:10.704  2639  2914 E ApnSwitcher: airplaneModeOn = false
11-13 15:00:10.704  2639  2639 D ApnSwitcher: update Switcher_數據網絡, on is false
11-13 15:00:10.704  1452  6655 I ANRManager: Add log successfully, pid = 2033
11-13 15:00:10.704  1452  1528 D ActivityManager: notifyActivityDrawn: token=Token{1b9ee7c ActivityRecord{6eaec4e u0 com.EpicGames.AndroidQuickStart/com.epicgames.ue4.GameActivity d0 s32 t264}} r=ActivityRecord{6eaec4e u0 com.EpicGames.AndroidQuickStart/com.epicgames.ue4.GameActivity d0 s32 t264}
11-13 15:00:10.705  1452  1528 D ActivityManager: notifyActivityDrawnLocked r : ActivityRecord{6eaec4e u0 com.EpicGames.AndroidQuickStart/com.epicgames.ue4.GameActivity d0 s32 t264}
11-13 15:00:10.705  1452  1528 I InputManager-JNI: Viewport [1] to add: local:secondary
11-13 15:00:10.705 28287 28308 D UE4     : LogAndroidEvents::EnqueueAppEvent : 9, [width=-1, height=-1], tid = 28308, APP_EVENT_STATE_ON_START
11-13 15:00:10.705 28287 28287 D UE4     : [GameActivity] Creating console command broadcast listener
11-13 15:00:10.705  1452  1818 I InputReader: Reconfiguring input devices.  changes=0x00000004
11-13 15:00:10.706   733  3128 V APM_AudioPolicyManager: AudioPolicyManager:setRecordSilenced(uid:10227, silenced:0)
11-13 15:00:10.706 28287 28287 D UE4     : [GameActivity] ==================================> Inside onStart function in GameActivity
11-13 15:00:10.706   733  3128 V AudioFlinger: AudioFlinger::setRecordSilenced(uid:10227, silenced:0)
11-13 15:00:10.706  1452  1509 D VivoStack: handleDisplayChanged displayId:0 displayState:2
11-13 15:00:10.706 28287 28287 V UE4     : [GameApp] App in foreground
11-13 15:00:10.707  1033  1130 E         :  fwmarkd data available: socket = 5, pid = 1452
11-13 15:00:10.707  1033  1130 E         :  fwmarkd data available: reslut = 0
11-13 15:00:10.711  2033  2033 D KeyguardViewMediator: handleStartKeyguardExitAnimation startTime=4606476 fadeoutDuration=0
11-13 15:00:10.712  2033  2033 I VivoKeyguardMediator: playSounds locked - false
11-13 15:00:10.712  2033  2033 D KeyguardViewMediator: setShowingLocked false true false falsefalse -1 -1
11-13 15:00:10.712  1452  8885 D KeyguardServiceDelegate: onKeyguardShowing: false
11-13 15:00:10.712  1452  8885 I FingerprintUnlockController: onKeyguardShown false
11-13 15:00:10.712  1452  8885 I KeyguardUpdateMonitorCallback: onKeyguardShown false occluded: false
11-13 15:00:10.712  1452  8885 I UDFingerprintHandle: dispatchEvent: WINDOW_EVENT_KEYGUARD_EXIT
11-13 15:00:10.712  2033  2129 V PlayerBase: baseStart() piid=23
11-13 15:00:10.712  1452  1806 I UDFingerprintHandle: handleMessage: MSG_FINGER_KEYGURD_EXIT
11-13 15:00:10.712  1452  1806 I UDFingerprintHandle: handleExitKeyguard: false:true:false
11-13 15:00:10.712  1452  1806 I UDFingerprintHandle: cancelAuthenticate: false:false
11-13 15:00:10.712  1452  1806 I UDCommon/UDFingerHandle: receiveCommand: who: UDFingerprintKey, CMD_FORBID_FINGER_ICON normal finger icon
11-13 15:00:10.712  1452  1806 I FingerprintKey: clearRebootProp
11-13 15:00:10.712  1452  1809 I UDCommon/UDFingerprintController: onIconState: false:false:UDFingerprintKey
11-13 15:00:10.712   733  3128 V APM::AudioPolicyEngine: getDeviceForStrategy() strategy 0, device 2
11-13 15:00:10.712  1452  1809 I UDCommon/FingerFactory: updateIconState: normal:0:11:true:normal
11-13 15:00:10.712   733  3128 V APM_AudioPolicyManager: selectOutput() commonFlags for output 13, 0000
11-13 15:00:10.712  1452  1510 I UDFingerprintHandle: Face handleMessage: 2002
11-13 15:00:10.712   733  3128 V APM_AudioPolicyManager: selectOutput() commonFlags for output 21, 0000
11-13 15:00:10.712  1452  1809 W UDCommon/UDFingerprintDispatch: updateFingerIcon failed false
11-13 15:00:10.712   733  3128 V APM_AudioPolicyManager: getOutput() stream 1 selected device 00000002, output 13
11-13 15:00:10.712  1452  1510 I UDFingerprintHandle: stop face:mIsFingerFaceCombine=false mCombineIsRunning=false
11-13 15:00:10.713  1452  1808 I FingerAlarmTimer: handleMessage: 1001
11-13 15:00:10.713  2033  2033 D KeyguardViewMediator: send keyguard state changed broadcast, showing: false
11-13 15:00:10.713   733  3128 V APM::AudioPolicyEngine: getDeviceForStrategy() strategy 0, device 2
11-13 15:00:10.713   733  3128 V APM_AudioPolicyManager: selectOutput() commonFlags for output 13, 0000
11-13 15:00:10.713   733  3128 V APM_AudioPolicyManager: selectOutput() commonFlags for output 21, 0000
11-13 15:00:10.713   733  3128 V APM_AudioPolicyManager: getOutput() stream 1 selected device 00000002, output 13
11-13 15:00:10.713  2033  2129 D AudioTrack: set(): streamType 1, sampleRate 44100, format 0x1, channelMask 0x3, frameCount 0, flags #20004, notificationFrames 0, sessionId 0, transferType 0, uid -1, pid -1
11-13 15:00:10.713  2033  2129 V AudioTrack: sharedBuffer: 0x73eae02000, size: 44100
11-13 15:00:10.713  2033  2129 V AudioTrack: set() streamType 1 frameCount 0 flags 20004
11-13 15:00:10.713  2033  2129 V AudioTrack: Building AudioTrack with attributes: usage=13 content=4 flags=0x0 tags=[]
11-13 15:00:10.713   733  3128 V APM_AudioPolicyManager: getOutputForAttr() usage=13, content=4, tag= flags=00000000 session 353 selectedDeviceId 0
11-13 15:00:10.713  1452  1806 I FingerKeyFactory: sendCommand: 32536:1
11-13 15:00:10.713   733  3128 V APM::AudioPolicyEngine: getDeviceForStrategy() strategy 0, device 2
11-13 15:00:10.713   733  3128 V APM_AudioPolicyManager: getOutputForAttr() device 0x2, sampling rate 44100, format 0x1, channel mask 0x3, flags 0x20004
11-13 15:00:10.713   733  3128 V APM_AudioPolicyManager: selectOutput() commonFlags for output 13, 0000
11-13 15:00:10.713   733  3128 V APM_AudioPolicyManager: selectOutput() commonFlags for output 21, 0001
11-13 15:00:10.713   733  3128 V AudioPolicyManagerCustom: getOutputForDevice() returns output 21
11-13 15:00:10.713   733  3128 V APM_AudioPolicyManager:   getOutputForAttr() returns output 21 selectedDeviceId 3
11-13 15:00:10.713   733  3128 V AudioFlinger: createTrack() sessionId: 353
11-13 15:00:10.713  1452  1806 I UDCommon/UDFingerHandle: receiveCommand: who: sim_pin, CMD_ICON_SHOW_HIDE show finger icon
11-13 15:00:10.713  1452  1806 I UDCommon/UDFingerHandle: receiveCommand: who: foreground_app, CMD_ICON_SHOW_HIDE show finger icon
11-13 15:00:10.713  1452  1806 I UDCommon/UDFingerHandle: receiveCommand: who: face_unlock, CMD_ICON_SHOW_HIDE show finger icon
11-13 15:00:10.713  1452  4041 E ActivityManager: Sending non-protected broadcast com.vivo.action.KEYGUARD_STATE_CHANGED from system 2033:com.android.systemui/u0a28 pkg com.android.systemui
11-13 15:00:10.713  1452  1806 I UDCommon/UDFingerHandle: receiveCommand: who: camera, CMD_ICON_SHOW_HIDE show finger icon
11-13 15:00:10.713  1452  1452 I FingerprintService: sendCommand 32536:1
11-13 15:00:10.713  1452  1806 I UDCommon/UDFingerHandle: receiveCommand: who: phone_ring_offhook, CMD_ICON_SHOW_HIDE show finger icon
11-13 15:00:10.713  1452  1806 I fingerprintCollect: writeData: label: 10738
11-13 15:00:10.713  1452  1809 W UDCommon/UDFingerprintController: notify finger icon state denied/invalid display state manager
11-13 15:00:10.713  1452  1806 I fingerprintCollect: clear reboot and auth.
11-13 15:00:10.713  1452  1809 I UDCommon/UDFingerprintController: onIconShowHide: request: true final: true who: sim_pin
11-13 15:00:10.713  1452  1809 W UDCommon/UDFingerprintDispatch: showHideFingerIcon failed false
11-13 15:00:10.713  1452  1809 W UDCommon/UDFingerprintController: notify finger icon state denied/invalid display state manager
11-13 15:00:10.713  1452  1809 I UDCommon/UDFingerprintController: onIconShowHide: request: true final: true who: foreground_app
11-13 15:00:10.713  1452  1809 W UDCommon/UDFingerprintDispatch: showHideFingerIcon failed false
11-13 15:00:10.713  1452  1809 W UDCommon/UDFingerprintController: notify finger icon state denied/invalid display state manager
11-13 15:00:10.713  1452  1809 I UDCommon/UDFingerprintController: onIconShowHide: request: true final: true who: face_unlock
11-13 15:00:10.713  1452  1809 W UDCommon/UDFingerprintDispatch: showHideFingerIcon failed false
11-13 15:00:10.713  1452  1809 W UDCommon/UDFingerprintController: notify finger icon state denied/invalid display state manager
11-13 15:00:10.713  1452  1809 I UDCommon/UDFingerprintController: onIconShowHide: request: true final: true who: camera
11-13 15:00:10.713  1452  1809 W UDCommon/UDFingerprintDispatch: showHideFingerIcon failed false
11-13 15:00:10.713  1452  1809 W UDCommon/UDFingerprintController: onIconShowHide: omit phone call request
11-13 15:00:10.714  1452  4041 E ActivityManager: Sending non-protected broadcast com.vivo.action.KEYGUARD_STATE_CHANGED from system 2033:com.android.systemui/u0a28 pkg com.android.systemui
11-13 15:00:10.714  2033  2033 I StatusBarKeyguardViewManager: hide
11-13 15:00:10.714   606   606 D VivoConfigStore: VivoConfigStore::hasVivoFeature vivo.software.audiomixercustomization
11-13 15:00:10.714   733  3128 D AudioFlinger: IsFast flags:20004
11-13 15:00:10.714   733  3128 W AudioFlinger: createTrack_l(): mismatch between requested flags (00020004) and output flags (00000004)
11-13 15:00:10.714   733  3128 V AudioFlinger: AUDIO_OUTPUT_FLAG_FAST denied: sharedBuffer=0xe6f955f0 frameCount=0 mFrameCount=192 format=0x1 mFormat=0x5 isLinear=1 channelMask=0x3 sampleRate=44100 mSampleRate=48000 hasFastMixer=1 tid=28380 fastTrackAvailMask=0xfe
11-13 15:00:10.714   733  3128 V AudioFlinger: sharedBuffer: 0xe3c86000, size: 44100
11-13 15:00:10.714   733  3128 D AudioFlinger: track mMutePid:0
11-13 15:00:10.714   733  3128 D AudioFlinger: createTrack_l, pid:2033, sessionId:353 
11-13 15:00:10.714  1452  1817 W InputDispatcher: Asynchronous input event injection failed.
11-13 15:00:10.714   733  3128 V FeatureService_Native: player pkg name:com.android.systemui(2033)
11-13 15:00:10.714   733  3128 I ParamService: read_nvsize 1229343048
11-13 15:00:10.714   733  3128 D ParamService: read_nvdata 1229343048 | 0xe6198000 | 4096
11-13 15:00:10.714   733  3128 D FeatureService_Native: Player(2033,10028,353) isHifiSupport:0
11-13 15:00:10.714   733  3128 D AudioFlinger: isHifiSupport, reply ret:4, value:0
11-13 15:00:10.715   733  3128 D AudioFlinger: client name com.android.systemui(2033)
11-13 15:00:10.715 10415 10415 I TransitionChecker: MultiDisplay_BackTool|onReceive, action = com.vivo.action.KEYGUARD_STATE_CHANGED
11-13 15:00:10.715  2615  2831 I SystemInformationReceiver_4096: onReceive: action = com.vivo.action.KEYGUARD_STATE_CHANGED
11-13 15:00:10.715 10415 10415 I ToolbarUIManager: start.....StatusBarDragEvent received,from 2,event 0,isEnableShowPanel true,mForbidenEventCounts: 0
11-13 15:00:10.715  2615  2615 I ProxCoverNoticeService: keyguard state changed broadcast received, extras is false
11-13 15:00:10.715  2615  2817 I SystemInformationReceiver_0: onReceive: action = com.vivo.action.KEYGUARD_STATE_CHANGED
11-13 15:00:10.715  2033  2129 W AudioTrack: AUDIO_OUTPUT_FLAG_FAST denied by server; frameCount 0 -> 11025
11-13 15:00:10.715  2615  2817 I SystemInformationReceiver_0: onReceive: showing = false, isKeyguardLocked = false
11-13 15:00:10.715   733  3128 V AudioFlinger: acquiring 353 from 2033, for 2033
11-13 15:00:10.715   733  3128 V AudioFlinger:  added new entry for 353
11-13 15:00:10.715   733  3128 V AudioFlinger: start(1), calling pid 2033 session 353
11-13 15:00:10.715   733  3128 D AudioFlinger: startOutput_POM , POM_id:2033
11-13 15:00:10.715   733  3128 D AudioPolicyManagerCustom: startOutput_POM output:21, stream:1, session:353, pom_id:2033
11-13 15:00:10.715   733  3128 I APM::AudioPolicyEngine: ###### POM Stack0:  0 0 1
11-13 15:00:10.715  2615  2615 I SystemInformationReceiver_0: clearNotification: 
11-13 15:00:10.715   733  3128 I APM::AudioPolicyEngine: ###### POM Stack1:  2033 0 1
11-13 15:00:10.715   733  3128 V APM_AudioPolicyManager: startOutput() output 21, stream 1, session 353
11-13 15:00:10.715   733  3128 D AudioPolicyManagerCustom: startOutput isCallPOMStateChange :0, refCount:1
11-13 15:00:10.715   733  3128 V APM::AudioPolicyEngine: getDeviceForStrategy() strategy 0, device 2
11-13 15:00:10.715   733  3128 V APM_AudioPolicyManager: getNewOutputDevice() selected device 2
11-13 15:00:10.715   733  3128 V APM_AudioPolicyManager: setOutputDevice() device 0002 delayMs 0
11-13 15:00:10.715   733  3128 V APM_AudioPolicyManager: setOutputDevice() prevDevice 0x0002
11-13 15:00:10.715   733  3128 V APM::AudioPolicyEngine: getDeviceForStrategy() strategy 0, device 2
11-13 15:00:10.715   733  3128 V APM::AudioPolicyEngine: getDeviceForStrategy() strategy 1, device 1
11-13 15:00:10.715   733  3128 V APM::AudioPolicyEngine: getDeviceForStrategy() strategy 2, device 2
11-13 15:00:10.715   733  3128 V APM::AudioPolicyEngine: getDeviceForStrategy() strategy 0, device 2
11-13 15:00:10.715   733  3128 V APM::AudioPolicyEngine: getDeviceForStrategy() strategy 3, device 2
11-13 15:00:10.715   733  3128 V APM::AudioPolicyEngine: getDeviceForStrategy() strategy 0, device 2
11-13 15:00:10.715   733  3128 V APM::AudioPolicyEngine: getDeviceForStrategy() strategy 4, device 2
11-13 15:00:10.715   733  3128 V APM::AudioPolicyEngine: getDeviceForStrategy() strategy 5, device 2
11-13 15:00:10.715   733  3128 V APM::AudioPolicyEngine: getDeviceForStrategy() strategy 6, device 2
11-13 15:00:10.715   733  3128 V APM::AudioPolicyEngine: getDeviceForStrategy() strategy 7, device 2
11-13 15:00:10.715   733  3128 V APM::AudioPolicyEngine: getDeviceForStrategy() strategy 8, device 2
