11-13 15:00:10.715   733  3128 V APM::AudioPolicyEngine: getDeviceForStrategy() strategy 9, device 2
11-13 15:00:10.715   733  3128 V APM_AudioPolicyManager: setOutputDevice() setting same device 0x0002 or null device
11-13 15:00:10.715  2033  2033 D KeyguardUpdateMonitor: onKeyguardVisibilityChanged(false), true, 0,null
11-13 15:00:10.715   733  3128 D APM::VolumeCurve: VOLUME mDeviceCategory 1, mStreamType 1 vol index=[170 182 255], dB=[-19.0 -19.0 -19.0]
11-13 15:00:10.715   733  3128 D AudioPolicyIntefaceImpl: startOutput_POM oldPhoneState:0,currentPhoneState:0
11-13 15:00:10.716  2033  2033 I VivoFaceWhiteCoverView: setFaceWhiteCoverVisible false, false
11-13 15:00:10.716  2615  2831 I SystemInformationReceiver_4096: onReceive: showing = false, isKeyguardLocked = false
11-13 15:00:10.716  2033  2033 I StatusBarWindowManager: updateWindowBrightness -1.0, true
11-13 15:00:10.716   606   606 D VivoConfigStore: VivoConfigStore::hasVivoFeature vivo.software.vrs
11-13 15:00:10.716   733  3128 V AudioFlinger: signal playback thread
11-13 15:00:10.716   733   895 V AudioFlinger: thread 0xe6b83a00 type 0 TID 895 waking up
11-13 15:00:10.716   733   895 V AudioFlinger: acquireWakeLock_l() AudioOut_15 status 0
11-13 15:00:10.716   733   895 D AudioFlinger: updateWakeLockUids_l AudioOut_15 uids:10028 
11-13 15:00:10.716   733   895 V AudioFlinger: updateWakeLockUids_l() AudioOut_15 status 0
11-13 15:00:10.716  2033  2129 V AudioTrack: ~AudioTrack, releasing session id 345 from 2033 on behalf of 2033
11-13 15:00:10.717   733   883 V AudioFlinger: releasing 345 from 2033 for 2033
11-13 15:00:10.717   733   883 V AudioFlinger:  decremented refcount to 0
11-13 15:00:10.717   733   883 V AudioFlinger: purging stale effects
11-13 15:00:10.717  2033  2033 I StatusBar: SystemUI|hideKeyguard(),  isKeyguardShowing = false, mExpandedVisible = true, mLeaveOpenOnKeyguardHide = false, isKeyguardOcclude = false
11-13 15:00:10.717 10415 10415 V ToolbarToggleState: isPanelLayoutParams lp.x:0;lp.y:0;lp.width:44;lp.height:423;width:195
11-13 15:00:10.717  2033  2033 I KeyguardNotificationManager: SystemUI|exitKeyguardState, doNotChangeKeyguardBackground = false, mState = 1
11-13 15:00:10.717 10415 10415 V ToolbarToggleState: isPanelLayoutParams lp.x:0;lp.y:0;lp.width:44;lp.height:423;width:195
11-13 15:00:10.717  2033  2033 I NotificationContainerParentFloor: SystemUI|calculateBottomContentHeight: mBottomContentHeight= 150
11-13 15:00:10.717  2033  2033 I KeyguardHostContainer: UnreadInfo msg = 0, call = 0
11-13 15:00:10.717   606   606 D VivoConfigStore: VivoConfigStore::hasVivoFeature vivo.software.audiomixercustomization
11-13 15:00:10.718   733   895 V BufferProvider: CopyBufferProvider(0xe6f85450)(4, 8, 256)
11-13 15:00:10.718 10415 10415 I ToolbarUIManager: end.....StatusBarDragEvent received,from 2,event 0,isEnableShowPanel true,mForbidenEventCounts: 0
11-13 15:00:10.718  2033  2033 I VivoKeyguardMediator: noti changed noti = true, music = false
11-13 15:00:10.718 28287 28308 D UE4     : Case APP_CMD_RESUME
11-13 15:00:10.718   733   895 V BufferProvider: ReformatBufferProvider(0xe6f85450)(2, 0x1, 0x5)
11-13 15:00:10.718  2033  2033 I KeyguardHostContainer: update Notification  empty = true, retain = false, special view - false, false
11-13 15:00:10.718   733   895 D BufferProvider: setBufferProvider(0x0): mTrackBufferProvider:0x0  mBuffer.frameCount:0
11-13 15:00:10.718   733   895 D AudioFlinger: ####### XXF  RESAMPLE RESET ####### 
11-13 15:00:10.718   733   895 D BufferProvider: setBufferProvider(0xe61c4800): mTrackBufferProvider:0x0  mBuffer.frameCount:0
11-13 15:00:10.718 28287 28308 D UE4     : LogAndroidEvents::EnqueueAppEvent : 7, [width=-1, height=-1], tid = 28308, APP_EVENT_STATE_ON_RESUME
11-13 15:00:10.718   733   895 D AudioMixer: setResampler  DYN_HIGH_QUALITY FLAG:20000
11-13 15:00:10.718 28287 28287 D UE4     : [GameActivity] onResume: start memory reporter runnable
11-13 15:00:10.718  2033  2033 D StatusBar: disable<e i a s b H R c s > disable2<q i n >
11-13 15:00:10.718 28287 28287 D UE4     : [GameActivity] ==============> [JAVA] AndroidThunkJava_KeepScreenOn(false) - Enabled screen saver
11-13 15:00:10.718   683  8350 D audio_hw_primary: start_output_stream: enter: stream(0xf41d9800)usecase(1: low-latency-playback) devices(0x2)
11-13 15:00:10.718   683  8350 D audio_hw_primary: select_devices for use case (low-latency-playback)
11-13 15:00:10.718   683  8350 V audio_hw_primary: voice_extn_compress_voip_is_active: COMPRESS_VOIP_ENABLED is not defined
11-13 15:00:10.718   683  8350 V msm8974_platform: voice_extn_compress_voip_is_active: COMPRESS_VOIP_ENABLED is not defined
11-13 15:00:10.718   683  8350 D audio_hw_primary: select_devices, usecase_flag:0, out_snd_device:2
11-13 15:00:10.718   683  8350 D audio_hw_primary: select_devices: out_snd_device(2: speaker) in_snd_device(0: )
11-13 15:00:10.718   683  8350 I msm8974_platform: platform_check_and_set_codec_backend_cfg:becf: afe: bitwidth 24, samplerate 48000 channels 2, backend_idx 0 usecase = 1 device (speaker)
11-13 15:00:10.718   683  8350 D msm8974_platform: platform_split_snd_device: snd_device(2) num devices(1) new_snd_devices(0)
11-13 15:00:10.718   683  8350 I msm8974_platform: platform_check_and_set_codec_backend_cfg: new_snd_devices[0] is 2
11-13 15:00:10.718   683  8350 I msm8974_platform: platform_check_codec_backend_cfg:becf: afe: bitwidth 24, samplerate 48000 channels 2, backend_idx 0 usecase = 1 device (speaker)
11-13 15:00:10.718   683  8350 D msm8974_platform: platform_check_codec_backend_cfg:becf: afe: reset bitwidth to 24 (based on supported value for this platform)
11-13 15:00:10.719   683  8350 D msm8974_platform: platform_check_codec_backend_cfg:becf: afe: playback on codec device not supporting native playback set default Sample Rate(48k)
11-13 15:00:10.719   683  8350 I msm8974_platform: platform_check_codec_backend_cfg:becf: afe: Codec selected backend: 0 updated bit width: 24 and sample rate: 48000
11-13 15:00:10.719   683  8350 D audio_hw_primary: check_usecases_codec_backend:becf: force routing 0
11-13 15:00:10.719   683  8350 E msm8974_platform: platform_check_backends_match: Invalid snd_device = 
11-13 15:00:10.719   683  8350 D audio_hw_primary: check_usecases_codec_backend:becf: (68) check_usecases curr device: speaker, usecase device: backends match 0
11-13 15:00:10.719   683  8350 D audio_hw_primary: check_usecases_codec_backend:becf: check_usecases num.of Usecases to switch 0
11-13 15:00:10.719   683  8350 D hardware_info: hw_info_append_hw_type : device_name = speaker
11-13 15:00:10.719   683  8350 D audio_hw_primary: enable_snd_device: device 2:device_name:speaker:ref_cnt:1
11-13 15:00:10.719   683  8350 D msm8974_platform: platform_split_snd_device: snd_device(2) num devices(0) new_snd_devices(0)
11-13 15:00:10.719   683  8350 D audio_hw_primary: enable_snd_device: snd_device(2: speaker)
11-13 15:00:10.719   683  8350 D knowles_util: +onSpkOpenUpdateBaregein+
11-13 15:00:10.719   683  8350 E knowles_util: BARGEIN onSpkOpenUpdateBaregein , snd_device = 2
11-13 15:00:10.719   683  8350 D knowles_util: +setBargeinStatus = 2+
11-13 15:00:10.719   683  8350 D knowles_st_hal: ### +stdev_set_bargein+ 2 ###
11-13 15:00:10.719   683  8350 D knowles_st_hal: +sendMsg+ isBargeinHandler_ok:1
11-13 15:00:10.719   683  8350 D knowles_st_hal: sendMsg Message: "1" Sent
11-13 15:00:10.719   683  8350 D knowles_st_hal: ### -stdev_set_bargein- 1 ###
11-13 15:00:10.719   683  8350 D knowles_util: -setBargeinStatus-
11-13 15:00:10.719   683  8350 D knowles_util: -onSpkOpenUpdateBaregein-
11-13 15:00:10.719   683  8350 D knowles_util: +onRecordStart+ snd_device(2)
11-13 15:00:10.719   683  8350 D knowles_util: -onRecordStart-
11-13 15:00:10.719   683  8350 D audio_route: Apply path: speaker
11-13 15:00:10.719 28287 28287 D UE4     : [GameActivity] Registering sensor listeners
11-13 15:00:10.719   683   829 D knowles_st_hal: ### +rcvBargeinMsg+ 1 ###
11-13 15:00:10.719   683   829 D knowles_st_hal: rcvBargeinMsg pthread_mutex_lock(&stdev->set_bargein_lock);
11-13 15:00:10.719   683   829 D knowles_st_hal: +start_bargein+
11-13 15:00:10.719   683   829 D knowles_st_hal: +event_handler+ event(1)
11-13 15:00:10.719   683   829 D knowles_st_hal: +bargein_event_handler+ event(1)
11-13 15:00:10.719   683   829 D knowles_st_hal: bargein_event_handler bargeinState(0)
11-13 15:00:10.719   683   829 D knowles_st_hal: bargein_event_handler BARGEIN_STOPPED_STATE
11-13 15:00:10.719   683   829 D knowles_st_hal: bargein_event_handler receive evt :START_BARGEIN_EVT
11-13 15:00:10.719   683   829 D knowles_st_hal: +start_bargein_timer+
11-13 15:00:10.719   683   829 D knowles_st_hal: start_bargein_timer, Timer started
11-13 15:00:10.719   683   829 D knowles_st_hal: -start_bargein_timer-
11-13 15:00:10.719   683   829 D knowles_st_hal: -bargein_event_handler- event(1)
11-13 15:00:10.719   683   829 D knowles_st_hal: -event_handler- event(1)
11-13 15:00:10.719   683   829 D knowles_st_hal: -start_bargein-
11-13 15:00:10.719   683   829 D knowles_st_hal: BARGEIN isTimerBargein = 1, isCvq = 0
11-13 15:00:10.719   683   829 D knowles_st_hal: ### -rcvBargeinMsg- 1 ###
11-13 15:00:10.719  2615  2615 I NightPearlController_0: PartialLock_acquire
11-13 15:00:10.719   733 10377 V AudioPolicyService: AudioCommandThread() adding release output 21
11-13 15:00:10.719   733 10377 V AudioPolicyService: inserting command: 7 at index 0, num commands 0
11-13 15:00:10.719   733 10377 V AudioFlinger: PlaybackThread::Track destructor
11-13 15:00:10.719  2615  2615 I DateUtils: getDate: language = zh
11-13 15:00:10.719   733   881 V AudioPolicyService: AudioCommandThread() processing release output 21
11-13 15:00:10.719   733   881 V APM_AudioPolicyManager: releaseOutput() 21
11-13 15:00:10.719   733   881 V AudioPolicyService: AudioCommandThread() going to sleep
11-13 15:00:10.719  2615  2615 I DateUtils: getDayOfWeek: 6
11-13 15:00:10.720   697  1775 I sensors-hal: batch:140, android.sensor.accelerometer/6, period=20000000, max_latency=0
11-13 15:00:10.720   683  8350 I audio_hw_utils: audio_extn_utils_update_stream_output_app_type_cfg Allowing 24-bit playback on speaker ONLY at default sampling rate
11-13 15:00:10.720   697  1775 I sensors-hal: batch:149, android.sensor.accelerometer/6, period=20000000, max_latency=0 request completed
11-13 15:00:10.720   683  8350 D audio_hw_primary: enable_audio_route: enter: usecase(1)
11-13 15:00:10.720   683  8350 D audio_hw_utils: audio_extn_utils_send_app_type_cfg: usecase->out_snd_device speaker
11-13 15:00:10.720   683  8350 D msm8974_platform: platform_split_snd_device: snd_device(2) num devices(0) new_snd_devices(0)
11-13 15:00:10.720  2615  2615 I DeviceUtils: mSupportChargingRemind: true
11-13 15:00:10.720  2615  2615 I DeviceUtils: mSupportChargingRemind: true
11-13 15:00:10.720  2615  2615 I NightPearlController_0: mChargingRemindAllowedToShow:false, DeviceUtils.getInstance(mContext).supportChargingRemind()true, mSettingDuration.isChargingRemindEnabled():true, mIsChargeTest:false, mRequest.mBatteryPercent:100, mRequest.mProximityCoverOverLimit:false, mSettingDuration.isShowTime() && isAllowedToShow()false
11-13 15:00:10.720   697  1775 I sensors-hal: activate:107, android.sensor.accelerometer/6 en=1
11-13 15:00:10.720   683  8350 D audio_hw_utils: audio_extn_btsco_get_sample_rate:Not a BT SCO device, need not update sampling rate
11-13 15:00:10.720   683  8350 I audio_hw_utils: send_app_type_cfg_for_device PLAYBACK app_type 69937, acdb_dev_id 15, sample_rate 48000, snd_device_be_idx 45
11-13 15:00:10.720   697  1775 I sensors-hal: ssc_enable_rt_task:255, ssc_enable_rt_task : true
11-13 15:00:10.720   683  8350 D msm8974_platform: platform_split_snd_device: snd_device(2) num devices(1) new_snd_devices(0)
11-13 15:00:10.720   683  8350 D ACDB-LOADER: ACDB -> send_audio_cal, acdb_id = 15, path = 0, app id = 0x11131, sample rate = 48000
11-13 15:00:10.720   683  8350 D ACDB-LOADER: ACDB -> send_asm_topology
11-13 15:00:10.720   683  8350 D ACDB-LOADER: ACDB -> ACDB_CMD_GET_AUDPROC_STREAM_TOPOLOGY_ID
11-13 15:00:10.720   683  8350 D ACDB-LOADER: ACDB -> send_adm_topology
11-13 15:00:10.720   683  8350 D ACDB-LOADER: ACDB -> ACDB_CMD_GET_AUDPROC_COMMON_TOPOLOGY_ID
11-13 15:00:10.720   683  8350 D ACDB-LOADER: ACDB -> send_audtable
11-13 15:00:10.720   683  8350 D ACDB-LOADER: ACDB -> ACDB_CMD_GET_AUDPROC_COMMON_TABLE_SIZE
11-13 15:00:10.720   683  8350 D ACDB-LOADER: ACDB -> ACDB_CMD_GET_AUDPROC_COMMON_TABLE
11-13 15:00:10.720   683  8350 D ACDB-LOADER: ACDB -> AUDIO_SET_AUDPROC_CAL
11-13 15:00:10.720   683  8350 D ACDB-LOADER: ACDB -> send_audvoltable
11-13 15:00:10.720   683  8350 D ACDB-LOADER: ACDB -> ACDB_CMD_GET_AUDPROC_VOL_STEP_TABLE_SIZE
11-13 15:00:10.720   683  8350 D ACDB-LOADER: ACDB -> ACDB_CMD_GET_AUDPROC_GAIN_DEP_STEP_TABLE, vol index 0
11-13 15:00:10.720   683  8350 D ACDB-LOADER: ACDB -> AUDIO_SET_VOL_CAL cal type = 12
11-13 15:00:10.720   683  8350 D ACDB-LOADER: ACDB -> ACDB_CMD_GET_AUDPROC_STREAM_TABLE_SIZE
11-13 15:00:10.720   683  8350 D ACDB-LOADER: ACDB -> send_audstrmtable
11-13 15:00:10.720   683  8350 D ACDB-LOADER: ACDB -> ACDB_CMD_GET_AUDPROC_STREAM_TABLE_V2
11-13 15:00:10.720   683  8350 D ACDB-LOADER: ACDB -> audstrm_cal->cal_type.cal_data.cal_size = 16
11-13 15:00:10.720   683  8350 D ACDB-LOADER: ACDB -> send_afe_topology
11-13 15:00:10.720   683  8350 D ACDB-LOADER: ACDB -> ACDB_CMD_GET_AFE_TOPOLOGY_ID
11-13 15:00:10.720   683  8350 D ACDB-LOADER: ACDB -> GET_AFE_TOPOLOGY_ID for adcd_id 15, Topology Id 112fc
11-13 15:00:10.720   683  8350 D ACDB-LOADER: ACDB -> send_afe_cal
11-13 15:00:10.720   683  8350 D ACDB-LOADER: ACDB -> ACDB_CMD_GET_AFE_COMMON_TABLE_SIZE
11-13 15:00:10.720   683  8350 D         : Failed to fetch the lookup information of the device 0000000F 
11-13 15:00:10.720   683  8350 E ACDB-LOADER: Error: ACDB_CMD_GET_AFE_COMMON_TABLE_SIZE Returned = -19
11-13 15:00:10.720   683  8350 D ACDB-LOADER: ACDB -> ACDB_CMD_GET_AFE_COMMON_TABLE
11-13 15:00:10.720   683  8350 D         : Failed to fetch the lookup information of the device 0000000F 
11-13 15:00:10.720   683  8350 E ACDB-LOADER: Error: ACDB AFE returned = -19
11-13 15:00:10.720   683  8350 D ACDB-LOADER: ACDB -> AUDIO_SET_AFE_CAL
11-13 15:00:10.720   683  8350 D ACDB-LOADER: ACDB -> send_hw_delay : acdb_id = 15 path = 0
11-13 15:00:10.720   683  8350 D ACDB-LOADER: ACDB -> ACDB_AVSYNC_INFO: ACDB_CMD_GET_DEVICE_PROPERTY
11-13 15:00:10.720   683  8350 D audio_hw_primary: enable_audio_route: apply mixer and update path: low-latency-playback speaker
11-13 15:00:10.720   683  8350 D audio_route: Apply path: low-latency-playback speaker
11-13 15:00:10.720  2615  2615 I NightPearlController_0: PartialLock_release
11-13 15:00:10.721   683  8350 D audio_hw_primary: enable_audio_route: exit
11-13 15:00:10.721   683  8350 D audio_hw_primary: select_devices: done
11-13 15:00:10.721   683  8350 D audio_hw_primary: start_output_stream: Opening PCM device card_id(0) device_id(13) format(0x3),config.rate:48000,bit_width:24
11-13 15:00:10.721  2615  2615 I NightPearlController_0: PartialLock_acquire
11-13 15:00:10.721  2615  2615 I SystemInformationReceiver_4096: clearNotification: 
11-13 15:00:10.722  2033  2033 D FullScreenDeferFreshHelper: onPanelExpandChanged, isPanelExpanded: false, mLastPanelExpanded: true
11-13 15:00:10.722  2033  2033 I FullScreenDeferFreshHelper: row.updateAllChildHeaderTimeVisibilit, sb: -1|vivo.statusbar.fake.notification|0|notification|0
11-13 15:00:10.722  2033  2033 I FullScreenDeferFreshHelper: row.updateAllChildHeaderTimeVisibilit, sb: 0|com.android.systemui|10000|null|10028
11-13 15:00:10.722  2033  2033 I FullScreenDeferFreshHelper: row.updateAllChildHeaderTimeVisibilit, sb: -1|android|2147483647|ranker_group|1000|ranker_group
11-13 15:00:10.722  2033  2033 I FullScreenDeferFreshHelper: ignore, row.updateAllChildHeaderTimeVisibilit, sb: -1|android|26|null|1000
11-13 15:00:10.722  2033  2033 I FullScreenDeferFreshHelper: ignore, row.updateAllChildHeaderTimeVisibilit, sb: -1|android|10011|null|1000
11-13 15:00:10.722  2033  2033 I FullScreenDeferFreshHelper: row.updateAllChildHeaderTimeVisibilit, sb: 0|com.vivo.daemonService|10100|null|1000
11-13 15:00:10.722  2615  2615 I NightPearlController_4096: PartialLock_acquire
11-13 15:00:10.722  2615  2615 I DateUtils: getDate: language = zh
11-13 15:00:10.722  2615  2615 I DateUtils: getDayOfWeek: 6
11-13 15:00:10.722  2615  2615 I DeviceUtils: mSupportChargingRemind: true
11-13 15:00:10.722  2615  2615 I DeviceUtils: mSupportChargingRemind: true
11-13 15:00:10.722  2615  2615 I NightPearlController_4096: mChargingRemindAllowedToShow:false, DeviceUtils.getInstance(mContext).supportChargingRemind()true, mSettingDuration.isChargingRemindEnabled():true, mIsChargeTest:false, mRequest.mBatteryPercent:100, mRequest.mProximityCoverOverLimit:false, mSettingDuration.isShowTime() && isAllowedToShow()false
11-13 15:00:10.723   697   697 W HwBinder:697_1: type=1400 audit(0.0:10343): avc: denied { read write } for name="diag" dev="tmpfs" ino=16966 scontext=u:r:hal_sensors_default:s0 tcontext=u:object_r:diag_device:s0 tclass=chr_file permissive=0
11-13 15:00:10.723  2615  2615 I NightPearlController_4096: PartialLock_release
11-13 15:00:10.723  2615  2615 I NightPearlController_4096: PartialLock_acquire
11-13 15:00:10.724   697  1775 I sensors-hal: activate:118, android.sensor.accelerometer/6 en=1 completed
11-13 15:00:10.724   697 28382 I sensors-hal: handle_indication_realtime:352,  SCHED_FIFO(10) for qmi_cbk
11-13 15:00:10.725  2033  2033 I KeyguardViewMediator: readyForKeyguardDone : false, false
11-13 15:00:10.725   697  1775 I sensors-hal: batch:140, android.sensor.magnetic_field/3, period=20000000, max_latency=0
11-13 15:00:10.725   697  1775 I sensors-hal: batch:149, android.sensor.magnetic_field/3, period=20000000, max_latency=0 request completed
11-13 15:00:10.725   697  1775 I sensors-hal: activate:107, android.sensor.magnetic_field/3 en=1
11-13 15:00:10.725   697  1775 I sensors-hal: ssc_enable_rt_task:255, ssc_enable_rt_task : true
11-13 15:00:10.727  2033  2033 D         : get the real res id 0x01850130
11-13 15:00:10.727  2033  2033 D         : get the real res id 0x01850137
11-13 15:00:10.727  2033  2033 D         : get the real res id 0x01850137
11-13 15:00:10.728  2033  2033 D         : get the real res id 0x01850130
11-13 15:00:10.728  2033  2033 D         : get the real res id 0x0185012f
11-13 15:00:10.728  2033  2033 D         : get the real res id 0x0183031f
11-13 15:00:10.728  2033  2033 D         : get the real res id 0x0183031f
11-13 15:00:10.728  2033  2033 D         : get the real res id 0x01850130
11-13 15:00:10.728  2033  2033 D         : get the real res id 0x0185012f
11-13 15:00:10.729  2033  2033 D         : get the real res id 0x01850140
11-13 15:00:10.729  2033  2033 D         : get the real res id 0x01850130
11-13 15:00:10.729  2033  2033 D         : get the real res id 0x0185012f
11-13 15:00:10.729  2033  2033 D         : get the real res id 0x01850130
11-13 15:00:10.729  2033  2033 D         : get the real res id 0x0185012f
11-13 15:00:10.730  2033  2033 D         : get the real res id 0x01850130
11-13 15:00:10.731  2033  2033 D         : get the real res id 0x01850137
11-13 15:00:10.731  2033  2033 D         : get the real res id 0x01850137
11-13 15:00:10.731  2033  2033 D         : get the real res id 0x01850130
11-13 15:00:10.731  2033  2033 D         : get the real res id 0x0185012f
11-13 15:00:10.731  2033  2033 D         : get the real res id 0x0183031f
11-13 15:00:10.731  2033  2033 D         : get the real res id 0x0183031f
11-13 15:00:10.732  2033  2033 D         : get the real res id 0x01850130
11-13 15:00:10.732  2033  2033 D         : get the real res id 0x0185012f
11-13 15:00:10.732  2033  2033 D         : get the real res id 0x01850140
11-13 15:00:10.732  2033  2033 D         : get the real res id 0x01850130
11-13 15:00:10.732  2033  2033 D         : get the real res id 0x0185012f
11-13 15:00:10.732  2033  2033 D         : get the real res id 0x01850130
11-13 15:00:10.733  2033  2033 D         : get the real res id 0x0185012f
11-13 15:00:10.733  2033  2033 I FullScreenDeferFreshHelper: SystemUI|addBarVisListener, too more listener
11-13 15:00:10.734  2033  2033 I NotificationContainerParentFloor: SystemUI|hasDismissedChild= true
11-13 15:00:10.736   697  1775 I sensors-hal: activate:118, android.sensor.magnetic_field/3 en=1 completed
11-13 15:00:10.736  2033  2033 V KeyguardDisplayManager: hide
11-13 15:00:10.736  2639  3213 I UpSlideHelper: UpSlide|onKeyguardStateChanged >>> showing = false locked = false
11-13 15:00:10.736  2033  2033 I VivoKeyguardMediator: keyguard dismiss s-of = false
11-13 15:00:10.736  2639  3213 I InputMonitorManager: UpSlide|onKeyguardStateChanged >> isKeyguardShowing = false
11-13 15:00:10.736  2639  3213 I UpSlideTransparentView: UpSlide|onKeyguardStateChanged >> isKeyguardShowing = false
11-13 15:00:10.736  2033  2033 I Keyguard.ToolbarServiceHelper: onKeyguardStateChanged 0
11-13 15:00:10.736  2639  3213 I UpSlideHelper: UpSlide|enableUpSlide, enable = true
11-13 15:00:10.736  2033  2788 I KeyguardProximityManager: unregisterProximity mProximityRegistered = true
11-13 15:00:10.737  2033  2033 I VivoKeyguardMediator: keyguard visibility set - false, old - true
11-13 15:00:10.737  2639  2639 I InputMonitorManager: UpSlide|updateInputMonitor >> inputMonitorState = 0 mUsingInputMonitor = false mViewState = 4
11-13 15:00:10.737  2639  3213 D HomeIndicatorController: UpSlide|disable: mDisabledFlags= 1200000, masked= 0
11-13 15:00:10.737  2033  2033 I VivoKeyguardMediator: removeScreenOffCallbacks
11-13 15:00:10.737  2639  2639 D UpSlideTransparentView: UpSlide|updateLayoutParams, isAnimationRunning = false, force = false, mIsKeyguardLocked = false, mIsKeyguardShowing = false, mEnableOnKeyguard = false
11-13 15:00:10.737   697 28384 I sensors-hal: handle_indication_realtime:352,  SCHED_FIFO(10) for qmi_cbk
11-13 15:00:10.737  1452  4041 D PowerManagerService:  Received from keyguard isKeyguarActive = true
11-13 15:00:10.737  2639  2639 D UpSlideTransparentView: UpSlide|UpdateLayoutParams, touchable = true, focusable = false, mLps.width = -1, mLps.height = 42, force = false, fd: 0
11-13 15:00:10.737  2639  2639 I WifiApSwitcher: UpSlide|refreshDisplay >>> current wifi ap state is 11
11-13 15:00:10.737  2639  2914 D FtColorManager: GetActiveMode : qxx get ActiveMode == 1
11-13 15:00:10.737   697  1775 I sensors-hal: batch:140, android.sensor.gyroscope/28, period=20000000, max_latency=0
11-13 15:00:10.737   697  1775 I sensors-hal: batch:149, android.sensor.gyroscope/28, period=20000000, max_latency=0 request completed
11-13 15:00:10.737   697  1775 I sensors-hal: activate:107, android.sensor.gyroscope/28 en=1
11-13 15:00:10.737   697  1775 I sensors-hal: ssc_enable_rt_task:255, ssc_enable_rt_task : true
11-13 15:00:10.737  2639  2639 D BluetoothSwitcher: UpSlide|update Switcher_藍牙, state is 10
11-13 15:00:10.737   697  1775 E sensors-hal: send_cal_req:175, gyrocal send_cal_req
11-13 15:00:10.738  2639  2639 D LocationSwitcher: UpSlide|update Switcher_定位服務, state is true
11-13 15:00:10.738  2033  2033 I KeyguardMagazine: onPause bouncer = false, resumed = true, why = 3
11-13 15:00:10.738  2639  2639 D VibrateSwitcher: UpSlide|update Switcher_震動模式, on is false
11-13 15:00:10.738  2033  2033 I RenderBlurCtrl: onPause
11-13 15:00:10.738  2033  2033 D BlurRenderView: test gpu blur GpuTextureRenderView onPause mIsResumeState: false, mHandle: 498343458448 change super.onPause()
11-13 15:00:10.738  2639  2639 D GameDNDSwitcher: UpSlide|update Switcher_遊戲模式, state is false
11-13 15:00:10.738  2639  2639 D DataSwitcher: UpSlide|updateSwitcherButton OFF_2
11-13 15:00:10.738  2033  2033 I KeyguardMagazine: onDismiss not show next = false
11-13 15:00:10.738  2639  2639 D PortraitSwitcher: UpSlide|update Switcher_縱向鎖定, on is false
11-13 15:00:10.738  2033  2033 I WallpaperLists: go to position 3, remove custom false
11-13 15:00:10.738  2639  2639 E FloatingBallSwitcher: UpSlide|floatingBallModeOn = false
11-13 15:00:10.738  2639  2639 D FloatingBallSwitcher: UpSlide|update Switcher_Easy Touch, on is false
11-13 15:00:10.738  2639  2639 I LowPowerModeSwitcher: refreshDisplay >>> mModeOn = false
11-13 15:00:10.739  2033  2033 I WallpaperLoader: load paper : { WallpaperInfo{imageId='glc_46992', adId=null}	
11-13 15:00:10.739  2033  2033 I WallpaperLoader: , /storage/emulated/0/.yuetu_unlock/PictureUnlock_glc_46992.pictureunlock.jpg }, false
11-13 15:00:10.739  2639  2639 D SplitScreenSwitcher: UpSlide|update Switcher_多任務, state is false
11-13 15:00:10.739  2639  2639 D status_wifi: UpSlide|get tri-state, mInTransition = false
11-13 15:00:10.739  2033  2033 I RenderBlurCtrl: onMagazineBmpChanged
11-13 15:00:10.739  2033  2033 D BlurRenderView: test gpu blur GpuTextureRenderView setRenderSource width: 1080, height: 2340, wScaleRatio: 0.11481482, hScaleRatio: 0.10897436
11-13 15:00:10.739  2033  2033 D BlurRenderer: test gpu blur GpuBaseRenderer setRenderSource bitmap: android.graphics.Bitmap@82feabc, mBlurScript: android.renderscript.ScriptIntrinsicBlur@2f4cd73, mRenderScript: android.renderscript.RenderScript@928b465, mHandle: 498343458448
11-13 15:00:10.739  2639  2639 D WifiSwitcher: UpSlide|update wifi-button, TriState = 1
11-13 15:00:10.739  2639  2639 D status_wifi: UpSlide|get tri-state, mInTransition = false
11-13 15:00:10.739  2033 28389 I WallpaperLoader: load Wallpaper async /storage/emulated/0/.yuetu_unlock/PictureUnlock_glc_46992.pictureunlock.jpg
11-13 15:00:10.740  2639  2639 D MiniscreenSwitcher: UpSlide|update Switcher_小螢幕模式, state is false
11-13 15:00:10.740  2639  2639 W Settings: Setting airplane_mode_on has moved from android.provider.Settings.System to android.provider.Settings.Global, returning read-only value.
11-13 15:00:10.740  2639  2639 E OfflineSwitcher: airplaneModeOn = false
11-13 15:00:10.740  2639  2639 D OfflineSwitcher: UpSlide|update Switcher_飛航模式, on is false
11-13 15:00:10.740  2639  2639 D SilentModeSwitcher: UpSlide|Update Switcher_靜音模式, on is false
11-13 15:00:10.740  2639  2639 I SilentModeSwitcher: UpSlide|refreshDisplay >> mRingerMode = 2 mVibrateMode = 1
11-13 15:00:10.740  2639  2914 W Settings: Setting airplane_mode_on has moved from android.provider.Settings.System to android.provider.Settings.Global, returning read-only value.
11-13 15:00:10.740  2639  2914 E ApnSwitcher: airplaneModeOn = false
11-13 15:00:10.740  2639  2639 D Indicator: UpSlide|disable: invisible= false, mKey= recent
11-13 15:00:10.740  2639  2639 D Indicator: UpSlide|disable: invisible= false, mKey= home
11-13 15:00:10.740  2639  2639 D Indicator: UpSlide|disable: invisible= false, mKey= back
11-13 15:00:10.740  2033  2033 D GpuRenderEngine: test gpu blur CBlur setRenderSource width: 124, height: 255, mRenderSrcWidth: 124, mRenderSrcHeight: 255, renderSrcData: 0x73ed988780
11-13 15:00:10.740  2033 28389 I BitmapUtils: origin bitmap size : 2340x1080, requres : 2340x1080, scale = 1
11-13 15:00:10.740  2033  2033 D GpuRenderEngine: test gpu blur CBlur resetStatesForSetRenderSrc <--
11-13 15:00:10.741  2033  2033 D BlurRenderView: test gpu blur GpuTextureRenderView setBlurRadius radius: 25, mIsRenderThreadLaunchFinished: false, mHandle: 498343458448, mRenderer: com.vivo.common.blur.BlurRenderer@c3f28a8, mIsSetRenderSource: true
11-13 15:00:10.741  2033  2033 I RenderBlurCtrl: onPause
11-13 15:00:10.741  2033  2033 D BlurRenderView: test gpu blur GpuTextureRenderView onPause mIsResumeState: false, mHandle: 498343458448 change super.onPause()
11-13 15:00:10.741  2033 28390 D GpuRenderEngine: test gpu blur CBlur analyze thread AnalyzeThread <--
11-13 15:00:10.741  2033  2033 I VivoFaceUnlockView: onKeyguardDismiss 
11-13 15:00:10.741  2033 28390 D GpuRenderEngine: test gpu blur CBlur analyze thread AnalyzeThread gray: 153, SPRAY_RADIUS_PARAM_MID: 12.000000, SPRAY_RADIUS_PARAM_MAX: 15.000000
11-13 15:00:10.741  2033 28390 D GpuRenderEngine: test gpu blur CBlur measureGradualArea width: 124, height: 255
11-13 15:00:10.741  2033 28390 D GpuRenderEngine: test gpu blur CBlur measureGradualArea ccc currRight: 0, right: 112, bottom: 0
11-13 15:00:10.741  2033 28390 D GpuRenderEngine: test gpu blur CBlur measureGradualArea ddd currLeft: 0, left: 1, top: 255
11-13 15:00:10.741  2033 28390 D GpuRenderEngine: test gpu blur CBlur measureGradualArea fff up bottom: 0.000000, down top: 1.000000
11-13 15:00:10.741  2033 28390 D GpuRenderEngine: test gpu blur CBlur analyze thread AnalyzeThread -->
11-13 15:00:10.741  2033 28390 D BlurRenderView: test gpu blur GpuTextureRenderView notifyAnalyzeDataFinished <--
11-13 15:00:10.741  2033 28390 D BlurRenderView: test gpu blur GpuTextureRenderView notifyObtainAdjustBright bright: 0.4, handle: 498343458448
11-13 15:00:10.741   697  1775 E Diag_Lib:  Diag_LSM_Init: Failed to open handle to diag driver, error = 13
11-13 15:00:10.741  2033  2033 D KeyguardViewMediator: adjustStatusBarLocked: mShowing=false mOccluded=false, back= false isSecure=false force=false --> flags=0x0
11-13 15:00:10.741   697 28387 I sensors-hal: handle_indication_realtime:352,  SCHED_FIFO(10) for qmi_cbk
11-13 15:00:10.742   697  1775 I sensors-hal: ssc_enable_rt_task:255, ssc_enable_rt_task : true
11-13 15:00:10.742  2033  3209 I StatusBar: SystemUI|updateDisableStateImmediate: mSwitches_0= 1200000, state1= 0, mSwitches_6= 0, state2= 0
11-13 15:00:10.742  2033  2129 D KeyguardViewMediator: setLockScreenShown showing=false
11-13 15:00:10.742  1452  8885 W UsageStatsService: Event reported without a package name
11-13 15:00:10.743  1452  8885 I RatioControllerUtils: addDisplayId, pid = 28287, displayId = 0, reason = ensureConfig:Intent { flg=0x10010000 cmp=com.EpicGames.AndroidQuickStart/com.epicgames.ue4.GameActivity (has extras) }
11-13 15:00:10.743  1452  8885 I PhoneWindowNotifyFace: notifyObserver result:6
11-13 15:00:10.743  1452  8885 I FaceDetectService: notifyFaceDetectKeyHandler action: 6
11-13 15:00:10.744  1452  1905 I FaceDetectService: FaceDetectHandler handleMessage MyHandler {FACE_DETECT_MSG_KEYGUARD_EXIT,call for:PhoneWindowNotifyFace,103}
11-13 15:00:10.744  1452  1905 I FaceDetectService: release memory param is:handleKeyguardExit
11-13 15:00:10.744  1452  1905 I FaceDetectService: FaceDetectHandler handleMessage MyHandler {FACE_DETECT_MSG_START_OPERATION,call for:handleThreadFinished,204}
11-13 15:00:10.744  1452  1905 I FaceDetectService: FaceDetectHandler handleMessage MyHandler {FACE_DETECT_MSG_FINISH_OPERATION,call for:processUnFinishedEvent,205}
11-13 15:00:10.744  1452  1526 D UsbDeviceManager: handleMessage MSG_UPDATE_SCREEN_LOCK ,message.what=13
11-13 15:00:10.744  1452  1899 I FaceBiometrics: FaceBiometrics :FaceBiotricsHandlerMessage {FACE_BIOMETRICS_MSG_KEYGUARD_EXIT,call for:null,4}
11-13 15:00:10.744  1452  1899 D FaceBiometrics: notifyServiceMessage state = 5, code = 0
11-13 15:00:10.744  1452  1899 I FaceBiometrics: screenMode mIsMultiDisplay is:true state:ON prepareContent:false
11-13 15:00:10.744  1452  1899 I FaceBiometrics: sip screenMode() mIsMultiDisplay:true mIsFaceDozeUnlock:false mIsFaceDozeBlockByOthers:false mIsFaceUnlockEnable:false
11-13 15:00:10.744  1452  1899 I FaceBiometrics: tryLeaveDozeWhenScreenOnOrUnlock,justTurnOn:false mShouldInDoze:false
11-13 15:00:10.744  1452  1899 I FaceBiometrics: not allow change to Doze,mIsFaceDozeUnlock is:false,mIsFaceUnlockEnable:false mIsFaceDozeBlockByOthers:false
11-13 15:00:10.744  1452  1899 I FaceBiometrics: removeMsgWhenUnlockOrScreenOn 
11-13 15:00:10.744   697  1775 I sensors-hal: ssc_enable_rt_task:255, ssc_enable_rt_task : true
11-13 15:00:10.744  1452  1907 I FaceDetectService: CameraHandler handleMessage CameraHandler {FACE_DETECT_MSG_RELEASE_CAMERA,call for:handleKeyguardExit,109}
11-13 15:00:10.744  1452  1907 I FaceDetectService: handleReleaseCamera: mCameraOpenStatus = 1
11-13 15:00:10.744  1452  1907 D FaceDetectService: handleStopTOFSecureCamera mCameraType:1
11-13 15:00:10.744  1452  1907 I FaceDetectService: CameraHandler handleMessage CameraHandler {FACE_DETECT_MSG_STOP_TOF_SECCAMERA,call for:handleReleaseResources,501}
11-13 15:00:10.744  1452  1907 D FaceDetectService: handleStopTOFSecureCamera mCameraType:1
11-13 15:00:10.744  1452  1907 I FaceDetectService: CameraHandler handleMessage CameraHandler {FACE_DETECT_MSG_RELEASE_CAMERA,call for:handleReleaseResources,109}
11-13 15:00:10.744  1452  1907 I FaceDetectService: handleReleaseCamera: mCameraOpenStatus = 1
11-13 15:00:10.744  1452  1907 D FaceDetectService: handleStopTOFSecureCamera mCameraType:1
11-13 15:00:10.744 13798 13817 D FaceDetectInScreenDoze: onFaceUnlockIconStatus status = 5
11-13 15:00:10.744 13798 13817 D g       : onDozeIconStateChange(),action:5
11-13 15:00:10.744 13798 13798 I g       : handleMessage: ACTION_UNLOCK
11-13 15:00:10.744 13798 13798 I g       : updateToNewState(),showWin: false showView:false shouldDim:false iconState:STATE_NOT_WINDOW
11-13 15:00:10.744 13798 13798 D g       : releaseResources
11-13 15:00:10.744 13798 13798 D b       : cancelTrigger
11-13 15:00:10.745   684 18124 I vendor.qti.bluetooth@1.0-ibs_handler: ProcessIbsCmd: Received IBS_WAKE_IND: 0xFD
11-13 15:00:10.745   684 18124 D vendor.qti.bluetooth@1.0-ibs_handler: SerialClockVote: vote for UART CLK ON
11-13 15:00:10.745   684 18124 D vendor.qti.bluetooth@1.0-wake_lock: Acquire wakelock is acquired 
11-13 15:00:10.745   684 18124 I vendor.qti.bluetooth@1.0-ibs_handler: ProcessIbsCmd: Writing IBS_WAKE_ACK
11-13 15:00:10.745   697 28392 I sensors-hal: handle_indication_realtime:352,  SCHED_FIFO(10) for qmi_cbk
11-13 15:00:10.746  2615  2817 I SystemInformationReceiver_0: onReceive: action = android.intent.action.USER_PRESENT
11-13 15:00:10.747  2615  2615 I SystemInformationReceiver_0: clearNotification: 
11-13 15:00:10.747  2615  2615 I SLService: ScreenActionReceiver action = android.intent.action.USER_PRESENT
11-13 15:00:10.747  2615  2831 I SystemInformationReceiver_4096: onReceive: action = android.intent.action.USER_PRESENT
11-13 15:00:10.747  2615  2615 I DateUtils: getDate: language = zh
11-13 15:00:10.747  2615  2615 I DateUtils: getDayOfWeek: 6
11-13 15:00:10.747  1452  1509 D ActivityManager: StartMode packageName = com.emoji.keyboard.touchpal.vivo ,callingPid = -1 ,alwaysRestrict = true ,startMode = 2 ,UidRec:UidRecord{5b98427 u0a144 IMPB procs:1 seq(0,0,0)}
11-13 15:00:10.747  1452  1510 D VivoSmartwakeKeyHandler: smartwake user present false
11-13 15:00:10.747  1452  1509 W BroadcastQueue: Background execution not allowed: receiving Intent { act=android.intent.action.USER_PRESENT flg=0x4200010 } to com.emoji.keyboard.touchpal.vivo/com.cootek.batteryboost.BatteryBoostReceiver
11-13 15:00:10.748  2615  2615 I DeviceUtils: mSupportChargingRemind: true
11-13 15:00:10.748  2615  2615 I DeviceUtils: mSupportChargingRemind: true
11-13 15:00:10.748  2615  2615 I NightPearlController_0: mChargingRemindAllowedToShow:false, DeviceUtils.getInstance(mContext).supportChargingRemind()true, mSettingDuration.isChargingRemindEnabled():true, mIsChargeTest:false, mRequest.mBatteryPercent:100, mRequest.mProximityCoverOverLimit:false, mSettingDuration.isShowTime() && isAllowedToShow()false
11-13 15:00:10.748 21425 21425 I GsaVoiceInteractionSrv: O received Intent { act=android.intent.action.USER_PRESENT flg=0x4200010 }
11-13 15:00:10.748  2615  2615 I NightPearlController_0: PartialLock_release
11-13 15:00:10.748  1452  8885 I PhoneWindowNotifyFace: notifyObserver result:17
11-13 15:00:10.748  1452  8885 I FaceDetectService: notifyFaceDetectKeyHandler action: 17
11-13 15:00:10.749  1452  1509 D ActivityManager: StartMode packageName = com.emoji.keyboard.touchpal.vivo ,callingPid = -1 ,alwaysRestrict = true ,startMode = 2 ,UidRec:UidRecord{5b98427 u0a144 IMPB procs:1 seq(0,0,0)}
11-13 15:00:10.749  1452  1509 W BroadcastQueue: Background execution not allowed: receiving Intent { act=android.intent.action.USER_PRESENT flg=0x4200010 } to com.emoji.keyboard.touchpal.vivo/com.cootek.tark.sp.bridge.SPMessageListenerReceiver
11-13 15:00:10.749  1452  1509 D ActivityManager: StartMode packageName = com.emoji.keyboard.touchpal.vivo ,callingPid = -1 ,alwaysRestrict = true ,startMode = 2 ,UidRec:UidRecord{5b98427 u0a144 IMPB procs:1 seq(0,0,0)}
11-13 15:00:10.749  1452  1509 W BroadcastQueue: Background execution not allowed: receiving Intent { act=android.intent.action.USER_PRESENT flg=0x4200010 } to com.emoji.keyboard.touchpal.vivo/com.cootek.tark.yw.bridge.YWMessageListenerReceiver
11-13 15:00:10.750   697  1775 I sensors-hal: activate:118, android.sensor.gyroscope/28 en=1 completed
11-13 15:00:10.750  2615  2615 I NightPearlController_0: PartialLock_acquire
11-13 15:00:10.750  2615  2615 I SystemInformationReceiver_4096: clearNotification: 
11-13 15:00:10.750   697 28394 I sensors-hal: handle_indication_realtime:352,  SCHED_FIFO(10) for qmi_cbk
11-13 15:00:10.750 28287 28287 D UE4     : App is running in Portrait
11-13 15:00:10.750 28287 28287 D UE4     : [GameActivity] ==============> Resuming main init
11-13 15:00:10.750  2615  2615 I DateUtils: getDate: language = zh
11-13 15:00:10.750 28287 28287 D UE4     : [GameActivity] ==============> GameActive.onResume complete!
11-13 15:00:10.750  2615  2615 I DateUtils: getDayOfWeek: 6
11-13 15:00:10.750  2615  2615 I DeviceUtils: mSupportChargingRemind: true
11-13 15:00:10.750  2615  2615 I DeviceUtils: mSupportChargingRemind: true
11-13 15:00:10.750  2615  2615 I NightPearlController_4096: mChargingRemindAllowedToShow:false, DeviceUtils.getInstance(mContext).supportChargingRemind()true, mSettingDuration.isChargingRemindEnabled():true, mIsChargeTest:false, mRequest.mBatteryPercent:100, mRequest.mProximityCoverOverLimit:false, mSettingDuration.isShowTime() && isAllowedToShow()false
11-13 15:00:10.750  4381  4513 I UsageAppManager: uploadAppLock_status=false
11-13 15:00:10.750  4381  4513 I UsageAppManager: uploadAppLock_mForgroundInfo_getPkgName()=com.EpicGames.AndroidQuickStart
11-13 15:00:10.751  2033  2788 I KeyguardProximityManager: unregisterProximity mProximityRegistered = false
11-13 15:00:10.751   683  8350 D msm8974_platform: platform_set_channel_map mixer_ctl_name:Playback Channel Map13
11-13 15:00:10.751   683  8350 D msm8974_platform: platform_set_channel_map: set mapping(1 2 0 0 0 0 0 0) for channel:2
11-13 15:00:10.751  2615  2615 I NightPearlController_4096: PartialLock_release
11-13 15:00:10.751   683  8350 D audio_hw_primary: start_output_stream: exit
11-13 15:00:10.753  4381  4513 I UsageAppManager: getversionCode=1
11-13 15:00:10.753  4381  4513 I UsageAppManager: getVersionName_name=1.0
11-13 15:00:10.754  2033  2033 E NotificationShelf: iconState is null. ExpandedIcon: null 
11-13 15:00:10.754  2033  2033 E NotificationShelf:  number of notifications: 6
11-13 15:00:10.755  2615  2615 I NightPearlController_4096: PartialLock_acquire
11-13 15:00:10.755  2615  2615 D EWarranty.fw.EWarrantyBroadcastReceiver: isForNetEntry()=false
11-13 15:00:10.755  2615  2615 D EWarranty.fw.EWarrantyBroadcastReceiver: EwarrantyBroadcastReceiver.onReceive, action=android.intent.action.USER_PRESENT
11-13 15:00:10.755  4381  4513 I WindowManagerDelegate: getDockedStackSide:-1
11-13 15:00:10.756  4381  4513 I MultiWindowCompat: MultiWindowCompat24 isSplitMode : false
11-13 15:00:10.756  1452  1509 D ActivityManager: StartMode packageName = com.facebook.katana ,callingPid = -1 ,alwaysRestrict = true ,startMode = 2 ,UidRec:UidRecord{ab8356b u0a224 CEM  bg:+24m46s984ms idle change:cached procs:1 seq(0,0,0)}
11-13 15:00:10.756  1452  1509 W BroadcastQueue: Background execution not allowed: receiving Intent { act=android.intent.action.USER_PRESENT flg=0x4200010 } to com.facebook.katana/com.facebook.ioprefetch.IOPrefetchReceiver
11-13 15:00:10.756  1452  1509 D ActivityManager: StartMode packageName = com.android.chrome ,callingPid = -1 ,alwaysRestrict = true ,startMode = 2 ,UidRec:UidRecord{8c63fe5 u0a152 CEM  idle change:cached procs:1 seq(0,0,0)}
11-13 15:00:10.756  1452  1509 W BroadcastQueue: Background execution not allowed: receiving Intent { act=android.intent.action.USER_PRESENT flg=0x4200010 } to com.android.chrome/org.chromium.chrome.browser.sharing.click_to_call.ClickToCallMessageHandler$PhoneUnlockedReceiver
11-13 15:00:10.756  2287  2852 I DividerView: VivoMultiWindowApp- onWindowFocusChanged:focusStackId=-1
11-13 15:00:10.756  1452  1509 D ActivityManager: StartMode packageName = com.emoji.keyboard.touchpal.vivo ,callingPid = -1 ,alwaysRestrict = true ,startMode = 2 ,UidRec:UidRecord{5b98427 u0a144 IMPB procs:1 seq(0,0,0)}
11-13 15:00:10.756  1452  1509 W BroadcastQueue: Background execution not allowed: receiving Intent { act=android.intent.action.USER_PRESENT flg=0x4200010 } to com.emoji.keyboard.touchpal.vivo/com.cootek.smartinput5.func.nativeads.SniperNotificationReceiver
11-13 15:00:10.756  2287  2287 I DividerView: VivoMultiWindowApp- MSG_UPDATE_FOCUS:focusStackId=-1
11-13 15:00:10.756  1452  1509 D ActivityManager: StartMode packageName = com.google.android.gms ,callingPid = -1 ,alwaysRestrict = true ,startMode = 2 ,UidRec:UidRecord{7c7a088 u0a43 BFGS procs:3 seq(0,0,0)}
11-13 15:00:10.756  1452  1509 W BroadcastQueue: Background execution not allowed: receiving Intent { act=android.intent.action.USER_PRESENT flg=0x4200010 } to com.google.android.gms/.auth.setup.devicesignals.LockScreenReceiver
11-13 15:00:10.756  1452  1509 D ActivityManager: StartMode packageName = com.google.android.gms ,callingPid = -1 ,alwaysRestrict = true ,startMode = 2 ,UidRec:UidRecord{7c7a088 u0a43 BFGS procs:3 seq(0,0,0)}
11-13 15:00:10.756  1452  1509 W BroadcastQueue: Background execution not allowed: receiving Intent { act=android.intent.action.USER_PRESENT flg=0x4200010 } to com.google.android.gms/.trustagent.UserPresentBroadcastReceiver
11-13 15:00:10.756  1452  1509 D ActivityManager: StartMode packageName = com.google.android.gms ,callingPid = -1 ,alwaysRestrict = true ,startMode = 2 ,UidRec:UidRecord{7c7a088 u0a43 BFGS procs:3 seq(0,0,0)}
11-13 15:00:10.756  1452  1509 W BroadcastQueue: Background execution not allowed: receiving Intent { act=android.intent.action.USER_PRESENT flg=0x4200010 } to com.google.android.gms/.chimera.GmsIntentOperationService$PersistentTrustedReceiver
11-13 15:00:10.756  1452  1509 D ActivityManager: StartMode packageName = com.vivo.appfilter ,callingPid = -1 ,alwaysRestrict = true ,startMode = 2 ,UidRec:UidRecord{ead82f1 1000 PER  procs:24 seq(0,0,0)}
11-13 15:00:10.756  1452  1509 W BroadcastQueue: Background execution not allowed: receiving Intent { act=android.intent.action.USER_PRESENT flg=0x4200010 } to com.vivo.appfilter/.receiver.VivoBringupPkgReceiver
11-13 15:00:10.756  1452  1509 W BroadcastQueue: Permission Denial: broadcasting Intent { act=android.intent.action.USER_PRESENT flg=0x4200010 } from com.android.systemui (pid=2033, uid=10028) is not exported from uid 1000 due to receiver com.vivo.daemonService/.ewarranty.EwarrantyBroadcastReceiver
11-13 15:00:10.756  2287  2287 I DividerView: VivoMultiWindowApp- updateFocusShadow:focusStackSide=-1
11-13 15:00:10.757  1452  1452 D VivoWifiBanAutoConnectPolicy: User unlocks. isLocked is changed to false
11-13 15:00:10.757  1452  1452 D VivoWifiUtil: action receive android.intent.action.USER_PRESENT
11-13 15:00:10.757  2615  2615 D EWarranty.fw.utils: actState=0
11-13 15:00:10.757  2639  2639 I EyeSwitcher: UpSlide|refreshDisplay >>> mEyeProtectionOn = true
11-13 15:00:10.757  1452  1509 D CompatibilityInfo: mCompatibilityFlags - 10
11-13 15:00:10.757  1452  1509 D CompatibilityInfo: applicationDensity - 480
11-13 15:00:10.757  1452  1509 D CompatibilityInfo: applicationScale - 1.0
11-13 15:00:10.757  2639  2639 D FlashlightSwitcher: UpSlide|update Switcher_手電筒, flashState is false
11-13 15:00:10.758  2639  2639 D ApnSwitcher: update Switcher_數據網絡, on is false
11-13 15:00:10.758  2639  2639 I InputMonitorManager: UpSlide|onTaskStackChanged >> activityName = com.epicgames.ue4.GameActivity,packageName= com.EpicGames.AndroidQuickStart
11-13 15:00:10.758  2615  2615 D EWarranty.fw.utils: reportUsedTimeState=0
11-13 15:00:10.758  2639  2639 I InputMonitorManager: UpSlide|onEnterSpecialActivity >> entered = false, curInSpec: false, mEnteredSpecActivity: false
11-13 15:00:10.758  2639  2639 I UpSlideHelper: UpSlide|toggleUpSlideViewInCamera isInCamera = false
11-13 15:00:10.758  2615  2615 D EWarranty.fw.EWarrantyBroadcastReceiver: EwarrantyBroadcastReceiver,registered=false, frequency=0
11-13 15:00:10.758  2615  2615 D EWarranty.fw.EWarrantyBroadcastReceiver: havePopTimeArrive=false
11-13 15:00:10.759  2615  2615 W ContextImpl: Calling a method in the system process without a qualified user: android.app.ContextImpl.startService:1540 android.content.ContextWrapper.startService:664 com.vivo.daemonService.VivoDaemonServiceApp$3.onReceive:939 android.app.LoadedApk$ReceiverDispatcher$Args.lambda$getRunnable$0:1416 android.app.-$$Lambda$LoadedApk$ReceiverDispatcher$Args$_BumDX2UKsnxLVrE6UJsJZkotuA.run:2 
11-13 15:00:10.760  1452  9019 D CompatibilityInfo: mCompatibilityFlags - 0
11-13 15:00:10.760  1452  9019 D CompatibilityInfo: applicationDensity - 480
11-13 15:00:10.760  1452  9019 D CompatibilityInfo: applicationScale - 1.0
11-13 15:00:10.761  2615  2615 I GameModeManager: Receive Intent { act=android.intent.action.USER_PRESENT flg=0x4200010 }
11-13 15:00:10.761  1452  9550 D ActivityManager: StartMode packageName = com.bbk.updater ,callingPid = -1 ,alwaysRestrict = true ,startMode = 2 ,UidRec:UidRecord{20df347 u0a176 SVC  bg:+1h0m25s441ms idle change:idle procs:2 seq(0,0,0)}
11-13 15:00:10.761  1452  9550 D CompatibilityInfo: mCompatibilityFlags - 0
11-13 15:00:10.761  1452  9550 D CompatibilityInfo: applicationDensity - 480
11-13 15:00:10.761  1452  9550 D CompatibilityInfo: applicationScale - 1.0
11-13 15:00:10.762 23777 23777 I Updater/receiver/ScreenActionRecorder: Receive action : com.vivo.updater.action.USER_PRESENT
11-13 15:00:10.763 23777 23777 I Updater/StrategyFactory: onUserPresent
11-13 15:00:10.764  2615  2615 I ProxCoverNoticeService: keyguard unlocked broadcast received.
11-13 15:00:10.765  1452  6655 D CompatibilityInfo: mCompatibilityFlags - 0
11-13 15:00:10.765  1452  6655 D CompatibilityInfo: applicationDensity - 480
11-13 15:00:10.765  1452  6655 D CompatibilityInfo: applicationScale - 1.0
11-13 15:00:10.766  1452  9019 V VivoBaseDisplayContent:  updateDockBackground bForceShow=false divider_bg_enable=true bShowBg=false mForceShowFlag=false isVivoDockedDividerResizing=false topStack={stackId=32 tasks=[{taskId=264 appTokens=[AppWindowToken{2bc8305 token=Token{1b9ee7c ActivityRecord{6eaec4e u0 com.EpicGames.AndroidQuickStart/com.epicgames.ue4.GameActivity d0 s32 t264}}}] mdr=false}]} splitScreenPrimaryStack=null topSecondaryStack=null appBounds=null
11-13 15:00:10.768 28287 28308 D UE4     : LogAndroidEvents::EnqueueAppEvent : 11, [width=-1, height=-1], tid = 28308, APP_EVENT_STATE_WINDOW_GAINED_FOCUS
11-13 15:00:10.769 28287 28308 D UE4     : LogAndroidEvents::EnqueueAppEvent : 14, [width=-1, height=-1], tid = 28308, APP_EVENT_STATE_APP_ACTIVATED
11-13 15:00:10.769 28287 28308 D UE4     : LogAndroidEvents::EnqueueAppEvent : 15, [width=-1, height=-1], tid = 28308, APP_EVENT_RUN_CALLBACK
11-13 15:00:10.772  1452  1868 D CompatibilityInfo: mCompatibilityFlags - 0
11-13 15:00:10.772  1452  1868 D CompatibilityInfo: applicationDensity - 480
11-13 15:00:10.772  1452  1868 D CompatibilityInfo: applicationScale - 1.0
11-13 15:00:10.772  1452  4033 D InputMethodManagerService: windowGainedFocus isPasswordInputType:false ,mHasSecureIMS=true ,mSecureIMSOn=true
11-13 15:00:10.774  2033  2033 I KeyguardViewMediator: readyForKeyguardDone : false, false
11-13 15:00:10.774  2033  2033 D StatusBar: disable<e i a s b h!r!c s > disable2<q i n >
11-13 15:00:10.774  2639  3213 D HomeIndicatorController: UpSlide|disable: mDisabledFlags= 0, masked= 0
11-13 15:00:10.778  2615  2615 I ProxCoverNoticeService: isKeyguardLocked = false, isDeviceLocked = false, isKeyguardSecure = false, isDeviceSecure = false, inKeyguardRestrictedInputMode = false
11-13 15:00:10.778  2615  2615 I ProxCoverNoticeService: update monitor view to 1 pixel
11-13 15:00:10.778  2615  2615 E ProxCoverNoticeService: monitor view is null, no need to update
11-13 15:00:10.780  2033 28389 I BitmapUtils: rotate wallpaper : false
11-13 15:00:10.781  2033 28389 I WallpaperLoader: load Wallpaper async cast 42, result : 1080
11-13 15:00:10.781  2033  2033 I StatusBar: SystemUI|isKeyguardShowing = false isDisabled = false
11-13 15:00:10.781  2033  2033 I StatusBar: SystemUI|enableUpSlide >>> enabled = true
11-13 15:00:10.781  2033  2033 I StatusBar: SystemUI|updateFlagSlipperyForNavBar >> slippery = false
11-13 15:00:10.781  2639  3213 I UpSlideHelper: UpSlide|enableUpSlide, enable = true
11-13 15:00:10.781  2639  2639 D UpSlideTransparentView: UpSlide|updateLayoutParams, isAnimationRunning = false, force = false, mIsKeyguardLocked = false, mIsKeyguardShowing = false, mEnableOnKeyguard = false
11-13 15:00:10.781  2639  2639 D UpSlideTransparentView: UpSlide|UpdateLayoutParams, touchable = true, focusable = false, mLps.width = -1, mLps.height = 42, force = false, fd: 0
11-13 15:00:10.785 10415 27740 I ToolbarService: MultiDisplay_BackTool|notifyKeyguardStateChanged: 0
11-13 15:00:10.785 10415 27740 I TransitionManager: MultiDisplay_BackTool|onKeyguardStateChanged - state: 0
11-13 15:00:10.785  1452  9019 I RatioControllerUtils: addDisplayId, pid = 28287, displayId = 0, reason = ensureConfig:Intent { flg=0x10010000 cmp=com.EpicGames.AndroidQuickStart/com.epicgames.ue4.GameActivity (has extras) }
11-13 15:00:10.785 10415 10415 I TransitionManager: MultiDisplay_BackTool|handleKeyguardStateChanged - state: 0
