11-13 15:00:07.698   722 28357 W VivoSensorTest: Received response; error 0, msg_id 32, size 32
11-13 15:00:07.698   722 28357 W VivoSensorTest: Received client ID 439 result 0
11-13 15:00:07.698  2650  3369 D QtiRilInterface: instance = com.qualcomm.qti.internal.telephony.QtiRilInterface@323fa2f
11-13 15:00:07.698  2898 24461 D QcrilMsgTunnelIfaceManager: needAddWaitTime return false byte = -7
11-13 15:00:07.699  2898  2898 D QcrilMsgTunnelIfaceManager: handleMessage what = 1
11-13 15:00:07.699   722 28357 W VivoSensorTest: Received response; error 0, msg_id 32, size 32
11-13 15:00:07.699   722 28357 W VivoSensorTest: Received client ID 439 result 0
11-13 15:00:07.699   722 28357 W VivoSensorTest: Received Indication; len 87
11-13 15:00:07.699   722 28357 W VivoSensorTest: Indication from client ID 439
11-13 15:00:07.699   722 28357 W VivoSensorTest: Begin decoding event
11-13 15:00:07.699   722 28357 V VivoSensorTest: Begin decoding sensor event 768
11-13 15:00:07.699   722 28357 E VivoSensorTest: SNS_STD_SENSOR_MSGID_SNS_STD_SENSOR_EVENT: Error decoding event: missing required field
11-13 15:00:07.699   722 28357 E VivoSensorTest: Error decoding Event: callback failed
11-13 15:00:07.699   722 28357 W VivoSensorTest: Event decoding complete
11-13 15:00:07.699   722 28357 E VivoSensorTest: Error decoding event list: callback failed
11-13 15:00:07.699   722 28357 I VivoSensorTest: Indication processing completed
11-13 15:00:07.699  2898  2942 I QcrilOemhookMsgTunnel: [0]processOemHookResponse serial no: 1080 error: 0length=12
11-13 15:00:07.699  2898  2942 D QcrilOemhookMsgTunnel: [1080] < OEM_HOOK_RAW [[B@6818e3d]
11-13 15:00:07.699  2898  2898 I QcrilOemhookMsgTunnel: [1]invokeOemRilRequestRaw: serial=1081 length=25
11-13 15:00:07.699  2898  2942 D QcrilOemhookMsgTunnel: { id=343 when=-1h16m43s475ms what=2 obj=com.qualcomm.qcrilmsgtunnel.QcrilMsgTunnelIfaceManager$MessageRequest@eae5632 target=com.qualcomm.qcrilmsgtunnel.QcrilMsgTunnelIfaceManager$1 }
11-13 15:00:07.699  2898  2898 D QcrilOemhookMsgTunnel: 1081 > OEM_HOOK_RAW[514f454d484f4f4bf901080009000000017472756500000000]
11-13 15:00:07.699  2898  2898 D QcrilOemhookMsgTunnel: Calling HIDL oemHookRawRequest
11-13 15:00:07.699  2898  2898 D QcrilMsgTunnelIfaceManager: handleMessage what = 2
11-13 15:00:07.701  2898  2942 I QcrilOemhookMsgTunnel: [1]processOemHookResponse serial no: 1081 error: 0length=12
11-13 15:00:07.701  2898  2942 D QcrilOemhookMsgTunnel: [1081] < OEM_HOOK_RAW [[B@b2a1f83]
11-13 15:00:07.701  2898  2942 D QcrilOemhookMsgTunnel: { id=341 when=-1h16m43s477ms what=2 obj=com.qualcomm.qcrilmsgtunnel.QcrilMsgTunnelIfaceManager$MessageRequest@8db8500 target=com.qualcomm.qcrilmsgtunnel.QcrilMsgTunnelIfaceManager$1 }
11-13 15:00:07.701  1452  4153 V LocSvc_HIDL_Subscription_jni: screen_status_update
11-13 15:00:07.701  1452  4153 V LocSvc_HIDL_Subscription_jni: [screen_status_update][528] [HC] =>> [HS]
11-13 15:00:07.701   705   705 V LocSvc_HIDL_IzatSubscription: [screenStatusUpdate][571] [HS] <<<<= [HC]
11-13 15:00:07.701   722 28357 W VivoSensorTest: Received Indication; len 86
11-13 15:00:07.701   722 28357 W VivoSensorTest: Indication from client ID 439
11-13 15:00:07.701   722 28357 W VivoSensorTest: Begin decoding event
11-13 15:00:07.701   722 28357 V VivoSensorTest: Begin decoding sensor event 1023
11-13 15:00:07.701   722 28357 W VivoSensorTest: vivo_signal_response
11-13 15:00:07.701   722 28357 E VivoSensorTest: VIVO_MSGID_SNS_SENSOR_GET_DATA_EVENT: received/total 1/1
11-13 15:00:07.701   722 28357 V VivoSensorTest: Done decoding sensor event
11-13 15:00:07.701   722 28357 W VivoSensorTest: Event decoding complete
11-13 15:00:07.701   722 28357 I VivoSensorTest: Indication processing completed
11-13 15:00:07.701  1452  4153 V LocSvc_HIDL_Subscription_jni: Exit Result 0
11-13 15:00:07.702  2898  2898 D QcrilMsgTunnelIfaceManager: handleMessage what = 2
11-13 15:00:07.702   722   722 W VivoSensorTest: Sensors  data test completed - Exiting ret =1
11-13 15:00:07.702  1452  1948 D VivoSensorTest_hidl: 93:VivoSensorTest(): VivoSensorTest end ID 922 ret 0
11-13 15:00:07.702   722   722 E VivoSensorTest: bbk_em_sensor_main: ID 0x201 arg1 arg2 arg3
11-13 15:00:07.702   722   722 E VivoSensorTest: bbk_em_sensor_main: ID 0x201 args 1634100480 7629941 4194304
11-13 15:00:07.702  1452  1948 D VivoSensorTest: after Java_com_sensoroperate_VivoSensorOperationUtils_jniVivoSensorOperationUtilsInt type=922 arg_len=3
11-13 15:00:07.702  1452  1948 D VivoSensorOperationUtils: executeCommand 0
11-13 15:00:07.702   697 28362 I sensors-hal: handle_indication_realtime:352,  SCHED_FIFO(10) for qmi_cbk
11-13 15:00:07.702  1452  1877 D VivoSensorTest_hidl: 93:VivoSensorTest(): VivoSensorTest end ID 513 ret 0
11-13 15:00:07.702  1452  1948 D AutoBrightnessManager: no need to care the proximity status when first light after rom 3.2
11-13 15:00:07.702  1452  1877 D VivoProxCaliService: startCalibration when screen on...
11-13 15:00:07.702  1452  1877 D VivoProxCaliService: Mikoto Int cali, do not need to do temp cali except phone call or boot complete cali
11-13 15:00:07.702   697 28362 E sensors-hal: handle_sns_client_event:44, amd_sample: ts=5300753419016 ns; value = [0.000000]
11-13 15:00:07.702   697   697 I sensors-hal: activate:118, android.sensor.amd/2 en=1 completed
11-13 15:00:07.702   722   722 E VivoSensorTest: bbk_em_sensor_main: ID 0x210 arg1 arg2 arg3
11-13 15:00:07.702   722   722 E VivoSensorTest: bbk_em_sensor_main: ID 0x210 args 1 1 1
11-13 15:00:07.702   722   722 D VivoSensorTest: start_ps_set_integration_time command[0]:3 data[1]:201 data[2]:1
11-13 15:00:07.702   722   722 W VivoSensorTest: Waiting for service
11-13 15:00:07.702   722   722 W VivoSensorTest: Waiting complete
11-13 15:00:07.702   722   722 W VivoSensorTest: Creating client connection
11-13 15:00:07.702  1452  1948 D AutoBrightnessManager: onSensorChanged light: first lux tempAbInfo:brightness=38;lightlevel=0;cameralevel=3;screenlevel=1;lightlux=175;delaytime=0;reason=-1;version=1;date=unknown;proximity=false;
11-13 15:00:07.702   722   722 W VivoSensorTest: Sending request payload len 50
11-13 15:00:07.702  1452  1948 D AutoBrightnessManager: onSensorChanged light: first lux mAutobrightInfo:brightness=34;lightlevel=0;cameralevel=3;screenlevel=1;lightlux=83;delaytime=0;reason=-1;version=1;date=unknown;proximity=false;
11-13 15:00:07.702  1452  1948 D DisplayPowerController: mVivoWaitingBrightness brightness change from 34 to 38 delay 0
11-13 15:00:07.702   697   697 I sensors-hal: activate:107, android.sensor.smartprox/30 en=0
11-13 15:00:07.702  1452  1948 D DisplayPowerController: onNewScreenValue info:brightness=38;lightlevel=0;cameralevel=3;screenlevel=1;lightlux=175;delaytime=0;reason=-1;version=1;date=unknown;proximity=false;
11-13 15:00:07.702  1452  1950 D DisplayPowerController: ddd vivoUpdateAutoBrightness  brightnessBeenApplied=0
11-13 15:00:07.703  1452  1950 D DisplayPowerController: ALS update mScreenAutoBrightness from 34 to 38
11-13 15:00:07.703  1452  1950 D DisplayPowerController: vivoUpdateAutoBrightness mAutobrightInfo:brightness=38;lightlevel=0;cameralevel=3;screenlevel=1;lightlux=175;delaytime=0;reason=-1;version=1;date=unknown;proximity=false;
11-13 15:00:07.703  1452  1536 D DisplayPowerController: updatePowerState: mPowerRequest.useProximitySensor=false, mProximity=Unknown, mScreenOffBecauseOfProximity=false mPowerRequest.screenState = ON mWaitingForNegativeProximity = false isPowerKeyWakeUp = true
11-13 15:00:07.703   697   697 I sensors-hal: activate:118, android.sensor.smartprox/30 en=0 completed
11-13 15:00:07.703  1452  1536 D DisplayPowerController: animateScreenStateChange to target ON
11-13 15:00:07.703  1452  1536 D DisplayPowerController: animateScreenStateChange to target ON
11-13 15:00:07.703  1452  1536 D DisplayPowerController: updatePowerState use=true enabled=true  state=ON block=false
11-13 15:00:07.703  1452  1536 D DisplayPowerController: as 111 mWaitingApplyFirstLight animateScreenBrightness(38,0)
11-13 15:00:07.703   632  2731 D vendor::vivo::hardware::biometrics::analysis: brightnessUpdate, 215
11-13 15:00:07.703  1452  1510 V WindowOrientationListener: w_orient: framework Raw window_orientation data: x=-1.0, y=0.0, z=0.0
11-13 15:00:07.703  1452  1510 V WindowOrientationListener: w_orient: oldProposedRotation=-1 proposedRotation=-1
11-13 15:00:07.703   632  2731 D vendor::vivo::hardware::biometrics::analysis: dismissColorFade
11-13 15:00:07.703  1452  1510 V WindowOrientationListener: w_orient: framework Raw window_orientation data: x=-1.0, y=0.0, z=0.0
11-13 15:00:07.703  1452  1510 V WindowOrientationListener: w_orient: oldProposedRotation=-1 proposedRotation=-1
11-13 15:00:07.703  1452  1536 D DisplayPowerController: native notify screen useAutoBrightness = true  mChangeUpLux = 411 mChangeDownLux = 13 0
11-13 15:00:07.703  1452  1536 D FtColorManager: GetActiveMode : qxx get ActiveMode == 1
11-13 15:00:07.704   697   697 W         : Unknown global_handle 1600940391
11-13 15:00:07.704   722 28363 W VivoSensorTest: Received response; error 0, msg_id 32, size 32
11-13 15:00:07.704   697   697 W         : Unknown global_handle 1600940391
11-13 15:00:07.704   722 28363 W VivoSensorTest: Received client ID 441 result 0
11-13 15:00:07.704   697   697 W         : Unknown global_handle 1600940391
11-13 15:00:07.704   697   697 E         : IGNORED inject_sensor_data(type=33, handle=1600940391) call to non-API-compliant sensor
11-13 15:00:07.704   722 28363 W VivoSensorTest: Received Indication; len 87
11-13 15:00:07.704   722 28363 W VivoSensorTest: Indication from client ID 441
11-13 15:00:07.704   722 28363 W VivoSensorTest: Begin decoding event
11-13 15:00:07.704   722 28363 W VivoSensorTest: Received SUID Event with SUID 2a462eac2a9a1477 4795ecea145f6a96
11-13 15:00:07.704   722 28363 W VivoSensorTest: vivo_signal_response
11-13 15:00:07.704  1452  1536 D DisplayPowerController: updatePowerState: mPowerRequest.useProximitySensor=false, mProximity=Unknown, mScreenOffBecauseOfProximity=false mPowerRequest.screenState = ON mWaitingForNegativeProximity = false isPowerKeyWakeUp = false
11-13 15:00:07.704   722 28363 W VivoSensorTest: Received SUID Event with data type 'proximity_a'
11-13 15:00:07.704   722 28363 W VivoSensorTest: Event decoding complete
11-13 15:00:07.704  1452  1536 D DisplayPowerController: animateScreenStateChange to target ON
11-13 15:00:07.704   722 28363 I VivoSensorTest: Indication processing completed
11-13 15:00:07.704  1452  1536 D DisplayPowerController: animateScreenStateChange to target ON
11-13 15:00:07.704  1452  1536 D DisplayPowerController: updatePowerState use=true enabled=true  state=ON block=false
11-13 15:00:07.704   722   722 V VivoSensorTest: send_enable_req
11-13 15:00:07.704   722   722 W VivoSensorTest: Sending request payload len 40
11-13 15:00:07.704   722   722 D VivoSensorTest: vivo_send_req command_count 0/1
11-13 15:00:07.704   722   722 W VivoSensorTest: Sending request payload len 42
11-13 15:00:07.705   733  3128 V APM::AudioPolicyEngine: getDeviceForStrategy() strategy 0, device 2
11-13 15:00:07.707  1452  1452 V SettingsProvider: Notifying for 0: content://settings/system/vivo_screen_auto_brightness
11-13 15:00:07.707   632  2731 D vendor::vivo::hardware::biometrics::analysis: brightnessUpdate, 215
11-13 15:00:07.707   632  2731 D vendor::vivo::hardware::biometrics::analysis: dismissColorFade
11-13 15:00:07.708   722 28363 W VivoSensorTest: Received response; error 0, msg_id 32, size 32
11-13 15:00:07.708   722 28363 W VivoSensorTest: Received client ID 441 result 0
11-13 15:00:07.708   722 28363 W VivoSensorTest: Received response; error 0, msg_id 32, size 32
11-13 15:00:07.708   722 28363 W VivoSensorTest: Received client ID 441 result 0
11-13 15:00:07.709  1033  1127 E DnsProxyListener:  dnsproxyd data available: socket = 5, pid = 4381
11-13 15:00:07.709  1033  1127 E DnsProxyListener:  dnsproxyd data available: reslut = 0
11-13 15:00:07.710  1033  1130 E         :  fwmarkd data available: socket = 5, pid = 4381
11-13 15:00:07.710  3889  4643 I ThirdConfigService: ThirdConfigService is closed.
11-13 15:00:07.710  1033  1130 E         :  fwmarkd data available: reslut = 0
11-13 15:00:07.711   722 28363 W VivoSensorTest: Received Indication; len 86
11-13 15:00:07.711   722 28363 W VivoSensorTest: Indication from client ID 441
11-13 15:00:07.711   722 28363 W VivoSensorTest: Begin decoding event
11-13 15:00:07.711   722 28363 V VivoSensorTest: Begin decoding sensor event 1023
11-13 15:00:07.711   722 28363 W VivoSensorTest: vivo_signal_response
11-13 15:00:07.711   722 28363 E VivoSensorTest: VIVO_MSGID_SNS_SENSOR_GET_DATA_EVENT: received/total 1/1
11-13 15:00:07.711   722 28363 D VivoSensorTest: sensor_proximity_data_callback 1.000000
11-13 15:00:07.711   722 28363 V VivoSensorTest: Done decoding sensor event
11-13 15:00:07.711   722 28363 W VivoSensorTest: Event decoding complete
11-13 15:00:07.711   722 28363 I VivoSensorTest: Indication processing completed
11-13 15:00:07.711  1033  1130 E         :  fwmarkd data available: socket = 5, pid = 4381
11-13 15:00:07.711  1033  1130 E         :  fwmarkd data available: reslut = 0
11-13 15:00:07.713  1452  1452 W InputReader: type=1400 audit(0.0:10342): avc: denied { read } for name="u:object_r:system_boot_reason_prop:s0" dev="tmpfs" ino=16833 scontext=u:r:system_server:s0 tcontext=u:object_r:system_boot_reason_prop:s0 tclass=file permissive=0
11-13 15:00:07.715  5141  5199 I AutoCleanUtils: screen on cancel task
11-13 15:00:07.716  1452  9019 V AlarmAlign: setLocked to kernel, type = 2, when = 5757314, curTime = 5300788
11-13 15:00:07.716  1452  9019 V AlarmAlign: setLocked to kernel, type = 3, when = 5353072, curTime = 5300788
11-13 15:00:07.717  5141  5197 I LowMemoryDialogTimer: doCheckLowMemory
11-13 15:00:07.717  1452  4041 D CompatibilityInfo: mCompatibilityFlags - 0
11-13 15:00:07.717  1452  4041 D CompatibilityInfo: applicationDensity - 480
11-13 15:00:07.717  1452  4041 D CompatibilityInfo: applicationScale - 1.0
11-13 15:00:07.718  5141  5141 I NotificationJobService: startServiceScreenOn * JobWorkItemCompat.enqueue: 1
11-13 15:00:07.718  5141  5197 D DbCache : putStringInner: to cache mem_c_uuid empty
11-13 15:00:07.718  5141  5197 I LowMemoryDialogTimer: checkMemUUID: reset mem c
11-13 15:00:07.718  5141  5199 D DbCache : putStringInner: put to db mem_c_uuid empty
11-13 15:00:07.718  5141  5197 D DbCache : putStringInner: to cache mem_b_uuid empty
11-13 15:00:07.718  5141  5197 I LowMemoryDialogTimer: checkMemUUID: reset mem b
11-13 15:00:07.718  5141  5197 I LowMemoryDialogTimer: checkNotification: 113496842240
11-13 15:00:07.719  5141  5197 I LowMemoryDialogTimer: cancelNotification
11-13 15:00:07.719  5141  5197 I DisableBootReceiver: cancle clean notification !!!false
11-13 15:00:07.719  1452  1509 D CompatibilityInfo: mCompatibilityFlags - 10
11-13 15:00:07.719  1452  1509 D CompatibilityInfo: applicationDensity - 480
11-13 15:00:07.719  1452  1509 D CompatibilityInfo: applicationScale - 1.0
11-13 15:00:07.719  2594  2594 D DPMJ    : |SERVICE| DPM received action android.intent.action.SCREEN_ON
11-13 15:00:07.719  2594  2594 I DPMJ    : |SERVICE| sendScreenState: state: true
11-13 15:00:07.720  5141  5199 D DbCache : putStringInner: put to db mem_b_uuid empty
11-13 15:00:07.720  5141  5197 I NotificationJobService: cancel * JobWorkItemCompat.enqueue: 1
11-13 15:00:07.720  5141  5197 I LowMemoryDialogTimer: doCheckLowMemory: memory ok cancel timer
11-13 15:00:07.720  5141  5197 I LowMemoryDialogTimer: setLastShowDataFreeSize: -1
11-13 15:00:07.720  5141  5197 I LowMemoryDialogTimer: cancelTimer: timer is null
11-13 15:00:07.720  5141  5197 I DisableBootReceiver: cancle clean notification !!!true
11-13 15:00:07.722  5141  5197 I NotificationJobService: cancel * JobWorkItemCompat.enqueue: 1
11-13 15:00:07.722  5141  5197 D DbCache : putIntInner: to cache already_show_noti 0
11-13 15:00:07.722  5141  5199 D DbCache : putIntInner: put to db already_show_noti 0
11-13 15:00:07.722  2615  5586 D FuelSummary: [receive]: action.screen
11-13 15:00:07.724   722   722 W VivoSensorTest: vivo_wait_for_response:cb has arrived without waiting  
11-13 15:00:07.725   722   722 W VivoSensorTest: Sensors  data test completed - Exiting ret =1
11-13 15:00:07.725  1452  1878 D VivoSensorTest_hidl: 93:VivoSensorTest(): VivoSensorTest end ID 528 ret 0
11-13 15:00:07.725  5141 28365 I NotificationJobService: Done work with: JobWorkItem{id=1 intent=Intent { act=screen_on cmp=com.iqoo.secure/.notification.NotificationService } dcount=1}
11-13 15:00:07.727  5141 28365 I NotificationJobService: Done work with: JobWorkItem{id=2 intent=Intent { act=cancel cmp=com.iqoo.secure/.notification.NotificationService (has extras) } dcount=1}
11-13 15:00:07.728  5141 28365 I NotificationJobService: Done work with: JobWorkItem{id=3 intent=Intent { act=cancel cmp=com.iqoo.secure/.notification.NotificationService (has extras) } dcount=1}
11-13 15:00:07.729  1452  1818 D WindowManager: interceptKeyBeforeQueueing systemBooted = true
11-13 15:00:07.729  1452  1818 I FingerprintUnlockController: keyCode: 26, action: 1
11-13 15:00:07.729  1452  1818 I KeyguardUpdateMonitorCallback: keyCode: 26, action: 1
11-13 15:00:07.729  1452  1818 I FingerprintKey: keycode event, keycode:26, action:1
11-13 15:00:07.730  1452  1818 D WindowManager: interceptKeyTq keycode=26 interactive=true keyguardActive=true policyFlags=22000000
11-13 15:00:07.730  1452  1818 W WindowManager: interceptKeyBeforeQueueingForVivo isGameRunning  = false ,keyguardActive = true ,lastDoubleKey = 0 ,keyCode = 26 ,down = false ,canceled = false
11-13 15:00:07.730  1452  1818 D WindowManager: mShouldSnoozeAlarm = true
11-13 15:00:07.730  1452  1818 D WindowManager: cancelPendingScreenshotKey.
11-13 15:00:07.730  1452  1818 E libc    : Access denied finding property "sys.boot.reason"
11-13 15:00:07.730  1452  1818 D WindowManager: isPhicalHomeKey = false ,result = 1
11-13 15:00:07.730  1452  1818 D WindowManager: cancelJoviVoice mPowerKeyHandledByJovi = false
11-13 15:00:07.730  1452  1818 D WindowManager: interceptPowerKeyUp handled=true
11-13 15:00:07.731  1452  1818 I WindowManager: process interceptKeyBeforeQueueing result = 0
11-13 15:00:07.732  5141 28365 I NotificationJobService: Done onHandleWork and will job finish
11-13 15:00:07.738  1452  6655 V AlarmAlign: setLocked to kernel, type = 2, when = 5668478, curTime = 5300810
11-13 15:00:07.738  1452  6655 V AlarmAlign: setLocked to kernel, type = 3, when = 5353072, curTime = 5300810
11-13 15:00:07.747 15301 16888 I NearbySharing: Screen is locked [CONTEXT service_id=194 ]
11-13 15:00:07.747 15301 16888 I NearbySharing: Failed to stop scanning because weren't scanning. [CONTEXT service_id=194 ]
11-13 15:00:07.747 15301 16888 I NearbySharing: Stopping discovery because the screen is locked. [CONTEXT service_id=194 ]
11-13 15:00:07.747 15301 16888 I NearbySharing: Can't stop advertising FastInitiation. Not advertising. [CONTEXT service_id=194 ]
11-13 15:00:07.747 15301 16888 I NearbySharing: Stopping Fast Init advertisement because Bluetooth is off. [CONTEXT service_id=194 ]
11-13 15:00:07.747 15301 16888 I NearbySharing: Failed to stop advertising because we weren't advertising. [CONTEXT service_id=194 ]
11-13 15:00:07.747 15301 16888 I NearbySharing: Stopping advertising because the screen is locked. [CONTEXT service_id=194 ]
11-13 15:00:07.747 15301 16888 I NearbySharing: Stopping Fast Init because the screen is locked. [CONTEXT service_id=194 ]
11-13 15:00:07.747 15301 16888 I NearbySharing: Can't stop scanning for FastInitiation. Not scanning. [CONTEXT service_id=194 ]
11-13 15:00:07.748 15301 16888 I NearbySharing: Fast Initiation Scanning has stopped [CONTEXT service_id=194 ]
11-13 15:00:07.754  1452  1452 D NetworkMonitor/NetworkInfo [WIFI () - 101]: registerVivoReceiver action:android.intent.action.SCREEN_ON
11-13 15:00:07.755  1452 19750 D NetworkMonitor/NetworkInfo [WIFI () - 101]: handleMessage: E msg.what=532496
11-13 15:00:07.755  1452  1947 D PreloadingLightSensor: handleMessage MSG_DISABLE_PRE_LIGHT_SENSOR
11-13 15:00:07.755  1452 19750 D NetworkMonitor/NetworkInfo [WIFI () - 101]: processMsg: ValidatedState
11-13 15:00:07.755  1452 19750 D NetworkMonitor/NetworkInfo [WIFI () - 101]: processMsg: DefaultState
11-13 15:00:07.755  1452 19750 D NetworkMonitor/NetworkInfo [WIFI () - 101]: handleMessage: X
11-13 15:00:07.755 15301 15382 I BeaconBle: Client requested scan, settings=BleSettings [scanMode=LOW_LATENCY, callbackType=ALL_MATCHES, reportDelayMillis=0, 5 filters, 1 clients, callingClientName=Nearby] [CONTEXT service_id=111 ]
11-13 15:00:07.765 15301 15382 I BeaconBle: 'L' hardware scan: 2 filters, scanMode=2, reportdelay=0, callback type=1, #clients=1, workSource=WorkSource{10043 com.google.android.gms} [CONTEXT service_id=111 ]
11-13 15:00:07.767 15301 15382 I BeaconBle: Starting scan on OS scanner. BT state: 15 [CONTEXT service_id=111 ]
11-13 15:00:07.768 15301 15382 D BluetoothAdapter: isLeEnabled(): BLE_ON
11-13 15:00:07.769  1452  1452 V AlarmAlign: setLocked to kernel, type = 2, when = 5668478, curTime = 5300841
11-13 15:00:07.769  1452  1452 V AlarmAlign: setLocked to kernel, type = 2, when = 5668478, curTime = 5300841
11-13 15:00:07.769  1452  1452 V AlarmAlign: setLocked to kernel, type = 3, when = 5353072, curTime = 5300841
11-13 15:00:07.770 18075 18088 D BtGatt.GattService: registerScanner() - UUID=ab6284ac-797c-491f-9c9d-e0ba2eeb4472
11-13 15:00:07.771 18075 18130 I bt_stack: [INFO:gatt_api.cc(949)] GATT_Register30aaabdf-72ec-d191-0963-a3689572c9ed
11-13 15:00:07.771 18075 18130 I bt_stack: [INFO:gatt_api.cc(969)] allocated gatt_if=4
11-13 15:00:07.772 18075 18097 D BtGatt.GattService: onScannerRegistered() - UUID=ab6284ac-797c-491f-9c9d-e0ba2eeb4472, scannerId=4, status=0
11-13 15:00:07.772 15301 16729 D BluetoothLeScanner: onScannerRegistered() - status=0 scannerId=4 mScannerId=0
11-13 15:00:07.772 18075 18088 D BluetoothAdapterService: getAdapterService() - returning com.android.bluetooth.btservice.AdapterService@7dbb9dd
11-13 15:00:07.772 18075 18088 D BtGatt.GattService: start scan with filters
11-13 15:00:07.776 18075 18115 D BtGatt.ScanManager: handling starting scan
11-13 15:00:07.777 18075 18115 D BtGatt.ScanManager: isAptXLowLatencyModeEnabled: false
11-13 15:00:07.779   684   684 D vendor.qti.bluetooth@1.0-ibs_handler: SerialClockVote: vote for UART CLK ON
11-13 15:00:07.779   684   684 D vendor.qti.bluetooth@1.0-wake_lock: Acquire wakelock is acquired 
11-13 15:00:07.779   684   684 I vendor.qti.bluetooth@1.0-ibs_handler: DeviceWakeUp: Writing IBS_WAKE_IND
11-13 15:00:07.782   684 18124 I vendor.qti.bluetooth@1.0-ibs_handler: ProcessIbsCmd: Received IBS_WAKE_ACK: 0xFC
11-13 15:00:07.784   684 18124 I vendor.qti.bluetooth@1.0-ibs_handler: ProcessIbsCmd: Received IBS_WAKE_IND: 0xFD
11-13 15:00:07.784   684 18124 I vendor.qti.bluetooth@1.0-ibs_handler: ProcessIbsCmd: Writing IBS_WAKE_ACK
11-13 15:00:07.788 18075 18097 D BtGatt.GattService: onScanFilterEnableDisabled() - clientIf=4, status=0, action=1
11-13 15:00:07.788 18075 18097 D BtGatt.ScanManager: callback done for scannerId - 4 status - 0
11-13 15:00:07.789 18075 18097 D BtGatt.GattService: onScanFilterConfig() - clientIf=4, action = 0 status = 0, filterType=2, availableSpace=31
11-13 15:00:07.790 18075 18097 D BtGatt.ScanManager: callback done for scannerId - 4 status - 0
11-13 15:00:07.790 18075 18115 D BtGatt.ScanManager: configureFilterParamter 500 10000 1 0, deliveryMode=0
11-13 15:00:07.791 18075 18097 D BtGatt.GattService: onScanFilterParamsConfigured() - clientIf=4, status=0, action=0, availableSpace=15
11-13 15:00:07.791 18075 18097 D BtGatt.ScanManager: callback done for scannerId - 4 status - 0
11-13 15:00:07.793   691   691 I SDM     : HWCSession::HandleConcurrency: sec_builtin_active 0
11-13 15:00:07.794   697  1812 E sensors-hal: handle_sns_std_sensor_event:86, proximity_b: ts = 5300863759902 ns; base = 5.000000 data = 126.000000 proximity 134.000000 
11-13 15:00:07.794   697  1812 E sensors-hal: handle_sns_std_sensor_event:86, proximity_b: ts = 5300862261412 ns; base = 5.000000 data = 126.000000 proximity 134.000000 
11-13 15:00:07.794   697  1812 I sensors-hal: submit_sensors_hal_event:107, (tmd3702 Proximity_b Sensor Non-wakeup)dropping un-ordered ts samples _previous 5300863759902 and current ts 5300862261412
11-13 15:00:07.794   697 28341 I sensors-hal: handle_indication_realtime:352,  SCHED_FIFO(10) for qmi_cbk
11-13 15:00:07.794   697 28341 E sensors-hal: handle_sns_client_event:57, light_optimize_event: ts=5300862261412, (20.000000, 112.000000, 2.000000), (3.000000, 0.000000, 0.000000)
11-13 15:00:07.794  1452  1893 D SensorManager: framework alsps proximity_b raw_data dataX=5.0 to com.vivo.services.touchscreen.TouchScreenService$ProximitySensorMonitor@9a884c8
11-13 15:00:07.795   735   735 D SurfaceFlinger: Finished set power mode=2, type=0
11-13 15:00:07.795  3957  3957 D SensorManager: framework alsps proximity_b raw_data dataX=5.0 to com.vivo.vivolight.ui.b.e$1@2c5dd20
11-13 15:00:07.795   716   716 D touchscreen: 30 bytes have been write to app name
11-13 15:00:07.795  1452  1954 D SurfaceControl: Excessive delay in setPowerMode()
11-13 15:00:07.795  1452  1954 I FaceBiometrics: not allow change to Doze,mIsFaceDozeUnlock is:false,mIsFaceUnlockEnable:false mIsFaceDozeBlockByOthers:false
11-13 15:00:07.795  1452  1542 D VivoDisplayStateService: primary-display onDisplayStateChanged STATE_OFF to STATE_ON backlight: 0 to 0
11-13 15:00:07.795  1452  1954 D FingerprintWakeHook: Display state changed to ON
11-13 15:00:07.795  1452  1542 W VivoDisplayStateService: draw wake lock is already released
11-13 15:00:07.795  1452  1540 I UDCommon/FingerprintOverlayController: display backlight state changed to STATE_ON, backlight: 0
11-13 15:00:07.795  1452  1809 I UDCommon/UDFingerprintController: stateChanged: STATE_OFF to STATE_ON backlight: 0 to 0
11-13 15:00:07.796   697  1775 W         : Unknown global_handle 1600940391
11-13 15:00:07.796   697  1775 I chatty  : uid=1000(system) HwBinder:697_1 identical 1 line
11-13 15:00:07.796   697  1775 W         : Unknown global_handle 1600940391
11-13 15:00:07.796   697  1775 E         : IGNORED inject_sensor_data(type=33, handle=1600940391) call to non-API-compliant sensor
11-13 15:00:07.797 18075 18097 D BtGatt.GattService: onScanFilterConfig() - clientIf=4, action = 0 status = 0, filterType=5, availableSpace=31
11-13 15:00:07.797 18075 18097 D BtGatt.ScanManager: callback done for scannerId - 4 status - 0
11-13 15:00:07.797  1452  1954 D DisplayPowerState: run normal set state backlight:0 end
11-13 15:00:07.797 18075 18115 D BtGatt.ScanManager: configureFilterParamter 500 10000 1 0, deliveryMode=0
11-13 15:00:07.797  1452  1947 D ScreenBrightnessModeRestore:  backlight = 38
11-13 15:00:07.797  1452  1954 D shuangping0705: updateDisplayStateLocked : displayId = 0 ; mGlobalDisplayState = 2 ; mGlobalDisplayBrightness = 215 ; mOverrideState = 2 ; mOverrideBrighetness = -1
11-13 15:00:07.797  1452  1954 D shuangping0705: updateDisplayStateLocked : displayId = 4096 ; mGlobalDisplayState = 2 ; mGlobalDisplayBrightness = 215 ; mOverrideState = 1 ; mOverrideBrighetness = -1
11-13 15:00:07.797  1452  1954 I KeyguardUpdateMonitorCallback: onScreenPendingOn
11-13 15:00:07.797  1452  1954 I UDFingerprintHandle: dispatchEvent: WINDOW_EVENT_PENDING_SCREEN_ON
11-13 15:00:07.797  1452  1954 W LightsService: setBrightness:215
11-13 15:00:07.797  1452  1806 I UDFingerprintHandle: handleMessage: UNKNOWN(1022)
11-13 15:00:07.797  1452  1806 I UDFingerprintHandle: handlePendingScreenOn: false:false:false:false
11-13 15:00:07.797  1452  1806 I FingerKeyFactory: keyguard showing: true
11-13 15:00:07.798  1452  1452 V SettingsProvider: Notifying for 0: content://settings/system/screen_brightness
11-13 15:00:07.798  2639  2639 D BrightnessHelper: UpSlide|mBrightnessObserver, selfChange = false
11-13 15:00:07.799  1452  1947 D ScreenBrightnessModeRestore: setWriteFlag flag = true
11-13 15:00:07.799  1452  1536 D DisplayPowerController: updatePowerState: mPowerRequest.useProximitySensor=false, mProximity=Unknown, mScreenOffBecauseOfProximity=false mPowerRequest.screenState = ON mWaitingForNegativeProximity = false isPowerKeyWakeUp = false
11-13 15:00:07.799  1452  1536 D DisplayPowerController: animateScreenStateChange to target ON
11-13 15:00:07.799  1452  1536 D DisplayPowerController: animateScreenStateChange to target ON
11-13 15:00:07.799  1452  1947 D ScreenBrightnessModeRestore: onGetSettingsInner_111 bright:34, animating brightness:38 mode:1 offBy: changeBy:android
11-13 15:00:07.799  1452  1947 D ScreenBrightnessModeRestore: onGetSettingsInner_222 mLastScreenBrightness:34
11-13 15:00:07.799  1452  1536 D DisplayPowerController: updatePowerState use=true enabled=true  state=ON block=false
11-13 15:00:07.799  2639  2639 I BrightnessHelper: UpSlide|onProgressChanged: fromUser= false
11-13 15:00:07.799  1452  1536 D DisplayPowerController: native notify screen useAutoBrightness = true  mChangeUpLux = 411 mChangeDownLux = 13 0
11-13 15:00:07.799  1452  1536 D FtColorManager: GetActiveMode : qxx get ActiveMode == 1
11-13 15:00:07.799   632  2731 D vendor::vivo::hardware::biometrics::analysis: dismissColorFade
11-13 15:00:07.799   697  1775 W         : Unknown global_handle 1600940391
11-13 15:00:07.799   697  1775 I chatty  : uid=1000(system) HwBinder:697_1 identical 1 line
11-13 15:00:07.799   697  1775 W         : Unknown global_handle 1600940391
11-13 15:00:07.799   697  1775 E         : IGNORED inject_sensor_data(type=33, handle=1600940391) call to non-API-compliant sensor
11-13 15:00:07.800 18075 18097 D BtGatt.GattService: onScanFilterParamsConfigured() - clientIf=4, status=0, action=0, availableSpace=14
11-13 15:00:07.800 18075 18097 D BtGatt.ScanManager: callback done for scannerId - 4 status - 0
11-13 15:00:07.803   733  3128 V APM::AudioPolicyEngine: getDeviceForStrategy() strategy 0, device 2
11-13 15:00:07.803 18075 18115 D BtGatt.ScanManager: configureRegularScanParams - queue=1
11-13 15:00:07.803 18075 18115 D BtGatt.ScanManager: configureRegularScanParams - ScanSetting LE 1M Scan mode=2ScanSetting LE Coded Scan mode=2 mLastConfiguredScanSettingLE1M=-1 mLastConfiguredScanSettingLECoded=-1scanPhy=255
11-13 15:00:07.804 18075 18115 D BtGatt.ScanManager: configureRegularScanParams - scanInterval LE 1M = 4096configureRegularScanParams - scanWindow LE 1M= 4096configureRegularScanParams - scanInterval LE Coded= 4096configureRegularScanParams - scanWindow LE Coded= 4096
11-13 15:00:07.805 18075 18097 D BtGatt.GattService: onScanParamSetupCompleted : 0
11-13 15:00:07.806   735   735 I SurfaceFlinger: FPS: 2
11-13 15:00:07.811   697 28356 E sensors-hal: handle_sns_std_sensor_event:43, win_orient_sample: ts=5300818091777 ns; value = [-1.000000, 81.000000, 0.000000,0.000000]
11-13 15:00:07.812  1452  1510 V WindowOrientationListener: w_orient: framework Raw window_orientation data: x=-1.0, y=0.0, z=0.0
11-13 15:00:07.812  1452  1510 V WindowOrientationListener: w_orient: oldProposedRotation=-1 proposedRotation=-1
11-13 15:00:07.815  1452  1954 I FaceBiometrics: not allow change to Doze,mIsFaceDozeUnlock is:false,mIsFaceUnlockEnable:false mIsFaceDozeBlockByOthers:false
11-13 15:00:07.815  1452  1542 D VivoDisplayStateService: primary-display onDisplayStateChanged STATE_ON to STATE_ON backlight: 0 to 38
11-13 15:00:07.815  1452  1542 I VivoDisplayStateService: onDisplayStateChanged: primary-display turns on
11-13 15:00:07.815  1452  1954 D FingerprintWakeHook: Display state changed to ON
11-13 15:00:07.815  1452  1954 I KeyguardUpdateMonitorCallback: onScreenOn
11-13 15:00:07.815  1452  1954 I UDFingerprintHandle: dispatchEvent: WINDOW_EVENT_SCREEN_ON
11-13 15:00:07.815  1452  1940 I VivoDisplayOverlayController: enableDisableBlackOverlayInternal: primary-display enable: false mOverlayAdded: false
11-13 15:00:07.815  1452  1806 I UDFingerprintHandle: handleMessage: MSG_FINGER_SCREEN_ON
11-13 15:00:07.815  1452  1806 I UDFingerprintHandle: handleScreenOn: false:false:false:false
11-13 15:00:07.815  1452  1806 I FingerKeyFactory: sendFingerprintResult: 21
11-13 15:00:07.815  1452  1540 I UDCommon/FingerprintOverlayController: display backlight state changed to STATE_ON, backlight: 38
11-13 15:00:07.815  1452  1809 I UDCommon/UDFingerprintController: stateChanged: STATE_ON to STATE_ON backlight: 0 to 38
11-13 15:00:07.815  1452  1809 I UDCommon/UDFingerprintController: onScreenOn
11-13 15:00:07.815  1452  1806 I FingerprintWakeHook: receive 21
11-13 15:00:07.816  1452  1806 I FingerKeyFactory: sendCommand: CMD_SET_INTERACTIVE:1
11-13 15:00:07.816  1452  3739 D UDCommon/UDSensorManager: handleMessage: 1001{ MSG_NOTIFY_SCREEN_STATE:screen on }
11-13 15:00:07.816   697  1775 W         : Unknown global_handle 1600940391
11-13 15:00:07.816  1452  1809 I FingerprintWakeHook: receive 13
11-13 15:00:07.816   697  1775 I chatty  : uid=1000(system) HwBinder:697_1 identical 1 line
11-13 15:00:07.816   697  1775 W         : Unknown global_handle 1600940391
11-13 15:00:07.816  1452  3739 D UDCommon/UDSensorManager: unregisterLightListener: false:true
11-13 15:00:07.816   697  1775 E         : IGNORED inject_sensor_data(type=33, handle=1600940391) call to non-API-compliant sensor
11-13 15:00:07.816  1452  3739 D UDCommon/UDSensorManager: unregisterMotionListener: false:true
11-13 15:00:07.816  1452  3739 D UDCommon/UDSensorManager: unregisterInfraredListener: false
11-13 15:00:07.816  1452  1806 D VivoPhonePosition: stopGetPosition, enter
11-13 15:00:07.816  1452  1536 D FingerprintWakeHook: handleMessage MSG_WAKE_MOVE_STATE
11-13 15:00:07.816  1452  3735 D UDCommon/UDCollectData: handleMessage: 1004
11-13 15:00:07.816  1452  3734 D UDCommon/FingerTimer: handleMessage: 1001
11-13 15:00:07.816  1452  1536 D FingerprintWakeHook: device moved
11-13 15:00:07.816  1452  3734 D UDCommon/FingerTimer: stopIconTimerInternal: false
11-13 15:00:07.816  1452  1806 I FingerKeyFactory: keyguard showing: true
11-13 15:00:07.816  1452  1807 D VivoPhonePosition: MSG_GET_POSITION_TIMEOUT, releaseWakeLock
11-13 15:00:07.816  1452  1806 I UDFingerprintHandle: handleScreenOn: restart fingerprint authentication
11-13 15:00:07.816  1452  1806 I FingerKeyFactory: keyguard showing: true
11-13 15:00:07.816  1452  1806 I UDFingerprintHandle: startAuthenticate
11-13 15:00:07.816  1452  1452 I FingerprintService: sendCommand CMD_SET_INTERACTIVE:1
11-13 15:00:07.816  1452  1806 I UDFingerprintHandle: fingerprint unlock disabled
11-13 15:00:07.816  2134  2168 W UDFinger/UDFingerService: onFactoryWork failed 2
11-13 15:00:07.816  1161  1161 D vendor.vivo.hardware.biometrics.fingerprint@2.1-service: sendCommand, command<32517>, extras<1>, flags<0>
11-13 15:00:07.817  2134  3733 I UDFinger/FingerprintMediator: handleMessage: 1012:true
11-13 15:00:07.817  2134  3733 I UDFinger/FingerprintPresenter: factoryWork: 2:1:android
11-13 15:00:07.817   716   716 D touchscreen: 17 bytes have been write to app name
11-13 15:00:07.817  1452  1954 D DisplayPowerState: run normal set state backlight:215 end
11-13 15:00:07.817   716   716 D touchscreen: 26 bytes have been write to app name
11-13 15:00:07.817  1452  1536 D DisplayPowerController: updatePowerState: mPowerRequest.useProximitySensor=false, mProximity=Unknown, mScreenOffBecauseOfProximity=false mPowerRequest.screenState = ON mWaitingForNegativeProximity = false isPowerKeyWakeUp = false
11-13 15:00:07.817  1452  1536 D DisplayPowerController: animateScreenStateChange to target ON
11-13 15:00:07.817   716   716 E touchscreen: Open /sys/touchscreen/dclick_lcd_state failed
11-13 15:00:07.817  1452  1536 D DisplayPowerController: animateScreenStateChange to target ON
11-13 15:00:07.817  1452  1536 D DisplayPowerController: updatePowerState use=true enabled=true  state=ON block=false
11-13 15:00:07.817   632  2731 D vendor::vivo::hardware::biometrics::analysis: dismissColorFade
11-13 15:00:07.818  1452  1536 I PhoneWindowNotifyFace: notifyObserver result:9
11-13 15:00:07.818  1452  1536 I FaceDetectService: notifyFaceDetectKeyHandler action: 9
11-13 15:00:07.818  1452  1536 I FingerprintUnlockController: onScreenTurnedOn
11-13 15:00:07.818  2033  4189 D KeyguardViewMediator: notifyScreenTurnedOn
11-13 15:00:07.818  1452  1536 W PowerManagerService: Screen on took 253 ms
11-13 15:00:07.820  1452  1815 D VivoWMPHook: The proximiteRegistered is trueregister is false
11-13 15:00:07.823  2033  2033 D KeyguardUpdateMonitor: received broadcast android.intent.action.TIME_TICK
11-13 15:00:07.823  2033  2033 D KeyguardViewMediator: handleNotifyScreenTurnedOn
11-13 15:00:07.823  2033  2033 I VivoFaceWhiteCoverView: onScreenTurnedOn: false
11-13 15:00:07.823  2033  2033 I VivoKeyguardMediator: onScreenTurnedOn mIsSmartMotionWakeUp = false, mIsNotificationEmpty = true
11-13 15:00:07.824  2033  2240 I StatusBarUpdateMonitor: SystemUI|TimeBroadcastReceiver, action = android.intent.action.TIME_TICK
11-13 15:00:07.840  2033  2033 D KeyguardUpdateMonitor: handleTimeUpdate
11-13 15:00:07.843  2033  2033 I VivoStatusBarHeaderClock: SystemUI|newTime= 15:00, mIs24HourFormat= true, am_pm= 
11-13 15:00:07.844  5141  5225 D DataFormatter: Normal bytes 1709
11-13 15:00:07.851   684 18124 I vendor.qti.bluetooth@1.0-ibs_handler: ProcessIbsCmd: Received IBS_SLEEP_IND: 0xFE
11-13 15:00:07.854  4701  4701 D ClockWeatherModel: dtctest:ClockWidgetReceiver action:android.intent.action.TIME_TICK
11-13 15:00:07.854  4701  4701 D ClockDataManager: dtctest:handleTimeTickBroadcast(),start
11-13 15:00:07.855  4701  4701 D ClockDateTime: dtctest:sourceTimezoneId = Asia/Shanghai;GMTTimezoneId = GMT+8:00
11-13 15:00:07.856  4701  4701 D ClockDateTime: dtctest:sourceTimezoneId = Asia/Hong_Kong;GMTTimezoneId = GMT+8:00
11-13 15:00:07.856  4701  4701 D ClockDateTime: dtctest:sourceTimezoneId = Asia/Hong_Kong;GMTTimezoneId = GMT+8:00
11-13 15:00:07.857  4701  4701 D ClockUIManager: dtctest:updateClockWidgetLight widgetIds = null,or length = 0,so return!
11-13 15:00:07.857  4701  4701 D ClockUIManager: dtctest:updateClockWidgetLightYing widgetIds = null,or length = 0,so return!
11-13 15:00:07.857  4701  4701 D ClockUIManager: dtctest:updateClockWidgetFor1821 start widgetIds.size =1
11-13 15:00:07.857  4701  4701 D ClockUIManager: dtctest:updateClockWidgetFor1821 widgetid is：3;
11-13 15:00:07.857  4701  4701 D ClockUIManager: dtctest:updateRootView:mClockStatusUI = 1
11-13 15:00:07.857  4701  4701 D ClockUIManager: dtctest:updateSimpleClockView LightYing：香港標準時間 15:00
11-13 15:00:07.858  4701  4701 D ClockDateTime: dtctest:sourceTimezoneId = Asia/Hong_Kong;GMTTimezoneId = GMT+8:00
11-13 15:00:07.858  4701  4701 I chatty  : uid=10138(com.vivo.doubletimezoneclock) identical 2 lines
11-13 15:00:07.858  4701  4701 D ClockDateTime: dtctest:sourceTimezoneId = Asia/Hong_Kong;GMTTimezoneId = GMT+8:00
11-13 15:00:07.858  4701  4701 D ClockUIManager: dtctest:updateHomeClockView LightYing：中國標準時間 15:00
11-13 15:00:07.858  4701  4701 D ClockDateTime: dtctest:sourceTimezoneId = Asia/Shanghai;GMTTimezoneId = GMT+8:00
11-13 15:00:07.858  4701  4701 D ClockDateTime: dtctest:sourceTimezoneId = Asia/Hong_Kong;GMTTimezoneId = GMT+8:00
11-13 15:00:07.858  4701  4701 D ClockUIManager: dtctest:updateRoamClockView LightYing：香港標準時間 15:00
11-13 15:00:07.859  4701  4701 D ClockDateTime: dtctest:sourceTimezoneId = Asia/Hong_Kong;GMTTimezoneId = GMT+8:00
11-13 15:00:07.859  4701  4701 D ClockDateTime: dtctest:sourceTimezoneId = Asia/Hong_Kong;GMTTimezoneId = GMT+8:00
11-13 15:00:07.859  4701  4701 D ClockUIManager: dtctest:setClockPendingIntent...start...
11-13 15:00:07.859  4701  4701 D ClockUIManager: dtctest:setClockPendingIntent...PendingIntent.getBroadcast,spendtime = 0
11-13 15:00:07.859  4701  4701 D ClockUIManager: dtctest:setClockPendingIntent...end...
11-13 15:00:07.859  4701  4701 D ClockWeatherMediator: dtctest:ClockWeatherMediator getInstance!=null
11-13 15:00:07.859  4701  4701 D ClockWeatherMediator: dtctest:7false
11-13 15:00:07.860  4701  4701 D DoubleTimezoneClock.updateWeatherWidget: dtctest:singleFrom=1 doubleLeftFrom=1 doubleRightFrom=0
11-13 15:00:07.861  4701  4701 D ClockUIManager: dtctest:updateClockWidgetFor1821 end....spendtime =  4
11-13 15:00:07.861  4701  4701 D ClockUIManager: dtctest:updateClockWidgetBrowser widgetIds = null,or length = 0,so return!
11-13 15:00:07.861  4701  4701 D ClockUIManager: dtctest:updateClockWidgetPureSearch widgetIds = null,or length = 0,so return!
11-13 15:00:07.869   697 28356 E sensors-hal: handle_sns_std_sensor_event:43, win_orient_sample: ts=5300868091777 ns; value = [-1.000000, 77.000000, 0.000000,0.000000]
11-13 15:00:07.870  1452  1510 V WindowOrientationListener: w_orient: framework Raw window_orientation data: x=-1.0, y=0.0, z=0.0
11-13 15:00:07.870  1452  1510 V WindowOrientationListener: w_orient: oldProposedRotation=-1 proposedRotation=-1
11-13 15:00:07.872 18601 18616 E BitmapFactory: Unable to decode stream: java.io.FileNotFoundException: /oem/etc/theme/icons/dynamic_icon/com.android.BBKClock/res/drawable-sw360dp-xxhdpi/clock_hour.png (No such file or directory)
11-13 15:00:07.873 18601 18616 E BitmapFactory: Unable to decode stream: java.io.FileNotFoundException: /oem/etc/theme/icons/dynamic_icon/com.android.BBKClock/res/drawable-sw360dp-xxhdpi/clock_minute.png (No such file or directory)
11-13 15:00:07.874 18601 18616 E BitmapFactory: Unable to decode stream: java.io.FileNotFoundException: /oem/etc/theme/icons/dynamic_icon/com.android.BBKClock/res/drawable-sw360dp-xxhdpi/clock_dial.png (No such file or directory)
11-13 15:00:07.875 18601 18616 E BitmapFactory: Unable to decode stream: java.io.FileNotFoundException: /oem/etc/theme/icons/dynamic_icon/com.android.BBKClock/res/drawable-sw360dp-xxhdpi/clock_dial_center.png (No such file or directory)
11-13 15:00:07.879 25633 25633 D SceneModel: onreceive intent:Intent { act=android.intent.action.TIME_TICK flg=0x50200014 (has extras) }
11-13 15:00:07.893   697  1812 E sensors-hal: handle_sns_std_sensor_event:86, proximity_b: ts = 5300963766985 ns; base = 5.000000 data = 112.000000 proximity 134.000000 
11-13 15:00:07.893   697 28341 E sensors-hal: handle_sns_client_event:57, light_optimize_event: ts=5300962261933, (20.000000, 112.000000, 2.000000), (5.000000, 0.000000, 0.000000)
11-13 15:00:07.893   697  1812 E sensors-hal: handle_sns_std_sensor_event:86, proximity_b: ts = 5300962261933 ns; base = 5.000000 data = 112.000000 proximity 134.000000 
11-13 15:00:07.893   697  1812 I sensors-hal: submit_sensors_hal_event:107, (tmd3702 Proximity_b Sensor Non-wakeup)dropping un-ordered ts samples _previous 5300963766985 and current ts 5300962261933
11-13 15:00:07.901 18601 18840 V getWidgetWeatherInfo: date = 20201113
11-13 15:00:07.927   697 28356 E sensors-hal: handle_sns_std_sensor_event:43, win_orient_sample: ts=5300918091777 ns; value = [-1.000000, 74.000000, 0.000000,0.000000]
11-13 15:00:07.928  1452  1510 V WindowOrientationListener: w_orient: framework Raw window_orientation data: x=-1.0, y=0.0, z=0.0
11-13 15:00:07.928  1452  1510 V WindowOrientationListener: w_orient: oldProposedRotation=-1 proposedRotation=-1
11-13 15:00:07.995   697 28341 I sensors-hal: submit_sensors_hal_event:107, (lit_up  Non-wakeup)dropping un-ordered ts samples _previous 5300962261933 and current ts 5300855591777
11-13 15:00:07.995   697  1812 E sensors-hal: handle_sns_std_sensor_event:86, proximity_b: ts = 5301065690266 ns; base = 5.000000 data = 108.000000 proximity 134.000000 
11-13 15:00:07.995   697 28341 E sensors-hal: handle_sns_client_event:57, light_optimize_event: ts=5300855591777, (20.000000, 187.000000, 2.000000), (5.000000, 0.000000, 0.000000)
11-13 15:00:08.008  4381  5050 V SingleDBHelper: ~~~~onOpen
11-13 15:00:08.019   735   735 I ConfigStore: android::hardware::configstore::V1_0::ISurfaceFlingerConfigs::hasHDRDisplay retrieved: 1
11-13 15:00:08.020   735   735 I chatty  : uid=1000(system) /system/bin/surfaceflinger identical 2 lines
11-13 15:00:08.021   735   735 I ConfigStore: android::hardware::configstore::V1_0::ISurfaceFlingerConfigs::hasHDRDisplay retrieved: 1
11-13 15:00:08.027 10415 10415 I ToolbarUIManager: ToolbarScreenEvent,reason: 1000
11-13 15:00:08.103   697 28362 E sensors-hal: handle_sns_client_event:44, amd_sample: ts=5301117670370 ns; value = [2.000000]
11-13 15:00:08.108   697  1775 I sensors-hal: batch:140, android.sensor.magnetic_field/3, period=20000000, max_latency=0
11-13 15:00:08.108   697  1775 I sensors-hal: batch:149, android.sensor.magnetic_field/3, period=20000000, max_latency=0 request completed
11-13 15:00:08.108   697  1775 I sensors-hal: activate:107, android.sensor.magnetic_field/3 en=1
11-13 15:00:08.109   697  1775 I sensors-hal: ssc_enable_rt_task:255, ssc_enable_rt_task : true
11-13 15:00:08.116   697  1775 I sensors-hal: activate:118, android.sensor.magnetic_field/3 en=1 completed
11-13 15:00:08.117   697 28370 I sensors-hal: handle_indication_realtime:352,  SCHED_FIFO(10) for qmi_cbk
11-13 15:00:08.118   697  1775 I sensors-hal: activate:107, android.sensor.amd/2 en=0
11-13 15:00:08.119   697  1775 I sensors-hal: activate:118, android.sensor.amd/2 en=0 completed
11-13 15:00:08.212  1452  1508 D BrightnessChangeTracker: msg - 5
11-13 15:00:08.212  1452  1508 D BrightnessChangeTracker: WMA = e0:13:b5:3a:11:95
11-13 15:00:08.212  1452  1508 D BrightnessChangeTracker: notifyWMAInternal mPrevWMA = e0:13:b5:3a:11:95, addr = e0:13:b5:3a:11:95
11-13 15:00:08.364   697  1775 I sensors-hal: activate:107, android.sensor.magnetic_field/3 en=0
11-13 15:00:08.364   697  1775 I sensors-hal: activate:118, android.sensor.magnetic_field/3 en=0 completed
11-13 15:00:08.462   684 18124 I vendor.qti.bluetooth@1.0-ibs_handler: ProcessIbsCmd: Received IBS_WAKE_IND: 0xFD
11-13 15:00:08.462   684 18124 I vendor.qti.bluetooth@1.0-ibs_handler: ProcessIbsCmd: Writing IBS_WAKE_ACK
11-13 15:00:08.481 15301 16306 I NearbyMessages: ReportRpcManager:  Skipping some call, returning cached messages for beacon IDs and URLs: {} [CONTEXT service_id=62 ]
11-13 15:00:08.504   684 18124 I vendor.qti.bluetooth@1.0-ibs_handler: ProcessIbsCmd: Received IBS_SLEEP_IND: 0xFE
11-13 15:00:08.596   684 18124 I vendor.qti.bluetooth@1.0-ibs_handler: ProcessIbsCmd: Received IBS_WAKE_IND: 0xFD
11-13 15:00:08.596   684 18124 I vendor.qti.bluetooth@1.0-ibs_handler: ProcessIbsCmd: Writing IBS_WAKE_ACK
11-13 15:00:08.637   684 18124 I vendor.qti.bluetooth@1.0-ibs_handler: ProcessIbsCmd: Received IBS_SLEEP_IND: 0xFE
11-13 15:00:08.716   684 18124 I vendor.qti.bluetooth@1.0-ibs_handler: ProcessIbsCmd: Received IBS_WAKE_IND: 0xFD
11-13 15:00:08.716   684 18124 I vendor.qti.bluetooth@1.0-ibs_handler: ProcessIbsCmd: Writing IBS_WAKE_ACK
11-13 15:00:08.757   684 18124 I vendor.qti.bluetooth@1.0-ibs_handler: ProcessIbsCmd: Received IBS_SLEEP_IND: 0xFE
11-13 15:00:08.792  1452  1925 D MemInfoPolicyHandler: doTaskOnce
11-13 15:00:08.805  1452  1925 D MemInfoPolicyHandler: current usage rate=44 riskThreshold=60
11-13 15:00:08.805  1452  1925 D MemInfoPolicyHandler: mem usage rate 44 is litter than riskThreshold 60
11-13 15:00:08.810   684 18127 I vendor.qti.bluetooth@1.0-ibs_handler: DeviceSleep: TX Awake, Sending SLEEP_IND
11-13 15:00:08.811   684 18127 D vendor.qti.bluetooth@1.0-ibs_handler: SerialClockVote: vote for UART CLK OFF
11-13 15:00:08.818   735   735 I SurfaceFlinger: FPS: 60
11-13 15:00:08.961   684 18119 D vendor.qti.bluetooth@1.0-wake_lock: Release wakelock is released 
11-13 15:00:08.978   684 18124 I vendor.qti.bluetooth@1.0-ibs_handler: ProcessIbsCmd: Received IBS_WAKE_IND: 0xFD
11-13 15:00:08.978   684 18124 D vendor.qti.bluetooth@1.0-ibs_handler: SerialClockVote: vote for UART CLK ON
11-13 15:00:08.979   684 18124 D vendor.qti.bluetooth@1.0-wake_lock: Acquire wakelock is acquired 
11-13 15:00:08.979   684 18124 I vendor.qti.bluetooth@1.0-ibs_handler: ProcessIbsCmd: Writing IBS_WAKE_ACK
11-13 15:00:09.020   684 18124 I vendor.qti.bluetooth@1.0-ibs_handler: ProcessIbsCmd: Received IBS_SLEEP_IND: 0xFE
11-13 15:00:09.020   684 18124 D vendor.qti.bluetooth@1.0-ibs_handler: SerialClockVote: vote for UART CLK OFF
11-13 15:00:09.035   735   735 I ConfigStore: android::hardware::configstore::V1_0::ISurfaceFlingerConfigs::hasHDRDisplay retrieved: 1
11-13 15:00:09.037   735   735 I chatty  : uid=1000(system) /system/bin/surfaceflinger identical 2 lines
11-13 15:00:09.037   735   735 I ConfigStore: android::hardware::configstore::V1_0::ISurfaceFlingerConfigs::hasHDRDisplay retrieved: 1
11-13 15:00:09.092   684 18124 I vendor.qti.bluetooth@1.0-ibs_handler: ProcessIbsCmd: Received IBS_WAKE_IND: 0xFD
11-13 15:00:09.092   684 18124 D vendor.qti.bluetooth@1.0-ibs_handler: SerialClockVote: vote for UART CLK ON
11-13 15:00:09.092   684 18124 I vendor.qti.bluetooth@1.0-ibs_handler: ProcessIbsCmd: Writing IBS_WAKE_ACK
11-13 15:00:09.127   697 28356 E sensors-hal: handle_sns_std_sensor_event:43, win_orient_sample: ts=5302118091777 ns; value = [0.000000, 58.000000, 347.000000,0.000000]
11-13 15:00:09.127   697 28356 E sensors-hal: handle_sns_std_sensor_event:43, win_orient_sample: ts=5302168091777 ns; value = [0.000000, 60.000000, 347.000000,0.000000]
11-13 15:00:09.127  1452  1510 V WindowOrientationListener: w_orient: framework Raw window_orientation data: x=0.0, y=0.0, z=0.0
11-13 15:00:09.128  1452  1510 V WindowOrientationListener: w_orient: oldProposedRotation=-1 proposedRotation=0
11-13 15:00:09.128  1452  1510 V WindowOrientationListener: Proposed rotation changed!  proposedRotation=0, oldProposedRotation=-1
11-13 15:00:09.128  1452  1510 V WindowOrientationListener: w_orient: framework Raw window_orientation data: x=0.0, y=0.0, z=0.0
11-13 15:00:09.128  1452  1510 V WindowOrientationListener: w_orient: oldProposedRotation=0 proposedRotation=0
